C:\Users\Bishwas\Documents\MCUXpressoIDE_11.5.0_7232\workspace\LPC55S69_Project_SCT_ADC_DMA\drivers/fsl_power.h:385:20:POWER_DisablePD	16	static
../board/clock_config.c:46:6:BOARD_InitBootClocks	8	static
../board/clock_config.c:73:6:BOARD_BootClockFRO12M	8	static
../board/clock_config.c:121:6:BOARD_BootClockFROHF96M	8	static
../board/clock_config.c:177:6:BOARD_BootClockPLL100M	40	static
../board/clock_config.c:257:6:BOARD_BootClockPLL150M	40	static
../board/clock_config.c:333:6:BOARD_BootClockPLL1_150M	40	static
