C:\Users\Bishwas\Documents\MCUXpressoIDE_11.5.0_7232\workspace\LPC55S69_Project_SCT_ADC_DMA\CMSIS/core_cm33.h:2127:22:__NVIC_EnableIRQ	16	static
C:\Users\Bishwas\Documents\MCUXpressoIDE_11.5.0_7232\workspace\LPC55S69_Project_SCT_ADC_DMA\CMSIS/core_cm33.h:2324:22:__NVIC_SetPriority	16	static
C:\Users\Bishwas\Documents\MCUXpressoIDE_11.5.0_7232\workspace\LPC55S69_Project_SCT_ADC_DMA\drivers/fsl_common_arm.h:499:24:EnableIRQ	24	static
C:\Users\Bishwas\Documents\MCUXpressoIDE_11.5.0_7232\workspace\LPC55S69_Project_SCT_ADC_DMA\drivers/fsl_dma.h:414:20:DMA_EnableChannel	16	static
C:\Users\Bishwas\Documents\MCUXpressoIDE_11.5.0_7232\workspace\LPC55S69_Project_SCT_ADC_DMA\drivers/fsl_dma.h:495:20:DMA_SetChannelPriority	24	static
C:\Users\Bishwas\Documents\MCUXpressoIDE_11.5.0_7232\workspace\LPC55S69_Project_SCT_ADC_DMA\drivers/fsl_lpadc.h:661:20:LPADC_EnableInterrupts	16	static
C:\Users\Bishwas\Documents\MCUXpressoIDE_11.5.0_7232\workspace\LPC55S69_Project_SCT_ADC_DMA\drivers/fsl_lpadc.h:689:20:LPADC_EnableFIFO0WatermarkDMA	16	static
C:\Users\Bishwas\Documents\MCUXpressoIDE_11.5.0_7232\workspace\LPC55S69_Project_SCT_ADC_DMA\drivers/fsl_sctimer.h:503:20:SCTIMER_StartTimer	16	static
C:\Users\Bishwas\Documents\MCUXpressoIDE_11.5.0_7232\workspace\LPC55S69_Project_SCT_ADC_DMA\drivers/fsl_sctimer.h:853:20:SCTIMER_SetupNextStateAction	32	static
C:\Users\Bishwas\Documents\MCUXpressoIDE_11.5.0_7232\workspace\LPC55S69_Project_SCT_ADC_DMA\drivers/fsl_sctimer.h:937:20:SCTIMER_SetupCounterLimitAction	24	static
C:\Users\Bishwas\Documents\MCUXpressoIDE_11.5.0_7232\workspace\LPC55S69_Project_SCT_ADC_DMA\drivers/fsl_sctimer.h:1091:20:SCTIMER_SetupDmaTriggerAction	24	static
../board/peripherals.c:134:13:DMA0_init	8	static
../board/peripherals.c:342:13:ADC0_init	8	static
../board/peripherals.c:585:13:SCT0_init	16	static
../board/peripherals.c:653:6:BOARD_InitPeripherals_cm33_core0	8	static
../board/peripherals.c:667:6:BOARD_InitBootPeripherals	8	static
