C:\Users\Bishwas\Documents\MCUXpressoIDE_11.5.0_7232\workspace\LPC55S69_Project_SCT_ADC_DMA\device/LPC55S69_cm33_core0.h:31212:24:Chip_GetVersion	16	static
C:\Users\Bishwas\Documents\MCUXpressoIDE_11.5.0_7232\workspace\LPC55S69_Project_SCT_ADC_DMA\drivers/fsl_clock.h:983:20:CLOCK_EnableClock	24	static
C:\Users\Bishwas\Documents\MCUXpressoIDE_11.5.0_7232\workspace\LPC55S69_Project_SCT_ADC_DMA\drivers/fsl_iocon.h:182:22:IOCON_PinMuxSet	24	static
../board/pin_mux.c:31:6:BOARD_InitBootPins	8	static
../board/pin_mux.c:59:6:BOARD_InitDEBUG_UARTPins	16	static
../board/pin_mux.c:118:6:BOARD_InitSWD_DEBUGPins	32	static
../board/pin_mux.c:251:6:BOARD_InitUSBPins	32	static
../board/pin_mux.c:355:6:BOARD_InitLEDsPins	32	static
../board/pin_mux.c:452:6:BOARD_InitBUTTONsPins	24	static
../board/pin_mux.c:543:6:BOARD_InitI2SPins	48	static
../board/pin_mux.c:709:6:BOARD_InitACCELPins	24	static
../board/pin_mux.c:795:6:BOARD_InitADC	32	static
../board/pin_mux.c:1091:6:BOARD_InitSCT	8	static
