Archive member included to satisfy reference by file (symbol)

c:/nxp/mcuxpressoide_11.5.0_7232/ide/plugins/com.nxp.mcuxpresso.tools.win32_11.5.0.202107051138/tools/bin/../lib/gcc/arm-none-eabi/10.3.1/../../../../arm-none-eabi/lib/thumb/v8-m.main+fp/hard\libcr_semihost_nf.a(_cr__main.o)
                              ./startup/startup_lpc55s69_cm33_core0.o (__main)
c:/nxp/mcuxpressoide_11.5.0_7232/ide/plugins/com.nxp.mcuxpresso.tools.win32_11.5.0.202107051138/tools/bin/../lib/gcc/arm-none-eabi/10.3.1/../../../../arm-none-eabi/lib/thumb/v8-m.main+fp/hard\libcr_semihost_nf.a(_cr_assert.o)
                              ./drivers/fsl_clock.o (__assertion_failed)
c:/nxp/mcuxpressoide_11.5.0_7232/ide/plugins/com.nxp.mcuxpresso.tools.win32_11.5.0.202107051138/tools/bin/../lib/gcc/arm-none-eabi/10.3.1/../../../../arm-none-eabi/lib/thumb/v8-m.main+fp/hard\libcr_semihost_nf.a(__ciob.o)
                              c:/nxp/mcuxpressoide_11.5.0_7232/ide/plugins/com.nxp.mcuxpresso.tools.win32_11.5.0.202107051138/tools/bin/../lib/gcc/arm-none-eabi/10.3.1/../../../../arm-none-eabi/lib/thumb/v8-m.main+fp/hard\libcr_semihost_nf.a(_cr_assert.o) (__Ciob)
c:/nxp/mcuxpressoide_11.5.0_7232/ide/plugins/com.nxp.mcuxpresso.tools.win32_11.5.0.202107051138/tools/bin/../lib/gcc/arm-none-eabi/10.3.1/../../../../arm-none-eabi/lib/thumb/v8-m.main+fp/hard\libcr_semihost_nf.a(__sys_appexit.o)
                              c:/nxp/mcuxpressoide_11.5.0_7232/ide/plugins/com.nxp.mcuxpresso.tools.win32_11.5.0.202107051138/tools/bin/../lib/gcc/arm-none-eabi/10.3.1/../../../../arm-none-eabi/lib/thumb/v8-m.main+fp/hard\libcr_semihost_nf.a(_cr_assert.o) (__sys_appexit)
c:/nxp/mcuxpressoide_11.5.0_7232/ide/plugins/com.nxp.mcuxpresso.tools.win32_11.5.0.202107051138/tools/bin/../lib/gcc/arm-none-eabi/10.3.1/../../../../arm-none-eabi/lib/thumb/v8-m.main+fp/hard\libcr_c.a(memcpy.o)
                              ./utilities/fsl_str.o (memcpy)
c:/nxp/mcuxpressoide_11.5.0_7232/ide/plugins/com.nxp.mcuxpresso.tools.win32_11.5.0.202107051138/tools/bin/../lib/gcc/arm-none-eabi/10.3.1/../../../../arm-none-eabi/lib/thumb/v8-m.main+fp/hard\libcr_c.a(memset.o)
                              ./drivers/fsl_clock.o (memset)
c:/nxp/mcuxpressoide_11.5.0_7232/ide/plugins/com.nxp.mcuxpresso.tools.win32_11.5.0.202107051138/tools/bin/../lib/gcc/arm-none-eabi/10.3.1/../../../../arm-none-eabi/lib/thumb/v8-m.main+fp/hard\libcr_c.a(_deferredlazyseek.o)
                              c:/nxp/mcuxpressoide_11.5.0_7232/ide/plugins/com.nxp.mcuxpresso.tools.win32_11.5.0.202107051138/tools/bin/../lib/gcc/arm-none-eabi/10.3.1/../../../../arm-none-eabi/lib/thumb/v8-m.main+fp/hard\libcr_semihost_nf.a(_cr_assert.o) (__flsbuf)
c:/nxp/mcuxpressoide_11.5.0_7232/ide/plugins/com.nxp.mcuxpresso.tools.win32_11.5.0.202107051138/tools/bin/../lib/gcc/arm-none-eabi/10.3.1/../../../../arm-none-eabi/lib/thumb/v8-m.main+fp/hard\libcr_c.a(_fflush.o)
                              c:/nxp/mcuxpressoide_11.5.0_7232/ide/plugins/com.nxp.mcuxpresso.tools.win32_11.5.0.202107051138/tools/bin/../lib/gcc/arm-none-eabi/10.3.1/../../../../arm-none-eabi/lib/thumb/v8-m.main+fp/hard\libcr_c.a(_deferredlazyseek.o) (_fflush)
c:/nxp/mcuxpressoide_11.5.0_7232/ide/plugins/com.nxp.mcuxpresso.tools.win32_11.5.0.202107051138/tools/bin/../lib/gcc/arm-none-eabi/10.3.1/../../../../arm-none-eabi/lib/thumb/v8-m.main+fp/hard\libcr_c.a(_writebuf.o)
                              c:/nxp/mcuxpressoide_11.5.0_7232/ide/plugins/com.nxp.mcuxpresso.tools.win32_11.5.0.202107051138/tools/bin/../lib/gcc/arm-none-eabi/10.3.1/../../../../arm-none-eabi/lib/thumb/v8-m.main+fp/hard\libcr_c.a(_deferredlazyseek.o) (_Cwritebuf)
c:/nxp/mcuxpressoide_11.5.0_7232/ide/plugins/com.nxp.mcuxpresso.tools.win32_11.5.0.202107051138/tools/bin/../lib/gcc/arm-none-eabi/10.3.1/../../../../arm-none-eabi/lib/thumb/v8-m.main+fp/hard\libcr_c.a(alloc.o)
                              ./drivers/fsl_common.o (malloc)
c:/nxp/mcuxpressoide_11.5.0_7232/ide/plugins/com.nxp.mcuxpresso.tools.win32_11.5.0.202107051138/tools/bin/../lib/gcc/arm-none-eabi/10.3.1/../../../../arm-none-eabi/lib/thumb/v8-m.main+fp/hard\libcr_c.a(errno.o)
                              ./utilities/fsl_str.o (errno)
c:/nxp/mcuxpressoide_11.5.0_7232/ide/plugins/com.nxp.mcuxpresso.tools.win32_11.5.0.202107051138/tools/bin/../lib/gcc/arm-none-eabi/10.3.1/../../../../arm-none-eabi/lib/thumb/v8-m.main+fp/hard\libcr_c.a(fputs.o)
                              c:/nxp/mcuxpressoide_11.5.0_7232/ide/plugins/com.nxp.mcuxpresso.tools.win32_11.5.0.202107051138/tools/bin/../lib/gcc/arm-none-eabi/10.3.1/../../../../arm-none-eabi/lib/thumb/v8-m.main+fp/hard\libcr_semihost_nf.a(_cr_assert.o) (fputs)
c:/nxp/mcuxpressoide_11.5.0_7232/ide/plugins/com.nxp.mcuxpresso.tools.win32_11.5.0.202107051138/tools/bin/../lib/gcc/arm-none-eabi/10.3.1/../../../../arm-none-eabi/lib/thumb/v8-m.main+fp/hard\libcr_c.a(fseek.o)
[...]
Memory Configuration

Name             Origin             Length             Attributes
PROGRAM_FLASH    0x00000000         0x0009d800         xr
SRAM             0x20000000         0x00040000         xrw
SRAMX            0x04000000         0x00008000         xrw
USB_RAM          0x40100000         0x00004000         xrw
SRAM4            0x20040000         0x00004000         xrw
*default*        0x00000000         0xffffffff

Linker script and memory map

LOAD ./utilities/fsl_debug_console.o
LOAD ./utilities/fsl_str.o
LOAD ./usb/host/usb_host_ohci.o
LOAD ./usb/device/source/lpcip3511/usb_device_lpcip3511.o
LOAD ./usb/device/source/usb_device_ch9.o
LOAD ./usb/device/source/usb_device_dci.o
LOAD ./usb/device/class/cdc/usb_device_cdc_acm.o
LOAD ./usb/device/class/usb_device_class.o
LOAD ./startup/boot_multicore_slave.o
LOAD ./startup/startup_lpc55s69_cm33_core0.o
LOAD ./source/generated/usb_device_composite.o
LOAD ./source/generated/usb_device_descriptor.o
LOAD ./source/LPC55S69_Project_SCT_ADC_DMA.o
LOAD ./source/semihost_hardfault.o
LOAD ./source/usb_device_interface_0_cic_vcom.o
LOAD ./drivers/fsl_clock.o
LOAD ./drivers/fsl_common.o
LOAD ./drivers/fsl_common_arm.o
LOAD ./drivers/fsl_dma.o
LOAD ./drivers/fsl_flexcomm.o
LOAD ./drivers/fsl_gpio.o
LOAD ./drivers/fsl_i2c.o
LOAD ./drivers/fsl_inputmux.o
LOAD ./drivers/fsl_lpadc.o
LOAD ./drivers/fsl_plu.o
LOAD ./drivers/fsl_power.o
LOAD ./drivers/fsl_reset.o
LOAD ./drivers/fsl_sctimer.o
LOAD ./drivers/fsl_usart.o
LOAD ./device/system_LPC55S69_cm33_core0.o
LOAD ./component/uart/fsl_adapter_usart.o
LOAD ./component/serial_manager/fsl_component_serial_manager.o
LOAD ./component/serial_manager/fsl_component_serial_port_uart.o
LOAD ./component/osa/fsl_os_abstraction_bm.o
LOAD ./component/lists/fsl_component_generic_list.o
LOAD ./board/board.o
LOAD ./board/clock_config.o
LOAD ./board/peripherals.o
LOAD ./board/pin_mux.o
START GROUP
LOAD c:/nxp/mcuxpressoide_11.5.0_7232/ide/plugins/com.nxp.mcuxpresso.tools.win32_11.5.0.202107051138/tools/bin/../lib/gcc/arm-none-eabi/10.3.1/../../../../arm-none-eabi/lib/thumb/v8-m.main+fp/hard\libcr_semihost_nf.a
LOAD c:/nxp/mcuxpressoide_11.5.0_7232/ide/plugins/com.nxp.mcuxpresso.tools.win32_11.5.0.202107051138/tools/bin/../lib/gcc/arm-none-eabi/10.3.1/../../../../arm-none-eabi/lib/thumb/v8-m.main+fp/hard\libcr_c.a
LOAD c:/nxp/mcuxpressoide_11.5.0_7232/ide/plugins/com.nxp.mcuxpresso.tools.win32_11.5.0.202107051138/tools/bin/../lib/gcc/arm-none-eabi/10.3.1/thumb/v8-m.main+fp/hard\libcr_eabihelpers.a
LOAD c:/nxp/mcuxpressoide_11.5.0_7232/ide/plugins/com.nxp.mcuxpresso.tools.win32_11.5.0.202107051138/tools/bin/../lib/gcc/arm-none-eabi/10.3.1/thumb/v8-m.main+fp/hard\libgcc.a
END GROUP
                0x00000000                __base_PROGRAM_FLASH = 0x0
                0x00000000                __base_Flash = 0x0
                0x0009d800                __top_PROGRAM_FLASH = 0x9d800
                0x0009d800                __top_Flash = 0x9d800
                0x20000000                __base_SRAM = 0x20000000
                0x20000000                __base_RAM = 0x20000000
                0x20040000                __top_SRAM = 0x20040000
                0x20040000                __top_RAM = 0x20040000
                0x04000000                __base_SRAMX = 0x4000000
                0x04000000                __base_RAM2 = 0x4000000
                0x04008000                __top_SRAMX = 0x4008000
                0x04008000                __top_RAM2 = 0x4008000
                0x40100000                __base_USB_RAM = 0x40100000
                0x40100000                __base_RAM3 = 0x40100000
                0x40104000                __top_USB_RAM = 0x40104000
                0x40104000                __top_RAM3 = 0x40104000
                0x20040000                __base_SRAM4 = 0x20040000
                0x20040000                __base_RAM4 = 0x20040000
                0x20044000                __top_SRAM4 = 0x20044000
                0x20044000                __top_RAM4 = 0x20044000

.text           0x00000000     0xae3c
 FILL mask 0xff
                0x00000000                __vectors_start__ = ABSOLUTE (.)
 *(SORT_BY_ALIGNMENT(.isr_vector))
 .isr_vector    0x00000000      0x130 ./startup/startup_lpc55s69_cm33_core0.o
                0x00000000                g_pfnVectors
                0x00000000                __Vectors
                0x00000130                . = ALIGN (0x4)
                0x00000130                __section_table_start = .
                0x00000130                __data_section_table = .
                0x00000130        0x4 LONG 0xae3c LOADADDR (.data)
                0x00000134        0x4 LONG 0x20000000 ADDR (.data)
                0x00000138        0x4 LONG 0x1e8 SIZEOF (.data)
                0x0000013c        0x4 LONG 0xae3c LOADADDR (.data_RAM2)
                0x00000140        0x4 LONG 0x4000000 ADDR (.data_RAM2)
                0x00000144        0x4 LONG 0x0 SIZEOF (.data_RAM2)
                0x00000148        0x4 LONG 0xae3c LOADADDR (.data_RAM3)
                0x0000014c        0x4 LONG 0x40103510 ADDR (.data_RAM3)
                0x00000150        0x4 LONG 0x0 SIZEOF (.data_RAM3)
                0x00000154        0x4 LONG 0xae3c LOADADDR (.data_RAM4)
                0x00000158        0x4 LONG 0x20040000 ADDR (.data_RAM4)
                0x0000015c        0x4 LONG 0x0 SIZEOF (.data_RAM4)
                0x00000160                __data_section_table_end = .
                0x00000160                __bss_section_table = .
                0x00000160        0x4 LONG 0x20000200 ADDR (.bss)
                0x00000164        0x4 LONG 0x7d4 SIZEOF (.bss)
                0x00000168        0x4 LONG 0x4000000 ADDR (.bss_RAM2)
                0x0000016c        0x4 LONG 0x0 SIZEOF (.bss_RAM2)
                0x00000170        0x4 LONG 0x40103510 ADDR (.bss_RAM3)
                0x00000174        0x4 LONG 0x0 SIZEOF (.bss_RAM3)
                0x00000178        0x4 LONG 0x20040000 ADDR (.bss_RAM4)
                0x0000017c        0x4 LONG 0x0 SIZEOF (.bss_RAM4)
                0x00000180                __bss_section_table_end = .
                0x00000180                __section_table_end = .
 *(SORT_BY_ALIGNMENT(.after_vectors*))
 .after_vectors.reset
                0x00000180       0x68 ./startup/startup_lpc55s69_cm33_core0.o
                0x00000180                ResetISR
 .after_vectors.init_data
                0x000001e8       0x1e ./startup/startup_lpc55s69_cm33_core0.o
                0x000001e8                data_init
 .after_vectors.init_bss
                0x00000206       0x12 ./startup/startup_lpc55s69_cm33_core0.o
                0x00000206                bss_init
 .after_vectors
                0x00000218       0x16 ./startup/startup_lpc55s69_cm33_core0.o
                0x00000218                NMI_Handler
                0x0000021c                MemManage_Handler
                0x0000021e                BusFault_Handler
                0x00000220                UsageFault_Handler
                0x00000222                SecureFault_Handler
                0x00000224                SVC_Handler
                0x00000226                DebugMon_Handler
                0x00000228                PendSV_Handler
                0x0000022a                SysTick_Handler
                0x0000022c                Reserved56_DriverIRQHandler
                0x0000022c                PIN_INT0_DriverIRQHandler
                0x0000022c                CTIMER2_DriverIRQHandler
                0x0000022c                SEC_VIO_DriverIRQHandler
                0x0000022c                IntDefaultHandler
                0x0000022c                USB0_DriverIRQHandler
                0x0000022c                CASER_DriverIRQHandler
                0x0000022c                MRT0_DriverIRQHandler
                0x0000022c                PIN_INT2_DriverIRQHandler
                0x0000022c                Reserved41_DriverIRQHandler
                0x0000022c                PIN_INT4_DriverIRQHandler
                0x0000022c                PIN_INT5_DriverIRQHandler
                0x0000022c                SEC_GPIO_INT0_IRQ0_DriverIRQHandler
                0x0000022c                CTIMER4_DriverIRQHandler
                0x0000022c                GINT1_DriverIRQHandler
                0x0000022c                PIN_INT7_DriverIRQHandler
                0x0000022c                Reserved55_DriverIRQHandler
                0x0000022c                UTICK0_DriverIRQHandler
                0x0000022c                USB0_NEEDCLK_DriverIRQHandler
                0x0000022c                CTIMER0_DriverIRQHandler
                0x0000022c                CTIMER1_DriverIRQHandler
                0x0000022c                PIN_INT3_DriverIRQHandler
                0x0000022c                PIN_INT6_DriverIRQHandler
                0x0000022c                PQ_DriverIRQHandler
                0x0000022c                MAILBOX_DriverIRQHandler
                0x0000022c                PIN_INT1_DriverIRQHandler
                0x0000022c                CTIMER3_DriverIRQHandler
                0x0000022c                Reserved61_DriverIRQHandler
                0x0000022c                SEC_GPIO_INT0_IRQ1_DriverIRQHandler
                0x0000022c                PUF_DriverIRQHandler
                0x0000022c                RTC_DriverIRQHandler
                0x0000022c                Reserved42_DriverIRQHandler
                0x0000022c                Reserved39_DriverIRQHandler
                0x0000022c                USB1_DriverIRQHandler
                0x0000022c                Reserved60_DriverIRQHandler
                0x0000022c                ADC0_DriverIRQHandler
                0x0000022c                USB1_NEEDCLK_DriverIRQHandler
                0x0000022c                Reserved59_DriverIRQHandler
                0x0000022c                SDIO_DriverIRQHandler
                0x0000022c                GINT0_DriverIRQHandler
                0x0000022c                USB1_PHY_DriverIRQHandler
                0x0000022c                ACMP_DriverIRQHandler
                0x0000022c                Reserved57_DriverIRQHandler
                0x0000022c                HASHCRYPT_DriverIRQHandler
                0x0000022c                Reserved46_DriverIRQHandler
                0x0000022c                WDT_BOD_DriverIRQHandler
                0x0000022c                PLU_DriverIRQHandler
                0x0000022c                OS_EVENT_DriverIRQHandler
                0x0000022c                SEC_HYPERVISOR_CALL_DriverIRQHandler
 *(SORT_BY_ALIGNMENT(.text*))
 *fill*         0x0000022e        0x2 ff
 .text.USB_DeviceLpcIp3511MallocMaxPacketBuffer
                0x00000230       0xf8 ./usb/device/source/lpcip3511/usb_device_lpcip3511.o
 .text.USB_DeviceLpcIp3511ReleaseMaxPacketBuffer
                0x00000328       0x9c ./usb/device/source/lpcip3511/usb_device_lpcip3511.o
 .text.USB_DeviceLpc3511IpSetDefaultState
                0x000003c4       0xd0 ./usb/device/source/lpcip3511/usb_device_lpcip3511.o
 .text.USB_DeviceLpc3511IpInit
                0x00000494       0xf0 ./usb/device/source/lpcip3511/usb_device_lpcip3511.o
                0x00000494                USB_DeviceLpc3511IpInit
 .text.USB_DeviceLpc3511IpDeinit
                0x00000584       0x8c ./usb/device/source/lpcip3511/usb_device_lpcip3511.o
                0x00000584                USB_DeviceLpc3511IpDeinit
 .text.USB_DeviceLpc3511IpControl
                0x00000610      0x250 ./usb/device/source/lpcip3511/usb_device_lpcip3511.o
                0x00000610                USB_DeviceLpc3511IpControl
 .text.USB_DeviceControlCallback
                0x00000860      0x3e4 ./usb/device/source/usb_device_ch9.o
 .text.USB_DeviceControlPipeInit
                0x00000c44       0x7c ./usb/device/source/usb_device_ch9.o
                0x00000c44                USB_DeviceControlPipeInit
 .text.USB_DeviceAllocateHandle
                0x00000cc0       0xc8 ./usb/device/source/usb_device_dci.o
 .text.USB_DeviceGetControllerInterface
                0x00000d88       0x48 ./usb/device/source/usb_device_dci.o
 .text.USB_DeviceGetStatus
                0x00000dd0       0xcc ./usb/device/source/usb_device_dci.o
                0x00000dd0                USB_DeviceGetStatus
 .text.USB_DeviceSetStatus
                0x00000e9c      0x118 ./usb/device/source/usb_device_dci.o
                0x00000e9c                USB_DeviceSetStatus
 .text.USB_DeviceCdcAcmAllocateHandle
                0x00000fb4       0x58 ./usb/device/class/cdc/usb_device_cdc_acm.o
 .text.USB_DeviceCdcAcmEndpointsInit
                0x0000100c      0x3b4 ./usb/device/class/cdc/usb_device_cdc_acm.o
 .text.USB_DeviceCdcAcmEvent
                0x000013c0      0x71c ./usb/device/class/cdc/usb_device_cdc_acm.o
                0x000013c0                USB_DeviceCdcAcmEvent
 .text.USB_DeviceClassAllocateHandle
                0x00001adc       0xcc ./usb/device/class/usb_device_class.o
 .text.USB_DeviceClassFreeHandle
                0x00001ba8       0x94 ./usb/device/class/usb_device_class.o
 .text.USB_DeviceClassGetHandleByDeviceHandle
                0x00001c3c       0x68 ./usb/device/class/usb_device_class.o
 .text.USB_DeviceClassGetDeviceHandle
                0x00001ca4       0x7c ./usb/device/class/usb_device_class.o
                0x00001ca4                USB_DeviceClassGetDeviceHandle
 .text.USB_DeviceClassEvent
                0x00001d20       0xdc ./usb/device/class/usb_device_class.o
                0x00001d20                USB_DeviceClassEvent
 .text.USB_DeviceClassInit
                0x00001dfc      0x118 ./usb/device/class/usb_device_class.o
                0x00001dfc                USB_DeviceClassInit
 .text.__NVIC_EnableIRQ
                0x00001f14       0x3c ./source/generated/usb_device_composite.o
 .text.__NVIC_SetPriority
                0x00001f50       0x54 ./source/generated/usb_device_composite.o
 .text.POWER_DisablePD
                0x00001fa4       0x20 ./source/generated/usb_device_composite.o
 .text.USB0_GetClockSource
                0x00001fc4       0x5c ./source/generated/usb_device_composite.o
 .text.USB0_IRQHandler
                0x00002020       0x18 ./source/generated/usb_device_composite.o
                0x00002020                USB0_IRQHandler
 .text.USB_DeviceClockInit
                0x00002038       0x84 ./source/generated/usb_device_composite.o
 .text.USB_DeviceCallback
                0x000020bc      0x1fc ./source/generated/usb_device_composite.o
 .text.USB_UpdateInterfaceSetting
                0x000022b8       0x68 ./source/generated/usb_device_composite.o
 .text.USB_DeviceApplicationInit
                0x00002320       0x78 ./source/generated/usb_device_composite.o
                0x00002320                USB_DeviceApplicationInit
 .text.USB_DeviceGetDeviceDescriptor
                0x00002398       0x28 ./source/generated/usb_device_descriptor.o
                0x00002398                USB_DeviceGetDeviceDescriptor
 .text.USB_DeviceGetConfigurationDescriptor
                0x000023c0       0x34 ./source/generated/usb_device_descriptor.o
                0x000023c0                USB_DeviceGetConfigurationDescriptor
 .text.USB_DeviceGetStringDescriptor
                0x000023f4       0xc0 ./source/generated/usb_device_descriptor.o
                0x000023f4                USB_DeviceGetStringDescriptor
 .text.POWER_DisablePD
                0x000024b4       0x20 ./source/LPC55S69_Project_SCT_ADC_DMA.o
 .text.DMA_callback_testf
                0x000024d4       0xdc ./source/LPC55S69_Project_SCT_ADC_DMA.o
                0x000024d4                DMA_callback_testf
 .text.ADC0_IRQHandler
                0x000025b0       0x2c ./source/LPC55S69_Project_SCT_ADC_DMA.o
                0x000025b0                ADC0_IRQHandler
 .text.main     0x000025dc       0x44 ./source/LPC55S69_Project_SCT_ADC_DMA.o
                0x000025dc                main
 .text.USB_DeviceInterface0CicVcomCallback
                0x00002620      0x36c ./source/usb_device_interface_0_cic_vcom.o
                0x00002620                USB_DeviceInterface0CicVcomCallback
 .text.USB_DeviceInterface0CicVcomSetConfiguration
                0x0000298c       0x34 ./source/usb_device_interface_0_cic_vcom.o
                0x0000298c                USB_DeviceInterface0CicVcomSetConfiguration
 .text.USB_DeviceInterface0CicVcomInit
                0x000029c0       0x30 ./source/usb_device_interface_0_cic_vcom.o
                0x000029c0                USB_DeviceInterface0CicVcomInit
 .text.POWER_EnablePD
                0x000029f0       0x20 ./drivers/fsl_clock.o
 .text.POWER_DisablePD
                0x00002a10       0x20 ./drivers/fsl_clock.o
 .text.CLOCK_AttachClk
                0x00002a30       0x98 ./drivers/fsl_clock.o
                0x00002a30                CLOCK_AttachClk
 .text.CLOCK_SetClkDiv
                0x00002ac8       0x80 ./drivers/fsl_clock.o
                0x00002ac8                CLOCK_SetClkDiv
 .text.CLOCK_SetupFROClocking
                0x00002b48       0x80 ./drivers/fsl_clock.o
                0x00002b48                CLOCK_SetupFROClocking
 .text.CLOCK_SetFLASHAccessCyclesForFreq
                0x00002bc8      0x148 ./drivers/fsl_clock.o
                0x00002bc8                CLOCK_SetFLASHAccessCyclesForFreq
 .text.CLOCK_SetupExtClocking
                0x00002d10       0x50 ./drivers/fsl_clock.o
                0x00002d10                CLOCK_SetupExtClocking
 .text.CLOCK_GetFro1MFreq
                0x00002d60       0x28 ./drivers/fsl_clock.o
                0x00002d60                CLOCK_GetFro1MFreq
 .text.CLOCK_GetExtClkFreq
                0x00002d88       0x2c ./drivers/fsl_clock.o
                0x00002d88                CLOCK_GetExtClkFreq
 .text.CLOCK_GetOsc32KFreq
                0x00002db4       0x58 ./drivers/fsl_clock.o
                0x00002db4                CLOCK_GetOsc32KFreq
 .text.CLOCK_GetPLL0InClockRate
                0x00002e0c       0x64 ./drivers/fsl_clock.o
                0x00002e0c                CLOCK_GetPLL0InClockRate
 .text.CLOCK_GetPLL1InClockRate
                0x00002e70       0x64 ./drivers/fsl_clock.o
                0x00002e70                CLOCK_GetPLL1InClockRate
 .text.CLOCK_SetPLL0Freq
                0x00002ed4      0x12c ./drivers/fsl_clock.o
                0x00002ed4                CLOCK_SetPLL0Freq
 .text.CLOCK_SetPLL1Freq
                0x00003000       0xec ./drivers/fsl_clock.o
                0x00003000                CLOCK_SetPLL1Freq
 .text.SDK_DelayAtLeastUs
                0x000030ec       0x8c ./drivers/fsl_common_arm.o
                0x000030ec                SDK_DelayAtLeastUs
 .text.__NVIC_EnableIRQ
                0x00003178       0x3c ./drivers/fsl_dma.o
 .text.DMA_EnableChannelInterrupts
                0x000031b4       0x58 ./drivers/fsl_dma.o
 .text.DMA_EnableChannel
                0x0000320c       0x58 ./drivers/fsl_dma.o
 .text.DMA_GetInstance
                0x00003264       0x4c ./drivers/fsl_dma.o
 .text.DMA_Init
                0x000032b0       0x68 ./drivers/fsl_dma.o
                0x000032b0                DMA_Init
 .text.DMA_CreateHandle
                0x00003318       0x88 ./drivers/fsl_dma.o
                0x00003318                DMA_CreateHandle
 .text.DMA_SetCallback
                0x000033a0       0x30 ./drivers/fsl_dma.o
                0x000033a0                DMA_SetCallback
 .text.DMA_SetChannelConfig
                0x000033d0       0x84 ./drivers/fsl_dma.o
                0x000033d0                DMA_SetChannelConfig
 .text.DMA_LoadChannelDescriptor
                0x00003454       0x84 ./drivers/fsl_dma.o
                0x00003454                DMA_LoadChannelDescriptor
 .text.DMA_SubmitChannelDescriptor
                0x000034d8       0x38 ./drivers/fsl_dma.o
                0x000034d8                DMA_SubmitChannelDescriptor
 .text.DMA_StartTransfer
                0x00003510       0x80 ./drivers/fsl_dma.o
                0x00003510                DMA_StartTransfer
 .text.DMA_IRQHandle
                0x00003590      0x168 ./drivers/fsl_dma.o
                0x00003590                DMA_IRQHandle
 .text.DMA0_DriverIRQHandler
                0x000036f8       0x14 ./drivers/fsl_dma.o
                0x000036f8                DMA0_DriverIRQHandler
 .text.DMA1_DriverIRQHandler
                0x0000370c       0x14 ./drivers/fsl_dma.o
                0x0000370c                DMA1_DriverIRQHandler
 .text.FLEXCOMM_GetInstance
                0x00003720       0x50 ./drivers/fsl_flexcomm.o
                0x00003720                FLEXCOMM_GetInstance
 .text.FLEXCOMM0_DriverIRQHandler
                0x00003770       0x5c ./drivers/fsl_flexcomm.o
                0x00003770                FLEXCOMM0_DriverIRQHandler
 .text.FLEXCOMM1_DriverIRQHandler
                0x000037cc       0x5c ./drivers/fsl_flexcomm.o
                0x000037cc                FLEXCOMM1_DriverIRQHandler
 .text.FLEXCOMM2_DriverIRQHandler
                0x00003828       0x5c ./drivers/fsl_flexcomm.o
                0x00003828                FLEXCOMM2_DriverIRQHandler
 .text.FLEXCOMM3_DriverIRQHandler
                0x00003884       0x5c ./drivers/fsl_flexcomm.o
                0x00003884                FLEXCOMM3_DriverIRQHandler
 .text.FLEXCOMM4_DriverIRQHandler
                0x000038e0       0x5c ./drivers/fsl_flexcomm.o
                0x000038e0                FLEXCOMM4_DriverIRQHandler
 .text.FLEXCOMM5_DriverIRQHandler
                0x0000393c       0x5c ./drivers/fsl_flexcomm.o
                0x0000393c                FLEXCOMM5_DriverIRQHandler
 .text.FLEXCOMM6_DriverIRQHandler
                0x00003998       0x5c ./drivers/fsl_flexcomm.o
                0x00003998                FLEXCOMM6_DriverIRQHandler
 .text.FLEXCOMM7_DriverIRQHandler
                0x000039f4       0x5c ./drivers/fsl_flexcomm.o
                0x000039f4                FLEXCOMM7_DriverIRQHandler
 .text.FLEXCOMM8_DriverIRQHandler
                0x00003a50       0x5c ./drivers/fsl_flexcomm.o
                0x00003a50                FLEXCOMM8_DriverIRQHandler
 .text.GPIO_EnablePortClock
                0x00003aac       0x34 ./drivers/fsl_gpio.o
 .text.LPADC_GetInstance
                0x00003ae0       0x44 ./drivers/fsl_lpadc.o
 .text.LPADC_Init
                0x00003b24      0x114 ./drivers/fsl_lpadc.o
                0x00003b24                LPADC_Init
 .text.LPADC_SetConvTriggerConfig
                0x00003c38       0x8c ./drivers/fsl_lpadc.o
                0x00003c38                LPADC_SetConvTriggerConfig
 .text.LPADC_SetConvCommandConfig
                0x00003cc4      0x110 ./drivers/fsl_lpadc.o
                0x00003cc4                LPADC_SetConvCommandConfig
 .text.LPADC_DoAutoCalibration
                0x00003dd4       0xec ./drivers/fsl_lpadc.o
                0x00003dd4                LPADC_DoAutoCalibration
 .text.PLU_GetInstance
                0x00003ec0       0x4c ./drivers/fsl_plu.o
 .text.PLU_Init
                0x00003f0c       0x34 ./drivers/fsl_plu.o
                0x00003f0c                PLU_Init
 .text.lowpower_set_system_voltage
                0x00003f40      0x154 ./drivers/fsl_power.o
 .text.lowpower_set_dcdc_power_profile
                0x00004094       0xec ./drivers/fsl_power.o
 .text.lowpower_get_part_process_corner
                0x00004180       0x94 ./drivers/fsl_power.o
 .text.POWER_SetVoltageForFreq
                0x00004214       0x50 ./drivers/fsl_power.o
                0x00004214                POWER_SetVoltageForFreq
 .text.RESET_SetPeripheralReset
                0x00004264       0x5c ./drivers/fsl_reset.o
                0x00004264                RESET_SetPeripheralReset
 .text.RESET_ClearPeripheralReset
                0x000042c0       0x60 ./drivers/fsl_reset.o
                0x000042c0                RESET_ClearPeripheralReset
 .text.SCTIMER_GetInstance
                0x00004320       0x4c ./drivers/fsl_sctimer.o
 .text.SCTIMER_Init
                0x0000436c      0x13c ./drivers/fsl_sctimer.o
                0x0000436c                SCTIMER_Init
 .text.SCTIMER_CreateAndScheduleEvent
                0x000044a8      0x20c ./drivers/fsl_sctimer.o
                0x000044a8                SCTIMER_CreateAndScheduleEvent
 .text.SCTIMER_IncreaseState
                0x000046b4       0x38 ./drivers/fsl_sctimer.o
                0x000046b4                SCTIMER_IncreaseState
 .text.SCTIMER_SetupOutputToggleAction
                0x000046ec       0x94 ./drivers/fsl_sctimer.o
                0x000046ec                SCTIMER_SetupOutputToggleAction
 .text.SCTIMER_EventHandleIRQ
                0x00004780       0x7c ./drivers/fsl_sctimer.o
                0x00004780                SCTIMER_EventHandleIRQ
 .text.SCT0_DriverIRQHandler
                0x000047fc       0x18 ./drivers/fsl_sctimer.o
                0x000047fc                SCT0_DriverIRQHandler
 .text.SystemInit
                0x00004814       0x64 ./device/system_LPC55S69_cm33_core0.o
                0x00004814                SystemInit
 .text.OSA_MutexCreate
                0x00004878       0x34 ./component/osa/fsl_os_abstraction_bm.o
                0x00004878                OSA_MutexCreate
 .text.OSA_MutexDestroy
                0x000048ac       0x30 ./component/osa/fsl_os_abstraction_bm.o
                0x000048ac                OSA_MutexDestroy
 .text.BOARD_InitDebugConsole
                0x000048dc       0x38 ./board/board.o
                0x000048dc                BOARD_InitDebugConsole
 .text.POWER_DisablePD
                0x00004914       0x20 ./board/clock_config.o
 .text.BOARD_BootClockPLL150M
                0x00004934      0x1a0 ./board/clock_config.o
                0x00004934                BOARD_BootClockPLL150M
 .text.__NVIC_EnableIRQ
                0x00004ad4       0x3c ./board/peripherals.o
 .text.__NVIC_SetPriority
                0x00004b10       0x54 ./board/peripherals.o
 .text.DMA_EnableChannel
                0x00004b64       0x58 ./board/peripherals.o
 .text.DMA_SetChannelPriority
                0x00004bbc       0x4c ./board/peripherals.o
 .text.SCTIMER_StartTimer
                0x00004c08       0xd4 ./board/peripherals.o
 .text.SCTIMER_SetupOutputSetAction
                0x00004cdc       0x44 ./board/peripherals.o
 .text.SCTIMER_SetupOutputClearAction
                0x00004d20       0x48 ./board/peripherals.o
 .text.SCTIMER_SetupCounterLimitAction
                0x00004d68       0xb8 ./board/peripherals.o
 .text.DMA0_init
                0x00004e20       0x60 ./board/peripherals.o
 .text.ADC0_init
                0x00004e80       0x74 ./board/peripherals.o
 .text.SCT0_init
                0x00004ef4      0x320 ./board/peripherals.o
 .text.PLU_init
                0x00005214       0x88 ./board/peripherals.o
 .text.BOARD_InitPeripherals_cm33_core0
                0x0000529c       0x28 ./board/peripherals.o
                0x0000529c                BOARD_InitPeripherals_cm33_core0
 .text.BOARD_InitDEBUG_UARTPins
                0x000052c4       0x3c ./board/pin_mux.o
                0x000052c4                BOARD_InitDEBUG_UARTPins
 .text.BOARD_InitUSBPins
                0x00005300       0x8c ./board/pin_mux.o
                0x00005300                BOARD_InitUSBPins
 .text.BOARD_InitADC
                0x0000538c      0x188 ./board/pin_mux.o
                0x0000538c                BOARD_InitADC
 .text.BOARD_InitSCT
                0x00005514       0x5c ./board/pin_mux.o
                0x00005514                BOARD_InitSCT
 .text.BOARD_InitDMA
                0x00005570       0x4c ./board/pin_mux.o
                0x00005570                BOARD_InitDMA
 .text.BOARD_InitCLKOUT
                0x000055bc       0x60 ./board/pin_mux.o
                0x000055bc                BOARD_InitCLKOUT
 .text.__assertion_failed
                0x0000561c       0x4c c:/nxp/mcuxpressoide_11.5.0_7232/ide/plugins/com.nxp.mcuxpresso.tools.win32_11.5.0.202107051138/tools/bin/../lib/gcc/arm-none-eabi/10.3.1/../../../../arm-none-eabi/lib/thumb/v8-m.main+fp/hard\libcr_semihost_nf.a(_cr_assert.o)
                0x0000561c                __assertion_failed
 .text.__sys_appexit
                0x00005668        0xc c:/nxp/mcuxpressoide_11.5.0_7232/ide/plugins/com.nxp.mcuxpresso.tools.win32_11.5.0.202107051138/tools/bin/../lib/gcc/arm-none-eabi/10.3.1/../../../../arm-none-eabi/lib/thumb/v8-m.main+fp/hard\libcr_semihost_nf.a(__sys_appexit.o)
                0x00005668                __sys_appexit
                0x00005668                __exit
 .text._Cwritebuf
                0x00005674       0x6c c:/nxp/mcuxpressoide_11.5.0_7232/ide/plugins/com.nxp.mcuxpresso.tools.win32_11.5.0.202107051138/tools/bin/../lib/gcc/arm-none-eabi/10.3.1/../../../../arm-none-eabi/lib/thumb/v8-m.main+fp/hard\libcr_c.a(_writebuf.o)
                0x00005674                _Cwritebuf
 .text.malloc   0x000056e0       0xc8 c:/nxp/mcuxpressoide_11.5.0_7232/ide/plugins/com.nxp.mcuxpresso.tools.win32_11.5.0.202107051138/tools/bin/../lib/gcc/arm-none-eabi/10.3.1/../../../../arm-none-eabi/lib/thumb/v8-m.main+fp/hard\libcr_c.a(alloc.o)
                0x000056e0                malloc
 .text._Csys_alloc
                0x000057a8       0x20 c:/nxp/mcuxpressoide_11.5.0_7232/ide/plugins/com.nxp.mcuxpresso.tools.win32_11.5.0.202107051138/tools/bin/../lib/gcc/arm-none-eabi/10.3.1/../../../../arm-none-eabi/lib/thumb/v8-m.main+fp/hard\libcr_c.a(alloc.o)
                0x000057a8                _Csys_alloc
 .text.fseek    0x000057c8       0xfc c:/nxp/mcuxpressoide_11.5.0_7232/ide/plugins/com.nxp.mcuxpresso.tools.win32_11.5.0.202107051138/tools/bin/../lib/gcc/arm-none-eabi/10.3.1/../../../../arm-none-eabi/lib/thumb/v8-m.main+fp/hard\libcr_c.a(fseek.o)
                0x000057c8                fseek
 .text.ftell    0x000058c4       0x44 c:/nxp/mcuxpressoide_11.5.0_7232/ide/plugins/com.nxp.mcuxpresso.tools.win32_11.5.0.202107051138/tools/bin/../lib/gcc/arm-none-eabi/10.3.1/../../../../arm-none-eabi/lib/thumb/v8-m.main+fp/hard\libcr_c.a(ftell.o)
                0x000058c4                ftell
 .text._initio  0x00005908       0x78 c:/nxp/mcuxpressoide_11.5.0_7232/ide/plugins/com.nxp.mcuxpresso.tools.win32_11.5.0.202107051138/tools/bin/../lib/gcc/arm-none-eabi/10.3.1/../../../../arm-none-eabi/lib/thumb/v8-m.main+fp/hard\libcr_c.a(initio.o)
                0x00005908                _initio
 .text.__vfprintf
                0x00005980      0xbf4 c:/nxp/mcuxpressoide_11.5.0_7232/ide/plugins/com.nxp.mcuxpresso.tools.win32_11.5.0.202107051138/tools/bin/../lib/gcc/arm-none-eabi/10.3.1/../../../../arm-none-eabi/lib/thumb/v8-m.main+fp/hard\libcr_c.a(printf.o)
                0x00005980                __vfprintf
 .text._vsnprintf
                0x00006574       0x68 c:/nxp/mcuxpressoide_11.5.0_7232/ide/plugins/com.nxp.mcuxpresso.tools.win32_11.5.0.202107051138/tools/bin/../lib/gcc/arm-none-eabi/10.3.1/../../../../arm-none-eabi/lib/thumb/v8-m.main+fp/hard\libcr_c.a(printf.o)
                0x00006574                _vsnprintf
 .text._printf  0x000065dc       0x54 c:/nxp/mcuxpressoide_11.5.0_7232/ide/plugins/com.nxp.mcuxpresso.tools.win32_11.5.0.202107051138/tools/bin/../lib/gcc/arm-none-eabi/10.3.1/../../../../arm-none-eabi/lib/thumb/v8-m.main+fp/hard\libcr_c.a(printf.o)
                0x000065dc                _printf
 .text._sbrk    0x00006630       0x3c c:/nxp/mcuxpressoide_11.5.0_7232/ide/plugins/com.nxp.mcuxpresso.tools.win32_11.5.0.202107051138/tools/bin/../lib/gcc/arm-none-eabi/10.3.1/../../../../arm-none-eabi/lib/thumb/v8-m.main+fp/hard\libcr_c.a(_cr_sbrk.o)
                0x00006630                _sbrk
 .text.fflush   0x0000666c       0x3c c:/nxp/mcuxpressoide_11.5.0_7232/ide/plugins/com.nxp.mcuxpresso.tools.win32_11.5.0.202107051138/tools/bin/../lib/gcc/arm-none-eabi/10.3.1/../../../../arm-none-eabi/lib/thumb/v8-m.main+fp/hard\libcr_c.a(fflush.o)
                0x0000666c                fflush
 .text.__check_heap_overflow
                0x000066a8       0x18 c:/nxp/mcuxpressoide_11.5.0_7232/ide/plugins/com.nxp.mcuxpresso.tools.win32_11.5.0.202107051138/tools/bin/../lib/gcc/arm-none-eabi/10.3.1/../../../../arm-none-eabi/lib/thumb/v8-m.main+fp/hard\libcr_c.a(_cr_check_heap.o)
                0x000066a8                __check_heap_overflow
 .text.USB_DeviceLpcIp3511MaxPacketNeedCopy
                0x000066c0       0x16 ./usb/device/source/lpcip3511/usb_device_lpcip3511.o
 .text.USB_DeviceLpc3511IpGetEndpointStateStruct
                0x000066d6       0x34 ./usb/device/source/lpcip3511/usb_device_lpcip3511.o
 .text.USB_DeviceLpc3511IpEndpointPrime
                0x0000670a      0x126 ./usb/device/source/lpcip3511/usb_device_lpcip3511.o
 .text.USB_DeviceLpc3511IpEndpointInit
                0x00006830      0x1b0 ./usb/device/source/lpcip3511/usb_device_lpcip3511.o
 .text.USB_DeviceLpc3511IpEndpointDeinit
                0x000069e0       0xb8 ./usb/device/source/lpcip3511/usb_device_lpcip3511.o
 .text.USB_DeviceLpc3511IpEndpointStall
                0x00006a98      0x118 ./usb/device/source/lpcip3511/usb_device_lpcip3511.o
 .text.USB_DeviceLpc3511IpEndpointUnstall
                0x00006bb0       0xe4 ./usb/device/source/lpcip3511/usb_device_lpcip3511.o
 .text.USB_DeviceLpc3511IpDoPreviousTransactionMemcpy
                0x00006c94       0x84 ./usb/device/source/lpcip3511/usb_device_lpcip3511.o
 .text.USB_DeviceLpc3511IpTokenUpdate
                0x00006d18       0xb6 ./usb/device/source/lpcip3511/usb_device_lpcip3511.o
 .text.USB_DeviceLpc3511IpInterruptToken
                0x00006dce      0x32c ./usb/device/source/lpcip3511/usb_device_lpcip3511.o
 .text.USB_DeviceLpc3511IpInterruptReset
                0x000070fa       0x42 ./usb/device/source/lpcip3511/usb_device_lpcip3511.o
 .text.USB_DeviceLpc3511IpGetActualBufferAndPrime
                0x0000713c      0x10e ./usb/device/source/lpcip3511/usb_device_lpcip3511.o
 .text.USB_DeviceLpc3511IpTransaction
                0x0000724a       0xfe ./usb/device/source/lpcip3511/usb_device_lpcip3511.o
 .text.USB_DeviceLpc3511IpSend
                0x00007348       0x76 ./usb/device/source/lpcip3511/usb_device_lpcip3511.o
                0x00007348                USB_DeviceLpc3511IpSend
 .text.USB_DeviceLpc3511IpRecv
                0x000073be       0x26 ./usb/device/source/lpcip3511/usb_device_lpcip3511.o
                0x000073be                USB_DeviceLpc3511IpRecv
 .text.USB_DeviceLpc3511IpCancel
                0x000073e4      0x316 ./usb/device/source/lpcip3511/usb_device_lpcip3511.o
                0x000073e4                USB_DeviceLpc3511IpCancel
 .text.USB_DeviceLpc3511IpControlPreSetDeviceAddress
                0x000076fa       0x58 ./usb/device/source/lpcip3511/usb_device_lpcip3511.o
 .text.USB_DeviceLpcIp3511IsrFunction
                0x00007752      0x158 ./usb/device/source/lpcip3511/usb_device_lpcip3511.o
                0x00007752                USB_DeviceLpcIp3511IsrFunction
 .text.USB_DeviceCh9GetStatus
                0x000078aa      0x10a ./usb/device/source/usb_device_ch9.o
 .text.USB_DeviceCh9SetClearFeature
                0x000079b4      0x10c ./usb/device/source/usb_device_ch9.o
 .text.USB_DeviceCh9SetAddress
                0x00007ac0       0xca ./usb/device/source/usb_device_ch9.o
 .text.USB_DeviceCh9GetDescriptor
                0x00007b8a      0x132 ./usb/device/source/usb_device_ch9.o
 .text.USB_DeviceCh9GetConfiguration
                0x00007cbc       0x8e ./usb/device/source/usb_device_ch9.o
 .text.USB_DeviceCh9SetConfiguration
                0x00007d4a       0xb6 ./usb/device/source/usb_device_ch9.o
 .text.USB_DeviceCh9GetInterface
                0x00007e00       0x9c ./usb/device/source/usb_device_ch9.o
 .text.USB_DeviceCh9SetInterface
                0x00007e9c       0x90 ./usb/device/source/usb_device_ch9.o
 .text.USB_DeviceCh9SynchFrame
                0x00007f2c       0x90 ./usb/device/source/usb_device_ch9.o
 .text.USB_DeviceControlCallbackFeedback
                0x00007fbc       0x96 ./usb/device/source/usb_device_ch9.o
 .text.USB_DeviceFreeHandle
                0x00008052       0x36 ./usb/device/source/usb_device_dci.o
 .text.USB_DeviceTransfer
                0x00008088      0x10e ./usb/device/source/usb_device_dci.o
 .text.USB_DeviceControl
                0x00008196       0x48 ./usb/device/source/usb_device_dci.o
 .text.USB_DeviceResetNotification
                0x000081de       0x98 ./usb/device/source/usb_device_dci.o
 .text.USB_DeviceNotification
                0x00008276      0x102 ./usb/device/source/usb_device_dci.o
 .text.USB_DeviceNotificationTrigger
                0x00008378       0x40 ./usb/device/source/usb_device_dci.o
                0x00008378                USB_DeviceNotificationTrigger
 .text.USB_DeviceInit
                0x000083b8      0x166 ./usb/device/source/usb_device_dci.o
                0x000083b8                USB_DeviceInit
 .text.USB_DeviceRun
                0x0000851e       0x1c ./usb/device/source/usb_device_dci.o
                0x0000851e                USB_DeviceRun
 .text.USB_DeviceDeinit
                0x0000853a       0x42 ./usb/device/source/usb_device_dci.o
                0x0000853a                USB_DeviceDeinit
 .text.USB_DeviceSendRequest
                0x0000857c       0x32 ./usb/device/source/usb_device_dci.o
                0x0000857c                USB_DeviceSendRequest
 .text.USB_DeviceRecvRequest
                0x000085ae       0x2c ./usb/device/source/usb_device_dci.o
                0x000085ae                USB_DeviceRecvRequest
 .text.USB_DeviceInitEndpoint
                0x000085da       0xbe ./usb/device/source/usb_device_dci.o
                0x000085da                USB_DeviceInitEndpoint
 .text.USB_DeviceDeinitEndpoint
                0x00008698       0xac ./usb/device/source/usb_device_dci.o
                0x00008698                USB_DeviceDeinitEndpoint
 .text.USB_DeviceStallEndpoint
                0x00008744       0x30 ./usb/device/source/usb_device_dci.o
                0x00008744                USB_DeviceStallEndpoint
 .text.USB_DeviceUnstallEndpoint
                0x00008774       0x30 ./usb/device/source/usb_device_dci.o
                0x00008774                USB_DeviceUnstallEndpoint
 .text.USB_DeviceCdcAcmFreeHandle
                0x000087a4       0x32 ./usb/device/class/cdc/usb_device_cdc_acm.o
 .text.USB_DeviceCdcAcmInterruptIn
                0x000087d6       0x54 ./usb/device/class/cdc/usb_device_cdc_acm.o
 .text.USB_DeviceCdcAcmBulkIn
                0x0000882a       0x54 ./usb/device/class/cdc/usb_device_cdc_acm.o
 .text.USB_DeviceCdcAcmBulkOut
                0x0000887e       0x54 ./usb/device/class/cdc/usb_device_cdc_acm.o
 .text.USB_DeviceCdcAcmEndpointsDeinit
                0x000088d2       0xae ./usb/device/class/cdc/usb_device_cdc_acm.o
 .text.USB_DeviceCdcAcmInit
                0x00008980       0xaa ./usb/device/class/cdc/usb_device_cdc_acm.o
                0x00008980                USB_DeviceCdcAcmInit
 .text.USB_DeviceCdcAcmDeinit
                0x00008a2a       0x4e ./usb/device/class/cdc/usb_device_cdc_acm.o
                0x00008a2a                USB_DeviceCdcAcmDeinit
 .text.USB_DeviceCdcAcmSend
                0x00008a78       0xa4 ./usb/device/class/cdc/usb_device_cdc_acm.o
                0x00008a78                USB_DeviceCdcAcmSend
 .text.USB_DeviceCdcAcmRecv
                0x00008b1c       0x78 ./usb/device/class/cdc/usb_device_cdc_acm.o
                0x00008b1c                USB_DeviceCdcAcmRecv
 .text.USB_DeviceClassCallback
                0x00008b94       0x5e ./usb/device/class/usb_device_class.o
                0x00008b94                USB_DeviceClassCallback
 .text.WDT_BOD_IRQHandler
                0x00008bf2        0x8 ./startup/startup_lpc55s69_cm33_core0.o
                0x00008bf2                WDT_BOD_IRQHandler
 .text.DMA0_IRQHandler
                0x00008bfa        0x8 ./startup/startup_lpc55s69_cm33_core0.o
                0x00008bfa                DMA0_IRQHandler
 .text.GINT0_IRQHandler
                0x00008c02        0x8 ./startup/startup_lpc55s69_cm33_core0.o
                0x00008c02                GINT0_IRQHandler
 .text.GINT1_IRQHandler
                0x00008c0a        0x8 ./startup/startup_lpc55s69_cm33_core0.o
                0x00008c0a                GINT1_IRQHandler
 .text.PIN_INT0_IRQHandler
                0x00008c12        0x8 ./startup/startup_lpc55s69_cm33_core0.o
                0x00008c12                PIN_INT0_IRQHandler
 .text.PIN_INT1_IRQHandler
                0x00008c1a        0x8 ./startup/startup_lpc55s69_cm33_core0.o
                0x00008c1a                PIN_INT1_IRQHandler
 .text.PIN_INT2_IRQHandler
                0x00008c22        0x8 ./startup/startup_lpc55s69_cm33_core0.o
                0x00008c22                PIN_INT2_IRQHandler
 .text.PIN_INT3_IRQHandler
                0x00008c2a        0x8 ./startup/startup_lpc55s69_cm33_core0.o
                0x00008c2a                PIN_INT3_IRQHandler
 .text.UTICK0_IRQHandler
                0x00008c32        0x8 ./startup/startup_lpc55s69_cm33_core0.o
                0x00008c32                UTICK0_IRQHandler
 .text.MRT0_IRQHandler
                0x00008c3a        0x8 ./startup/startup_lpc55s69_cm33_core0.o
                0x00008c3a                MRT0_IRQHandler
 .text.CTIMER0_IRQHandler
                0x00008c42        0x8 ./startup/startup_lpc55s69_cm33_core0.o
                0x00008c42                CTIMER0_IRQHandler
 .text.CTIMER1_IRQHandler
                0x00008c4a        0x8 ./startup/startup_lpc55s69_cm33_core0.o
                0x00008c4a                CTIMER1_IRQHandler
 .text.SCT0_IRQHandler
                0x00008c52        0x8 ./startup/startup_lpc55s69_cm33_core0.o
                0x00008c52                SCT0_IRQHandler
 .text.CTIMER3_IRQHandler
                0x00008c5a        0x8 ./startup/startup_lpc55s69_cm33_core0.o
                0x00008c5a                CTIMER3_IRQHandler
 .text.FLEXCOMM0_IRQHandler
                0x00008c62        0x8 ./startup/startup_lpc55s69_cm33_core0.o
                0x00008c62                FLEXCOMM0_IRQHandler
 .text.FLEXCOMM1_IRQHandler
                0x00008c6a        0x8 ./startup/startup_lpc55s69_cm33_core0.o
                0x00008c6a                FLEXCOMM1_IRQHandler
 .text.FLEXCOMM2_IRQHandler
                0x00008c72        0x8 ./startup/startup_lpc55s69_cm33_core0.o
                0x00008c72                FLEXCOMM2_IRQHandler
 .text.FLEXCOMM3_IRQHandler
                0x00008c7a        0x8 ./startup/startup_lpc55s69_cm33_core0.o
                0x00008c7a                FLEXCOMM3_IRQHandler
 .text.FLEXCOMM4_IRQHandler
                0x00008c82        0x8 ./startup/startup_lpc55s69_cm33_core0.o
                0x00008c82                FLEXCOMM4_IRQHandler
 .text.FLEXCOMM5_IRQHandler
                0x00008c8a        0x8 ./startup/startup_lpc55s69_cm33_core0.o
                0x00008c8a                FLEXCOMM5_IRQHandler
 .text.FLEXCOMM6_IRQHandler
                0x00008c92        0x8 ./startup/startup_lpc55s69_cm33_core0.o
                0x00008c92                FLEXCOMM6_IRQHandler
 .text.FLEXCOMM7_IRQHandler
                0x00008c9a        0x8 ./startup/startup_lpc55s69_cm33_core0.o
                0x00008c9a                FLEXCOMM7_IRQHandler
 .text.Reserved39_IRQHandler
                0x00008ca2        0x8 ./startup/startup_lpc55s69_cm33_core0.o
                0x00008ca2                Reserved39_IRQHandler
 .text.ACMP_IRQHandler
                0x00008caa        0x8 ./startup/startup_lpc55s69_cm33_core0.o
                0x00008caa                ACMP_IRQHandler
 .text.Reserved41_IRQHandler
                0x00008cb2        0x8 ./startup/startup_lpc55s69_cm33_core0.o
                0x00008cb2                Reserved41_IRQHandler
 .text.Reserved42_IRQHandler
                0x00008cba        0x8 ./startup/startup_lpc55s69_cm33_core0.o
                0x00008cba                Reserved42_IRQHandler
 .text.USB0_NEEDCLK_IRQHandler
                0x00008cc2        0x8 ./startup/startup_lpc55s69_cm33_core0.o
                0x00008cc2                USB0_NEEDCLK_IRQHandler
 .text.RTC_IRQHandler
                0x00008cca        0x8 ./startup/startup_lpc55s69_cm33_core0.o
                0x00008cca                RTC_IRQHandler
 .text.Reserved46_IRQHandler
                0x00008cd2        0x8 ./startup/startup_lpc55s69_cm33_core0.o
                0x00008cd2                Reserved46_IRQHandler
 .text.MAILBOX_IRQHandler
                0x00008cda        0x8 ./startup/startup_lpc55s69_cm33_core0.o
                0x00008cda                MAILBOX_IRQHandler
 .text.PIN_INT4_IRQHandler
                0x00008ce2        0x8 ./startup/startup_lpc55s69_cm33_core0.o
                0x00008ce2                PIN_INT4_IRQHandler
 .text.PIN_INT5_IRQHandler
                0x00008cea        0x8 ./startup/startup_lpc55s69_cm33_core0.o
                0x00008cea                PIN_INT5_IRQHandler
 .text.PIN_INT6_IRQHandler
                0x00008cf2        0x8 ./startup/startup_lpc55s69_cm33_core0.o
                0x00008cf2                PIN_INT6_IRQHandler
 .text.PIN_INT7_IRQHandler
                0x00008cfa        0x8 ./startup/startup_lpc55s69_cm33_core0.o
                0x00008cfa                PIN_INT7_IRQHandler
 .text.CTIMER2_IRQHandler
                0x00008d02        0x8 ./startup/startup_lpc55s69_cm33_core0.o
                0x00008d02                CTIMER2_IRQHandler
 .text.CTIMER4_IRQHandler
                0x00008d0a        0x8 ./startup/startup_lpc55s69_cm33_core0.o
                0x00008d0a                CTIMER4_IRQHandler
 .text.OS_EVENT_IRQHandler
                0x00008d12        0x8 ./startup/startup_lpc55s69_cm33_core0.o
                0x00008d12                OS_EVENT_IRQHandler
 .text.Reserved55_IRQHandler
                0x00008d1a        0x8 ./startup/startup_lpc55s69_cm33_core0.o
                0x00008d1a                Reserved55_IRQHandler
 .text.Reserved56_IRQHandler
                0x00008d22        0x8 ./startup/startup_lpc55s69_cm33_core0.o
                0x00008d22                Reserved56_IRQHandler
 .text.Reserved57_IRQHandler
                0x00008d2a        0x8 ./startup/startup_lpc55s69_cm33_core0.o
                0x00008d2a                Reserved57_IRQHandler
 .text.SDIO_IRQHandler
                0x00008d32        0x8 ./startup/startup_lpc55s69_cm33_core0.o
                0x00008d32                SDIO_IRQHandler
 .text.Reserved59_IRQHandler
                0x00008d3a        0x8 ./startup/startup_lpc55s69_cm33_core0.o
                0x00008d3a                Reserved59_IRQHandler
 .text.Reserved60_IRQHandler
                0x00008d42        0x8 ./startup/startup_lpc55s69_cm33_core0.o
                0x00008d42                Reserved60_IRQHandler
 .text.Reserved61_IRQHandler
                0x00008d4a        0x8 ./startup/startup_lpc55s69_cm33_core0.o
                0x00008d4a                Reserved61_IRQHandler
 .text.USB1_PHY_IRQHandler
                0x00008d52        0x8 ./startup/startup_lpc55s69_cm33_core0.o
                0x00008d52                USB1_PHY_IRQHandler
 .text.USB1_IRQHandler
                0x00008d5a        0x8 ./startup/startup_lpc55s69_cm33_core0.o
                0x00008d5a                USB1_IRQHandler
 .text.USB1_NEEDCLK_IRQHandler
                0x00008d62        0x8 ./startup/startup_lpc55s69_cm33_core0.o
                0x00008d62                USB1_NEEDCLK_IRQHandler
 .text.SEC_HYPERVISOR_CALL_IRQHandler
                0x00008d6a        0x8 ./startup/startup_lpc55s69_cm33_core0.o
                0x00008d6a                SEC_HYPERVISOR_CALL_IRQHandler
 .text.SEC_GPIO_INT0_IRQ0_IRQHandler
                0x00008d72        0x8 ./startup/startup_lpc55s69_cm33_core0.o
                0x00008d72                SEC_GPIO_INT0_IRQ0_IRQHandler
 .text.SEC_GPIO_INT0_IRQ1_IRQHandler
                0x00008d7a        0x8 ./startup/startup_lpc55s69_cm33_core0.o
                0x00008d7a                SEC_GPIO_INT0_IRQ1_IRQHandler
 .text.PLU_IRQHandler
                0x00008d82        0x8 ./startup/startup_lpc55s69_cm33_core0.o
                0x00008d82                PLU_IRQHandler
 .text.SEC_VIO_IRQHandler
                0x00008d8a        0x8 ./startup/startup_lpc55s69_cm33_core0.o
                0x00008d8a                SEC_VIO_IRQHandler
 .text.HASHCRYPT_IRQHandler
                0x00008d92        0x8 ./startup/startup_lpc55s69_cm33_core0.o
                0x00008d92                HASHCRYPT_IRQHandler
 .text.CASER_IRQHandler
                0x00008d9a        0x8 ./startup/startup_lpc55s69_cm33_core0.o
                0x00008d9a                CASER_IRQHandler
 .text.PUF_IRQHandler
                0x00008da2        0x8 ./startup/startup_lpc55s69_cm33_core0.o
                0x00008da2                PUF_IRQHandler
 .text.PQ_IRQHandler
                0x00008daa        0x8 ./startup/startup_lpc55s69_cm33_core0.o
                0x00008daa                PQ_IRQHandler
 .text.DMA1_IRQHandler
                0x00008db2        0x8 ./startup/startup_lpc55s69_cm33_core0.o
                0x00008db2                DMA1_IRQHandler
 .text.FLEXCOMM8_IRQHandler
                0x00008dba        0x8 ./startup/startup_lpc55s69_cm33_core0.o
                0x00008dba                FLEXCOMM8_IRQHandler
 .text.CLOCK_EnableClock
                0x00008dc2       0x30 ./source/generated/usb_device_composite.o
 .text.CLOCK_DisableClock
                0x00008df2       0x30 ./source/generated/usb_device_composite.o
 .text.EnableIRQ
                0x00008e22       0x32 ./source/generated/usb_device_composite.o
 .text.USB_DeviceIsrEnable
                0x00008e54       0x2c ./source/generated/usb_device_composite.o
                0x00008e54                USB_DeviceIsrEnable
 .text.HardFault_Handler
                0x00008e80       0x2c ./source/semihost_hardfault.o
                0x00008e80                HardFault_Handler
 .text.USB_DeviceInterface0CicVcomSetInterface
                0x00008eac       0x1a ./source/usb_device_interface_0_cic_vcom.o
                0x00008eac                USB_DeviceInterface0CicVcomSetInterface
 .text.USB_DeviceInterface1DicVcomSetInterface
                0x00008ec6       0x1a ./source/usb_device_interface_0_cic_vcom.o
                0x00008ec6                USB_DeviceInterface1DicVcomSetInterface
 .text.CLOCK_IsPLL0Locked
                0x00008ee0       0x24 ./drivers/fsl_clock.o
 .text.CLOCK_IsPLL1Locked
                0x00008f04       0x24 ./drivers/fsl_clock.o
 .text.findPll0PreDiv
                0x00008f28       0x3e ./drivers/fsl_clock.o
 .text.findPll1PreDiv
                0x00008f66       0x3e ./drivers/fsl_clock.o
 .text.DelayLoop
                0x00008fa4       0x20 ./drivers/fsl_common_arm.o
 .text.CLOCK_EnableClock
                0x00008fc4       0x30 ./drivers/fsl_dma.o
 .text.EnableIRQ
                0x00008ff4       0x32 ./drivers/fsl_dma.o
 .text.DMA_GetVirtualStartChannel
                0x00009026       0x40 ./drivers/fsl_dma.o
 .text.CLOCK_EnableClock
                0x00009066       0x30 ./drivers/fsl_gpio.o
 .text.GPIO_PinInit
                0x00009096       0xa4 ./drivers/fsl_gpio.o
                0x00009096                GPIO_PinInit
 .text.INPUTMUX_AttachSignal
                0x0000913a       0x38 ./drivers/fsl_inputmux.o
                0x0000913a                INPUTMUX_AttachSignal
 .text.CLOCK_EnableClock
                0x00009172       0x30 ./drivers/fsl_lpadc.o
 .text.LPADC_Enable
                0x000091a2       0x38 ./drivers/fsl_lpadc.o
 .text.LPADC_DoResetFIFO0
                0x000091da       0x20 ./drivers/fsl_lpadc.o
 .text.LPADC_DoResetFIFO1
                0x000091fa       0x20 ./drivers/fsl_lpadc.o
 .text.LPADC_DoResetConfig
                0x0000921a       0x2c ./drivers/fsl_lpadc.o
 .text.LPADC_GetConvResultCount
                0x00009246       0x26 ./drivers/fsl_lpadc.o
 .text.CLOCK_EnableClock
                0x0000926c       0x30 ./drivers/fsl_plu.o
 .text.lowpower_set_voltage_for_process
                0x0000929c       0xaa ./drivers/fsl_power.o
 .text.RESET_PeripheralReset
                0x00009346       0x1c ./drivers/fsl_reset.o
                0x00009346                RESET_PeripheralReset
 .text.CLOCK_EnableClock
                0x00009362       0x30 ./drivers/fsl_sctimer.o
 .text.SystemInitHook
                0x00009392        0xe ./device/system_LPC55S69_cm33_core0.o
                0x00009392                SystemInitHook
 .text.DisableGlobalIRQ
                0x000093a0       0x22 ./component/osa/fsl_os_abstraction_bm.o
 .text.EnableGlobalIRQ
                0x000093c2       0x20 ./component/osa/fsl_os_abstraction_bm.o
 .text.OSA_EnterCritical
                0x000093e2       0x1a ./component/osa/fsl_os_abstraction_bm.o
                0x000093e2                OSA_EnterCritical
 .text.OSA_ExitCritical
                0x000093fc       0x16 ./component/osa/fsl_os_abstraction_bm.o
                0x000093fc                OSA_ExitCritical
 .text.DbgConsole_Init
                0x00009412       0x20 ./board/board.o
 .text.BOARD_InitBootClocks
                0x00009432        0xc ./board/clock_config.o
                0x00009432                BOARD_InitBootClocks
 .text.EnableIRQ
                0x0000943e       0x32 ./board/peripherals.o
 .text.LPADC_EnableInterrupts
                0x00009470       0x22 ./board/peripherals.o
 .text.LPADC_EnableFIFO0WatermarkDMA
                0x00009492       0x38 ./board/peripherals.o
 .text.SCTIMER_SetupNextStateAction
                0x000094ca       0x4e ./board/peripherals.o
 .text.SCTIMER_SetupDmaTriggerAction
                0x00009518       0x44 ./board/peripherals.o
 .text.USB0_init
                0x0000955c        0xc ./board/peripherals.o
 .text.BOARD_InitBootPeripherals
                0x00009568        0xc ./board/peripherals.o
                0x00009568                BOARD_InitBootPeripherals
 .text.Chip_GetVersion
                0x00009574       0x36 ./board/pin_mux.o
 .text.CLOCK_EnableClock
                0x000095aa       0x30 ./board/pin_mux.o
 .text.IOCON_PinMuxSet
                0x000095da       0x2e ./board/pin_mux.o
 .text.BOARD_InitBootPins
                0x00009608       0x20 ./board/pin_mux.o
                0x00009608                BOARD_InitBootPins
 .text.__main   0x00009628        0xe c:/nxp/mcuxpressoide_11.5.0_7232/ide/plugins/com.nxp.mcuxpresso.tools.win32_11.5.0.202107051138/tools/bin/../lib/gcc/arm-none-eabi/10.3.1/../../../../arm-none-eabi/lib/thumb/v8-m.main+fp/hard\libcr_semihost_nf.a(_cr__main.o)
                0x00009628                __CR_SEMIHOST
                0x00009628                __main
 .text.memcpy   0x00009636        0x4 c:/nxp/mcuxpressoide_11.5.0_7232/ide/plugins/com.nxp.mcuxpresso.tools.win32_11.5.0.202107051138/tools/bin/../lib/gcc/arm-none-eabi/10.3.1/../../../../arm-none-eabi/lib/thumb/v8-m.main+fp/hard\libcr_c.a(memcpy.o)
                0x00009636                memcpy
 .text.memset   0x0000963a        0x4 c:/nxp/mcuxpressoide_11.5.0_7232/ide/plugins/com.nxp.mcuxpresso.tools.win32_11.5.0.202107051138/tools/bin/../lib/gcc/arm-none-eabi/10.3.1/../../../../arm-none-eabi/lib/thumb/v8-m.main+fp/hard\libcr_c.a(memset.o)
                0x0000963a                memset
 .text._deferredlazyseek
                0x0000963e       0x40 c:/nxp/mcuxpressoide_11.5.0_7232/ide/plugins/com.nxp.mcuxpresso.tools.win32_11.5.0.202107051138/tools/bin/../lib/gcc/arm-none-eabi/10.3.1/../../../../arm-none-eabi/lib/thumb/v8-m.main+fp/hard\libcr_c.a(_deferredlazyseek.o)
                0x0000963e                _deferredlazyseek
 .text.__flsbuf
                0x0000967e      0x140 c:/nxp/mcuxpressoide_11.5.0_7232/ide/plugins/com.nxp.mcuxpresso.tools.win32_11.5.0.202107051138/tools/bin/../lib/gcc/arm-none-eabi/10.3.1/../../../../arm-none-eabi/lib/thumb/v8-m.main+fp/hard\libcr_c.a(_deferredlazyseek.o)
                0x0000967e                __flsbuf
 .text._fflush  0x000097be       0x52 c:/nxp/mcuxpressoide_11.5.0_7232/ide/plugins/com.nxp.mcuxpresso.tools.win32_11.5.0.202107051138/tools/bin/../lib/gcc/arm-none-eabi/10.3.1/../../../../arm-none-eabi/lib/thumb/v8-m.main+fp/hard\libcr_c.a(_fflush.o)
                0x000097be                _fflush
 .text.free     0x00009810       0x30 c:/nxp/mcuxpressoide_11.5.0_7232/ide/plugins/com.nxp.mcuxpresso.tools.win32_11.5.0.202107051138/tools/bin/../lib/gcc/arm-none-eabi/10.3.1/../../../../arm-none-eabi/lib/thumb/v8-m.main+fp/hard\libcr_c.a(alloc.o)
                0x00009810                free
 .text.fputs    0x00009840       0x2c c:/nxp/mcuxpressoide_11.5.0_7232/ide/plugins/com.nxp.mcuxpresso.tools.win32_11.5.0.202107051138/tools/bin/../lib/gcc/arm-none-eabi/10.3.1/../../../../arm-none-eabi/lib/thumb/v8-m.main+fp/hard\libcr_c.a(fputs.o)
                0x00009840                fputs
 .text.no_fp_display
                0x0000986c        0x4 c:/nxp/mcuxpressoide_11.5.0_7232/ide/plugins/com.nxp.mcuxpresso.tools.win32_11.5.0.202107051138/tools/bin/../lib/gcc/arm-none-eabi/10.3.1/../../../../arm-none-eabi/lib/thumb/v8-m.main+fp/hard\libcr_c.a(printf.o)
 .text.setvbuf  0x00009870       0x3e c:/nxp/mcuxpressoide_11.5.0_7232/ide/plugins/com.nxp.mcuxpresso.tools.win32_11.5.0.202107051138/tools/bin/../lib/gcc/arm-none-eabi/10.3.1/../../../../arm-none-eabi/lib/thumb/v8-m.main+fp/hard\libcr_c.a(setvbuf.o)
                0x00009870                setvbuf
 .text.strlen   0x000098ae       0x48 c:/nxp/mcuxpressoide_11.5.0_7232/ide/plugins/com.nxp.mcuxpresso.tools.win32_11.5.0.202107051138/tools/bin/../lib/gcc/arm-none-eabi/10.3.1/../../../../arm-none-eabi/lib/thumb/v8-m.main+fp/hard\libcr_c.a(strlen.o)
                0x000098ae                strlen
 .text._fdopen  0x000098f6       0x68 c:/nxp/mcuxpressoide_11.5.0_7232/ide/plugins/com.nxp.mcuxpresso.tools.win32_11.5.0.202107051138/tools/bin/../lib/gcc/arm-none-eabi/10.3.1/../../../../arm-none-eabi/lib/thumb/v8-m.main+fp/hard\libcr_c.a(_fdopen.o)
                0x000098f6                _fdopen
 .text.fclose   0x0000995e       0x58 c:/nxp/mcuxpressoide_11.5.0_7232/ide/plugins/com.nxp.mcuxpresso.tools.win32_11.5.0.202107051138/tools/bin/../lib/gcc/arm-none-eabi/10.3.1/../../../../arm-none-eabi/lib/thumb/v8-m.main+fp/hard\libcr_c.a(fclose.o)
                0x0000995e                fclose
 .text.remove   0x000099b6       0x14 c:/nxp/mcuxpressoide_11.5.0_7232/ide/plugins/com.nxp.mcuxpresso.tools.win32_11.5.0.202107051138/tools/bin/../lib/gcc/arm-none-eabi/10.3.1/../../../../arm-none-eabi/lib/thumb/v8-m.main+fp/hard\libcr_c.a(remove.o)
                0x000099b6                remove
 .text._do_fflush
                0x000099ca       0x40 c:/nxp/mcuxpressoide_11.5.0_7232/ide/plugins/com.nxp.mcuxpresso.tools.win32_11.5.0.202107051138/tools/bin/../lib/gcc/arm-none-eabi/10.3.1/../../../../arm-none-eabi/lib/thumb/v8-m.main+fp/hard\libcr_c.a(_do_fflush.o)
                0x000099ca                _do_fflush
 .text.__aeabi_division_uldivmod
                0x00009a0a      0x174 c:/nxp/mcuxpressoide_11.5.0_7232/ide/plugins/com.nxp.mcuxpresso.tools.win32_11.5.0.202107051138/tools/bin/../lib/gcc/arm-none-eabi/10.3.1/thumb/v8-m.main+fp/hard\libcr_eabihelpers.a(division_64.o)
                0x00009a0a                __aeabi_uldivmod
                0x00009a0e                __bhs_ldivmod1
 .text.__aeabi_division_idiv0
                0x00009b7e        0x2 c:/nxp/mcuxpressoide_11.5.0_7232/ide/plugins/com.nxp.mcuxpresso.tools.win32_11.5.0.202107051138/tools/bin/../lib/gcc/arm-none-eabi/10.3.1/thumb/v8-m.main+fp/hard\libcr_eabihelpers.a(division_idiv0.o)
                0x00009b7e                __aeabi_idiv0
 .text.__aeabi_memcpy
                0x00009b80       0x34 c:/nxp/mcuxpressoide_11.5.0_7232/ide/plugins/com.nxp.mcuxpresso.tools.win32_11.5.0.202107051138/tools/bin/../lib/gcc/arm-none-eabi/10.3.1/thumb/v8-m.main+fp/hard\libcr_eabihelpers.a(memcpy.o)
                0x00009b80                __aeabi_memcpy
                0x00009b8a                __aeabi_memcpy8
                0x00009b8a                __aeabi_memcpy4
 .text.__aeabi_memset_lowlevel
                0x00009bb4       0x32 c:/nxp/mcuxpressoide_11.5.0_7232/ide/plugins/com.nxp.mcuxpresso.tools.win32_11.5.0.202107051138/tools/bin/../lib/gcc/arm-none-eabi/10.3.1/thumb/v8-m.main+fp/hard\libcr_eabihelpers.a(memcpy.o)
                0x00009bb4                __aeabi_lowlevel_memset
 .text.__sys_close
                0x00009be6        0xc c:/nxp/mcuxpressoide_11.5.0_7232/ide/plugins/com.nxp.mcuxpresso.tools.win32_11.5.0.202107051138/tools/bin/../lib/gcc/arm-none-eabi/10.3.1/../../../../arm-none-eabi/lib/thumb/v8-m.main+fp/hard\libcr_semihost_nf.a(__sys_close.o)
                0x00009be6                __sys_close
 .text.__sys_flen
                0x00009bf2        0xc c:/nxp/mcuxpressoide_11.5.0_7232/ide/plugins/com.nxp.mcuxpresso.tools.win32_11.5.0.202107051138/tools/bin/../lib/gcc/arm-none-eabi/10.3.1/../../../../arm-none-eabi/lib/thumb/v8-m.main+fp/hard\libcr_semihost_nf.a(__sys_flen.o)
                0x00009bf2                __sys_flen
 .text.__sys_istty
                0x00009bfe        0xc c:/nxp/mcuxpressoide_11.5.0_7232/ide/plugins/com.nxp.mcuxpresso.tools.win32_11.5.0.202107051138/tools/bin/../lib/gcc/arm-none-eabi/10.3.1/../../../../arm-none-eabi/lib/thumb/v8-m.main+fp/hard\libcr_semihost_nf.a(__sys_istty.o)
                0x00009bfe                __sys_istty
 .text.__sys_remove
                0x00009c0a        0xc c:/nxp/mcuxpressoide_11.5.0_7232/ide/plugins/com.nxp.mcuxpresso.tools.win32_11.5.0.202107051138/tools/bin/../lib/gcc/arm-none-eabi/10.3.1/../../../../arm-none-eabi/lib/thumb/v8-m.main+fp/hard\libcr_semihost_nf.a(__sys_remove.o)
                0x00009c0a                __sys_remove
 .text.__sys_seek
                0x00009c16        0xc c:/nxp/mcuxpressoide_11.5.0_7232/ide/plugins/com.nxp.mcuxpresso.tools.win32_11.5.0.202107051138/tools/bin/../lib/gcc/arm-none-eabi/10.3.1/../../../../arm-none-eabi/lib/thumb/v8-m.main+fp/hard\libcr_semihost_nf.a(__sys_seek.o)
                0x00009c16                __sys_seek
 .text.__sys_tmpnam
                0x00009c22        0xc c:/nxp/mcuxpressoide_11.5.0_7232/ide/plugins/com.nxp.mcuxpresso.tools.win32_11.5.0.202107051138/tools/bin/../lib/gcc/arm-none-eabi/10.3.1/../../../../arm-none-eabi/lib/thumb/v8-m.main+fp/hard\libcr_semihost_nf.a(__sys_tmpnam.o)
                0x00009c22                __sys_tmpnam
 .text.__sys_write
                0x00009c2e        0xc c:/nxp/mcuxpressoide_11.5.0_7232/ide/plugins/com.nxp.mcuxpresso.tools.win32_11.5.0.202107051138/tools/bin/../lib/gcc/arm-none-eabi/10.3.1/../../../../arm-none-eabi/lib/thumb/v8-m.main+fp/hard\libcr_semihost_nf.a(__sys_write.o)
                0x00009c2e                __sys_write
 *(SORT_BY_ALIGNMENT(.rodata) SORT_BY_ALIGNMENT(.rodata.*) SORT_BY_ALIGNMENT(.constdata) SORT_BY_ALIGNMENT(.constdata.*))
 *fill*         0x00009c3a        0x2 ff
 .rodata.s_UsbDeviceStandardRequest
                0x00009c3c       0x34 ./usb/device/source/usb_device_ch9.o
 .rodata.s_UsbDeviceLpc3511IpInterface
                0x00009c70       0x18 ./usb/device/source/usb_device_dci.o
 .rodata.s_UsbDeviceClassInterfaceMap
                0x00009c88       0x20 ./usb/device/class/usb_device_class.o
 .rodata.DMA_callback_testf.str1.4
                0x00009ca8       0x47 ./source/LPC55S69_Project_SCT_ADC_DMA.o
 *fill*         0x00009cef        0x1 ff
 .rodata.ADC0_IRQHandler.str1.4
                0x00009cf0       0x22 ./source/LPC55S69_Project_SCT_ADC_DMA.o
 *fill*         0x00009d12        0x2 ff
 .rodata.main.str1.4
                0x00009d14        0xd ./source/LPC55S69_Project_SCT_ADC_DMA.o
 *fill*         0x00009d21        0x3 ff
 .rodata.USB_DeviceInterface0CicVcomCallback.str1.4
                0x00009d24       0x2e ./source/usb_device_interface_0_cic_vcom.o
 *fill*         0x00009d52        0x2 ff
 .rodata.SDK_DelayAtLeastUs.str1.4
                0x00009d54       0x2b ./drivers/fsl_common_arm.o
 *fill*         0x00009d7f        0x1 ff
 .rodata.DMA_EnableChannelInterrupts.str1.4
                0x00009d80       0x4e ./drivers/fsl_dma.o
 .rodata.DMA_EnableChannel.str1.4
                0x00009dce       0x4e ./drivers/fsl_dma.o
 *fill*         0x00009dce        0x2 ff
 .rodata.s_dmaBases
                0x00009dd0        0x8 ./drivers/fsl_dma.o
 .rodata.s_dmaClockName
                0x00009dd8        0x4 ./drivers/fsl_dma.o
 .rodata.s_dmaResets
                0x00009ddc        0x8 ./drivers/fsl_dma.o
 .rodata.s_dmaIRQNumber
                0x00009de4        0x2 ./drivers/fsl_dma.o
 *fill*         0x00009de6        0x2 ff
 .rodata.DMA_GetInstance.str1.4
                0x00009de8       0x32 ./drivers/fsl_dma.o
 *fill*         0x00009e1a        0x2 ff
 .rodata.DMA_CreateHandle.str1.4
                0x00009e1c       0x64 ./drivers/fsl_dma.o
 .rodata.DMA_SetCallback.str1.4
                0x00009e80       0x1f ./drivers/fsl_dma.o
 *fill*         0x00009e9f        0x1 ff
 .rodata.DMA_SetChannelConfig.str1.4
                0x00009ea0       0x41 ./drivers/fsl_dma.o
 *fill*         0x00009ee1        0x3 ff
 .rodata.DMA_LoadChannelDescriptor.str1.4
                0x00009ee4       0x72 ./drivers/fsl_dma.o
 *fill*         0x00009f56        0x2 ff
 .rodata.DMA_SubmitChannelDescriptor.str1.4
                0x00009f58       0x39 ./drivers/fsl_dma.o
 *fill*         0x00009f91        0x3 ff
 .rodata.DMA_StartTransfer.str1.4
                0x00009f94       0x76 ./drivers/fsl_dma.o
 *fill*         0x0000a00a        0x2 ff
 .rodata.s_flexcommBaseAddrs
                0x0000a00c       0x24 ./drivers/fsl_flexcomm.o
 .rodata.FLEXCOMM_GetInstance.str1.4
                0x0000a030       0x42 ./drivers/fsl_flexcomm.o
 *fill*         0x0000a072        0x2 ff
 .rodata.FLEXCOMM0_DriverIRQHandler.str1.4
                0x0000a074       0x3c ./drivers/fsl_flexcomm.o
 .rodata.FLEXCOMM1_DriverIRQHandler.str1.4
                0x0000a0b0       0x3c ./drivers/fsl_flexcomm.o
 .rodata.FLEXCOMM2_DriverIRQHandler.str1.4
                0x0000a0ec       0x3c ./drivers/fsl_flexcomm.o
 .rodata.FLEXCOMM3_DriverIRQHandler.str1.4
                0x0000a128       0x3c ./drivers/fsl_flexcomm.o
 .rodata.FLEXCOMM4_DriverIRQHandler.str1.4
                0x0000a164       0x3c ./drivers/fsl_flexcomm.o
 .rodata.FLEXCOMM5_DriverIRQHandler.str1.4
                0x0000a1a0       0x3c ./drivers/fsl_flexcomm.o
 .rodata.FLEXCOMM6_DriverIRQHandler.str1.4
                0x0000a1dc       0x3c ./drivers/fsl_flexcomm.o
 .rodata.FLEXCOMM7_DriverIRQHandler.str1.4
                0x0000a218       0x3c ./drivers/fsl_flexcomm.o
 .rodata.FLEXCOMM8_DriverIRQHandler.str1.4
                0x0000a254       0x3c ./drivers/fsl_flexcomm.o
 .rodata.s_gpioClockName
                0x0000a290        0x8 ./drivers/fsl_gpio.o
 .rodata.GPIO_EnablePortClock.str1.4
                0x0000a298       0x33 ./drivers/fsl_gpio.o
 *fill*         0x0000a2cb        0x1 ff
 .rodata.LPADC_GetInstance.str1.4
                0x0000a2cc       0x35 ./drivers/fsl_lpadc.o
 *fill*         0x0000a301        0x3 ff
 .rodata.LPADC_Init.str1.4
                0x0000a304       0x20 ./drivers/fsl_lpadc.o
 .rodata.LPADC_SetConvTriggerConfig.str1.4
                0x0000a324       0x51 ./drivers/fsl_lpadc.o
 *fill*         0x0000a375        0x3 ff
 .rodata.LPADC_SetConvCommandConfig.str1.4
                0x0000a378       0x83 ./drivers/fsl_lpadc.o
 *fill*         0x0000a3fb        0x1 ff
 .rodata.LPADC_DoAutoCalibration.str1.4
                0x0000a3fc       0x69 ./drivers/fsl_lpadc.o
 *fill*         0x0000a465        0x3 ff
 .rodata.PLU_GetInstance.str1.4
                0x0000a468       0x28 ./drivers/fsl_plu.o
 .rodata.RESET_SetPeripheralReset.str1.4
                0x0000a490       0x1e ./drivers/fsl_reset.o
 *fill*         0x0000a4ae        0x2 ff
 .rodata.RESET_ClearPeripheralReset.str1.4
                0x0000a4b0       0x1e ./drivers/fsl_reset.o
 *fill*         0x0000a4ce        0x2 ff
 .rodata.SCTIMER_GetInstance.str1.4
                0x0000a4d0       0x2c ./drivers/fsl_sctimer.o
 .rodata.SCTIMER_Init.str1.4
                0x0000a4fc       0x23 ./drivers/fsl_sctimer.o
 *fill*         0x0000a51f        0x1 ff
 .rodata.SCTIMER_SetupOutputToggleAction.str1.4
                0x0000a520       0x4a ./drivers/fsl_sctimer.o
 *fill*         0x0000a56a        0x2 ff
 .rodata.OSA_MutexCreate.str1.4
                0x0000a56c       0x2a ./component/osa/fsl_os_abstraction_bm.o
 *fill*         0x0000a596        0x2 ff
 .rodata.OSA_MutexDestroy.str1.4
                0x0000a598       0x2a ./component/osa/fsl_os_abstraction_bm.o
 *fill*         0x0000a5c2        0x2 ff
 .rodata.DMA_EnableChannel.str1.4
                0x0000a5c4       0xb2 ./board/peripherals.o
 *fill*         0x0000a676        0x2 ff
 .rodata.DMA_SetChannelPriority.str1.4
                0x0000a678       0xb2 ./board/peripherals.o
 *fill*         0x0000a72a        0x2 ff
 .rodata.SCTIMER_StartTimer.str1.4
                0x0000a72c      0x31e ./board/peripherals.o
 *fill*         0x0000aa4a        0x2 ff
 .rodata.SCTIMER_SetupOutputSetAction.str1.4
                0x0000aa4c       0xae ./board/peripherals.o
 *fill*         0x0000aafa        0x2 ff
 .rodata.SCTIMER_SetupOutputClearAction.str1.4
                0x0000aafc       0xae ./board/peripherals.o
 *fill*         0x0000abaa        0x2 ff
 .rodata.SCTIMER_SetupCounterLimitAction.str1.4
                0x0000abac      0x1f5 ./board/peripherals.o
 *fill*         0x0000ada1        0x3 ff
 .rodata.DMA0_CH0_trigger_config
                0x0000ada4        0x6 ./board/peripherals.o
                0x0000ada4                DMA0_CH0_trigger_config
 *fill*         0x0000adaa        0x2 ff
 .rodata.ADC0_config
                0x0000adac       0x18 ./board/peripherals.o
                0x0000adac                ADC0_config
 .rodata.SCT0_initConfig
                0x0000adc4        0x9 ./board/peripherals.o
                0x0000adc4                SCT0_initConfig
 *fill*         0x0000adcd        0x3 ff
 .rodata.__num_Ciob_streams
                0x0000add0        0x4 c:/nxp/mcuxpressoide_11.5.0_7232/ide/plugins/com.nxp.mcuxpresso.tools.win32_11.5.0.202107051138/tools/bin/../lib/gcc/arm-none-eabi/10.3.1/../../../../arm-none-eabi/lib/thumb/v8-m.main+fp/hard\libcr_semihost_nf.a(__ciob.o)
                0x0000add0                __num_Ciob_streams
 .rodata.__assertion_failed.str1.1
                0x0000add4       0x15 c:/nxp/mcuxpressoide_11.5.0_7232/ide/plugins/com.nxp.mcuxpresso.tools.win32_11.5.0.202107051138/tools/bin/../lib/gcc/arm-none-eabi/10.3.1/../../../../arm-none-eabi/lib/thumb/v8-m.main+fp/hard\libcr_semihost_nf.a(_cr_assert.o)
 .rodata._Csys_alloc.str1.1
                0x0000ade9       0x18 c:/nxp/mcuxpressoide_11.5.0_7232/ide/plugins/com.nxp.mcuxpresso.tools.win32_11.5.0.202107051138/tools/bin/../lib/gcc/arm-none-eabi/10.3.1/../../../../arm-none-eabi/lib/thumb/v8-m.main+fp/hard\libcr_c.a(alloc.o)
 .rodata._initio.str1.1
                0x0000ae01        0x4 c:/nxp/mcuxpressoide_11.5.0_7232/ide/plugins/com.nxp.mcuxpresso.tools.win32_11.5.0.202107051138/tools/bin/../lib/gcc/arm-none-eabi/10.3.1/../../../../arm-none-eabi/lib/thumb/v8-m.main+fp/hard\libcr_c.a(initio.o)
 .rodata.__vfprintf.str1.1
                0x0000ae05       0x35 c:/nxp/mcuxpressoide_11.5.0_7232/ide/plugins/com.nxp.mcuxpresso.tools.win32_11.5.0.202107051138/tools/bin/../lib/gcc/arm-none-eabi/10.3.1/../../../../arm-none-eabi/lib/thumb/v8-m.main+fp/hard\libcr_c.a(printf.o)
                                 0x38 (size before relaxing)
                0x0000ae3c                . = ALIGN (0x4)
 *fill*         0x0000ae3a        0x2 ff

.glue_7         0x0000ae3c        0x0
 .glue_7        0x0000ae3c        0x0 linker stubs

.glue_7t        0x0000ae3c        0x0
 .glue_7t       0x0000ae3c        0x0 linker stubs

.vfp11_veneer   0x0000ae3c        0x0
 .vfp11_veneer  0x0000ae3c        0x0 linker stubs

.v4_bx          0x0000ae3c        0x0
 .v4_bx         0x0000ae3c        0x0 linker stubs

.iplt           0x0000ae3c        0x0
 .iplt          0x0000ae3c        0x0 ./usb/device/source/lpcip3511/usb_device_lpcip3511.o

.rel.dyn        0x0000ae3c        0x0
 .rel.iplt      0x0000ae3c        0x0 ./usb/device/source/lpcip3511/usb_device_lpcip3511.o

.ARM.extab
 *(SORT_BY_ALIGNMENT(.ARM.extab*) SORT_BY_ALIGNMENT(.gnu.linkonce.armextab.*))

.ARM.exidx      0x0000ae3c        0x0
                0x0000ae3c                __exidx_start = .
 *(SORT_BY_ALIGNMENT(.ARM.exidx*) SORT_BY_ALIGNMENT(.gnu.linkonce.armexidx.*))
                0x0000ae3c                __exidx_end = .
                0x0000ae3c                _etext = .

.m_usb_data     0x40100000     0x3510
 *(SORT_BY_ALIGNMENT(m_usb_global))
 m_usb_global   0x40100000     0x3450 ./usb/device/source/lpcip3511/usb_device_lpcip3511.o
 m_usb_global   0x40103450       0x58 ./usb/device/source/usb_device_dci.o
 m_usb_global   0x401034a8       0x50 ./usb/device/class/cdc/usb_device_cdc_acm.o
 m_usb_global   0x401034f8       0x18 ./usb/device/class/usb_device_class.o

.data_RAM2      0x04000000        0x0 load address 0x0000ae3c
 FILL mask 0xff
                [!provide]                PROVIDE (__start_data_RAM2 = .)
                [!provide]                PROVIDE (__start_data_SRAMX = .)
 *(SORT_BY_ALIGNMENT(.ramfunc.$RAM2))
 *(SORT_BY_ALIGNMENT(.ramfunc.$SRAMX))
 *(SORT_BY_ALIGNMENT(.data.$RAM2))
 *(SORT_BY_ALIGNMENT(.data.$SRAMX))
 *(SORT_BY_ALIGNMENT(.data.$RAM2.*))
 *(SORT_BY_ALIGNMENT(.data.$SRAMX.*))
                0x04000000                . = ALIGN (0x4)
                [!provide]                PROVIDE (__end_data_RAM2 = .)
                [!provide]                PROVIDE (__end_data_SRAMX = .)

.data_RAM3      0x40103510        0x0 load address 0x0000ae3c
 FILL mask 0xff
                [!provide]                PROVIDE (__start_data_RAM3 = .)
                [!provide]                PROVIDE (__start_data_USB_RAM = .)
 *(SORT_BY_ALIGNMENT(.ramfunc.$RAM3))
 *(SORT_BY_ALIGNMENT(.ramfunc.$USB_RAM))
 *(SORT_BY_ALIGNMENT(.data.$RAM3))
 *(SORT_BY_ALIGNMENT(.data.$USB_RAM))
 *(SORT_BY_ALIGNMENT(.data.$RAM3.*))
 *(SORT_BY_ALIGNMENT(.data.$USB_RAM.*))
                0x40103510                . = ALIGN (0x4)
                [!provide]                PROVIDE (__end_data_RAM3 = .)
                [!provide]                PROVIDE (__end_data_USB_RAM = .)

.data_RAM4      0x20040000        0x0 load address 0x0000ae3c
 FILL mask 0xff
                [!provide]                PROVIDE (__start_data_RAM4 = .)
                [!provide]                PROVIDE (__start_data_SRAM4 = .)
 *(SORT_BY_ALIGNMENT(.ramfunc.$RAM4))
 *(SORT_BY_ALIGNMENT(.ramfunc.$SRAM4))
 *(SORT_BY_ALIGNMENT(.data.$RAM4))
 *(SORT_BY_ALIGNMENT(.data.$SRAM4))
 *(SORT_BY_ALIGNMENT(.data.$RAM4.*))
 *(SORT_BY_ALIGNMENT(.data.$SRAM4.*))
                0x20040000                . = ALIGN (0x4)
                [!provide]                PROVIDE (__end_data_RAM4 = .)
                [!provide]                PROVIDE (__end_data_SRAM4 = .)

.uninit_RESERVED
                0x20000000        0x0
                0x20000000                _start_uninit_RESERVED = .
 *(SORT_BY_ALIGNMENT(.bss.$RESERVED*))
                0x20000000                . = ALIGN (0x4)
                0x20000000                _end_uninit_RESERVED = .

.data           0x20000000      0x1e8 load address 0x0000ae3c
 FILL mask 0xff
                0x20000000                _data = .
                [!provide]                PROVIDE (__start_data_RAM = .)
                [!provide]                PROVIDE (__start_data_SRAM = .)
 *(SORT_BY_ALIGNMENT(vtable))
 *(SORT_BY_ALIGNMENT(.ramfunc*))
 *(SORT_BY_ALIGNMENT(CodeQuickAccess))
 *(SORT_BY_ALIGNMENT(DataQuickAccess))
 *(SORT_BY_ALIGNMENT(RamFunction))
 *(SORT_BY_ALIGNMENT(.data*))
 .data.DMA0_CH0_TCDs_config
                0x20000000       0x20 ./board/peripherals.o
                0x20000000                DMA0_CH0_TCDs_config
 .data.s_UsbDeviceInterfaceNullConfig
                0x20000020        0x8 ./source/generated/usb_device_composite.o
 .data.g_CompositeClassConfig
                0x20000028       0x18 ./source/generated/usb_device_composite.o
                0x20000028                g_CompositeClassConfig
 .data.g_UsbDeviceCompositeConfigList
                0x20000040        0xc ./source/generated/usb_device_composite.o
                0x20000040                g_UsbDeviceCompositeConfigList
 .data.g_UsbDeviceInterface0CicVcomSetting0DefaultEndpoints
                0x2000004c        0x6 ./source/generated/usb_device_descriptor.o
                0x2000004c                g_UsbDeviceInterface0CicVcomSetting0DefaultEndpoints
 *fill*         0x20000052        0x2 ff
 .data.g_UsbDeviceInterface0CicVcomInterface
                0x20000054       0x10 ./source/generated/usb_device_descriptor.o
                0x20000054                g_UsbDeviceInterface0CicVcomInterface
 .data.g_UsbDeviceInterface1DicVcomSetting0DefaultEndpoints
                0x20000064        0xc ./source/generated/usb_device_descriptor.o
                0x20000064                g_UsbDeviceInterface1DicVcomSetting0DefaultEndpoints
 .data.g_UsbDeviceInterface1DicVcomInterface
                0x20000070       0x10 ./source/generated/usb_device_descriptor.o
                0x20000070                g_UsbDeviceInterface1DicVcomInterface
 .data.g_UsbDeviceInterface0CicVcomInterfaces
                0x20000080       0x18 ./source/generated/usb_device_descriptor.o
                0x20000080                g_UsbDeviceInterface0CicVcomInterfaces
 .data.g_UsbDeviceInterface0CicVcomInterfaceList
                0x20000098        0x8 ./source/generated/usb_device_descriptor.o
                0x20000098                g_UsbDeviceInterface0CicVcomInterfaceList
 .data.g_UsbDeviceInterface0CicVcomConfig
                0x200000a0        0x8 ./source/generated/usb_device_descriptor.o
                0x200000a0                g_UsbDeviceInterface0CicVcomConfig
 .data.g_UsbDeviceDescriptor
                0x200000a8       0x12 ./source/generated/usb_device_descriptor.o
                0x200000a8                g_UsbDeviceDescriptor
 *fill*         0x200000ba        0x2 ff
 .data.g_UsbDeviceConfigurationDescriptor
                0x200000bc       0x4b ./source/generated/usb_device_descriptor.o
                0x200000bc                g_UsbDeviceConfigurationDescriptor
 *fill*         0x20000107        0x1 ff
 .data.g_UsbDeviceString0
                0x20000108        0x4 ./source/generated/usb_device_descriptor.o
                0x20000108                g_UsbDeviceString0
 .data.g_UsbDeviceString1
                0x2000010c        0x8 ./source/generated/usb_device_descriptor.o
                0x2000010c                g_UsbDeviceString1
 .data.g_UsbDeviceString2
                0x20000114        0xa ./source/generated/usb_device_descriptor.o
                0x20000114                g_UsbDeviceString2
 *fill*         0x2000011e        0x2 ff
 .data.g_UsbDeviceStringDescriptorLength
                0x20000120        0xc ./source/generated/usb_device_descriptor.o
                0x20000120                g_UsbDeviceStringDescriptorLength
 .data.g_UsbDeviceStringDescriptorArray
                0x2000012c        0xc ./source/generated/usb_device_descriptor.o
                0x2000012c                g_UsbDeviceStringDescriptorArray
 .data.g_UsbDeviceLanguage
                0x20000138        0xc ./source/generated/usb_device_descriptor.o
                0x20000138                g_UsbDeviceLanguage
 .data.g_UsbDeviceLanguageList
                0x20000144       0x10 ./source/generated/usb_device_descriptor.o
                0x20000144                g_UsbDeviceLanguageList
 .data.s_lineCoding
                0x20000154        0x7 ./source/usb_device_interface_0_cic_vcom.o
 *fill*         0x2000015b        0x1 ff
 .data.s_Ext_Clk_Freq
                0x2000015c        0x4 ./drivers/fsl_clock.o
 .data.s_dma_descriptor_table
                0x20000160        0x8 ./drivers/fsl_dma.o
 .data.SystemCoreClock
                0x20000168        0x4 ./device/system_LPC55S69_cm33_core0.o
                0x20000168                SystemCoreClock
 .data.ADC0_commandsConfig
                0x2000016c       0x6c ./board/peripherals.o
                0x2000016c                ADC0_commandsConfig
 .data.ADC0_triggersConfig
                0x200001d8       0x10 ./board/peripherals.o
                0x200001d8                ADC0_triggersConfig
                0x200001e8                . = ALIGN (0x4)
                0x200001e8                _edata = .
                [!provide]                PROVIDE (__end_data_RAM = .)
                [!provide]                PROVIDE (__end_data_SRAM = .)

.igot.plt       0x200001e8        0x0 load address 0x0000b024
 .igot.plt      0x200001e8        0x0 ./usb/device/source/lpcip3511/usb_device_lpcip3511.o

.bss_RAM2       0x04000000        0x0
                [!provide]                PROVIDE (__start_bss_RAM2 = .)
                [!provide]                PROVIDE (__start_bss_SRAMX = .)
 *(SORT_BY_ALIGNMENT(.bss.$RAM2))
 *(SORT_BY_ALIGNMENT(.bss.$SRAMX))
 *(SORT_BY_ALIGNMENT(.bss.$RAM2.*))
 *(SORT_BY_ALIGNMENT(.bss.$SRAMX.*))
                0x04000000                . = ALIGN ((. != 0x0)?0x4:0x1)
                [!provide]                PROVIDE (__end_bss_RAM2 = .)
                [!provide]                PROVIDE (__end_bss_SRAMX = .)

.bss_RAM3       0x40103510        0x0
                [!provide]                PROVIDE (__start_bss_RAM3 = .)
                [!provide]                PROVIDE (__start_bss_USB_RAM = .)
 *(SORT_BY_ALIGNMENT(.bss.$RAM3))
 *(SORT_BY_ALIGNMENT(.bss.$USB_RAM))
 *(SORT_BY_ALIGNMENT(.bss.$RAM3.*))
 *(SORT_BY_ALIGNMENT(.bss.$USB_RAM.*))
                0x40103510                . = ALIGN ((. != 0x0)?0x4:0x1)
                [!provide]                PROVIDE (__end_bss_RAM3 = .)
                [!provide]                PROVIDE (__end_bss_USB_RAM = .)

.bss_RAM4       0x20040000        0x0
                [!provide]                PROVIDE (__start_bss_RAM4 = .)
                [!provide]                PROVIDE (__start_bss_SRAM4 = .)
 *(SORT_BY_ALIGNMENT(.bss.$RAM4))
 *(SORT_BY_ALIGNMENT(.bss.$SRAM4))
 *(SORT_BY_ALIGNMENT(.bss.$RAM4.*))
 *(SORT_BY_ALIGNMENT(.bss.$SRAM4.*))
                0x20040000                . = ALIGN ((. != 0x0)?0x4:0x1)
                [!provide]                PROVIDE (__end_bss_RAM4 = .)
                [!provide]                PROVIDE (__end_bss_SRAM4 = .)

.bss            0x20000200      0x7d4
                0x20000200                _bss = .
                [!provide]                PROVIDE (__start_bss_RAM = .)
                [!provide]                PROVIDE (__start_bss_SRAM = .)
 *(SORT_BY_ALIGNMENT(.bss*))
 .bss.s_dma_descriptor_table0
                0x20000200      0x170 ./drivers/fsl_dma.o
 *fill*         0x20000370       0x90 
 .bss.s_dma_descriptor_table1
                0x20000400      0x170 ./drivers/fsl_dma.o
 .bss.g_UsbDeviceComposite
                0x20000570       0x28 ./source/generated/usb_device_composite.o
                0x20000570                g_UsbDeviceComposite
 .bss.s_EpReservedBufferBits
                0x20000598       0x1a ./usb/device/source/lpcip3511/usb_device_lpcip3511.o
 *fill*         0x200005b2        0x2 
 .bss.s_UsbDeviceLpc3511IpState
                0x200005b4      0x134 ./usb/device/source/lpcip3511/usb_device_lpcip3511.o
 .bss.dstAddr   0x200006e8       0x14 ./source/LPC55S69_Project_SCT_ADC_DMA.o
                0x200006e8                dstAddr
 .bss.dstAddr2  0x200006fc       0x14 ./source/LPC55S69_Project_SCT_ADC_DMA.o
                0x200006fc                dstAddr2
 .bss.i.0       0x20000710        0x4 ./source/LPC55S69_Project_SCT_ADC_DMA.o
 .bss.s_abstractState
                0x20000714        0x2 ./source/usb_device_interface_0_cic_vcom.o
 *fill*         0x20000716        0x2 
 .bss.s_countryCode
                0x20000718        0x2 ./source/usb_device_interface_0_cic_vcom.o
 *fill*         0x2000071a        0x2 
 .bss.s_usbCdcAcmInfo
                0x2000071c       0x12 ./source/usb_device_interface_0_cic_vcom.o
 *fill*         0x2000072e        0x2 
 .bss.s_currRecvBuf
                0x20000730       0x40 ./source/usb_device_interface_0_cic_vcom.o
 .bss.s_recvSize
                0x20000770        0x4 ./source/usb_device_interface_0_cic_vcom.o
 .bss.s_UsbDeviceComposite
                0x20000774        0x4 ./source/usb_device_interface_0_cic_vcom.o
 .bss.s_UsbInterface0CicVcom
                0x20000778        0x8 ./source/usb_device_interface_0_cic_vcom.o
 .bss.s_Pll0_Freq
                0x20000780        0x4 ./drivers/fsl_clock.o
 .bss.s_Pll1_Freq
                0x20000784        0x4 ./drivers/fsl_clock.o
 .bss.s_DMAHandle
                0x20000788       0xb8 ./drivers/fsl_dma.o
 .bss.s_flexcommIrqHandler
                0x20000840       0x24 ./drivers/fsl_flexcomm.o
 .bss.s_flexcommHandle
                0x20000864       0x24 ./drivers/fsl_flexcomm.o
 .bss.s_eventCallback
                0x20000888       0x40 ./drivers/fsl_sctimer.o
 .bss.s_currentEvent
                0x200008c8        0x4 ./drivers/fsl_sctimer.o
 .bss.s_currentState
                0x200008cc        0x4 ./drivers/fsl_sctimer.o
 .bss.s_currentMatch
                0x200008d0        0x4 ./drivers/fsl_sctimer.o
 .bss.s_currentMatchhigh
                0x200008d4        0x4 ./drivers/fsl_sctimer.o
 .bss.s_sctimerIsr
                0x200008d8        0x4 ./drivers/fsl_sctimer.o
 .bss.DMA0_CH0_Handle
                0x200008dc       0x10 ./board/peripherals.o
                0x200008dc                DMA0_CH0_Handle
 .bss.SCT0_event
                0x200008ec       0x28 ./board/peripherals.o
                0x200008ec                SCT0_event
 .bss.__Ciob    0x20000914       0xb4 c:/nxp/mcuxpressoide_11.5.0_7232/ide/plugins/com.nxp.mcuxpresso.tools.win32_11.5.0.202107051138/tools/bin/../lib/gcc/arm-none-eabi/10.3.1/../../../../arm-none-eabi/lib/thumb/v8-m.main+fp/hard\libcr_semihost_nf.a(__ciob.o)
                0x20000914                __Ciob
 .bss.errno     0x200009c8        0x4 c:/nxp/mcuxpressoide_11.5.0_7232/ide/plugins/com.nxp.mcuxpresso.tools.win32_11.5.0.202107051138/tools/bin/../lib/gcc/arm-none-eabi/10.3.1/../../../../arm-none-eabi/lib/thumb/v8-m.main+fp/hard\libcr_c.a(errno.o)
                0x200009c8                errno
 .bss.__end_of_heap
                0x200009cc        0x4 c:/nxp/mcuxpressoide_11.5.0_7232/ide/plugins/com.nxp.mcuxpresso.tools.win32_11.5.0.202107051138/tools/bin/../lib/gcc/arm-none-eabi/10.3.1/../../../../arm-none-eabi/lib/thumb/v8-m.main+fp/hard\libcr_c.a(__init_alloc.o)
                0x200009cc                __end_of_heap
 .bss.__heaps   0x200009d0        0x4 c:/nxp/mcuxpressoide_11.5.0_7232/ide/plugins/com.nxp.mcuxpresso.tools.win32_11.5.0.202107051138/tools/bin/../lib/gcc/arm-none-eabi/10.3.1/../../../../arm-none-eabi/lib/thumb/v8-m.main+fp/hard\libcr_c.a(__init_alloc.o)
                0x200009d0                __heaps
 *(SORT_BY_ALIGNMENT(COMMON))
                0x200009d4                . = ALIGN (0x4)
                0x200009d4                _ebss = .
                [!provide]                PROVIDE (__end_bss_RAM = .)
                [!provide]                PROVIDE (__end_bss_SRAM = .)
                [!provide]                PROVIDE (end = .)

.noinit_RAM2    0x04000000        0x0
                [!provide]                PROVIDE (__start_noinit_RAM2 = .)
                [!provide]                PROVIDE (__start_noinit_SRAMX = .)
 *(SORT_BY_ALIGNMENT(.noinit.$RAM2))
 *(SORT_BY_ALIGNMENT(.noinit.$SRAMX))
 *(SORT_BY_ALIGNMENT(.noinit.$RAM2.*))
 *(SORT_BY_ALIGNMENT(.noinit.$SRAMX.*))
                0x04000000                . = ALIGN (0x4)
                [!provide]                PROVIDE (__end_noinit_RAM2 = .)
                [!provide]                PROVIDE (__end_noinit_SRAMX = .)

.noinit_RAM3    0x40103510        0x0
                [!provide]                PROVIDE (__start_noinit_RAM3 = .)
                [!provide]                PROVIDE (__start_noinit_USB_RAM = .)
 *(SORT_BY_ALIGNMENT(.noinit.$RAM3))
 *(SORT_BY_ALIGNMENT(.noinit.$USB_RAM))
 *(SORT_BY_ALIGNMENT(.noinit.$RAM3.*))
 *(SORT_BY_ALIGNMENT(.noinit.$USB_RAM.*))
                0x40103510                . = ALIGN (0x4)
                [!provide]                PROVIDE (__end_noinit_RAM3 = .)
                [!provide]                PROVIDE (__end_noinit_USB_RAM = .)

.noinit_RAM4    0x20040000        0x0
                [!provide]                PROVIDE (__start_noinit_RAM4 = .)
                [!provide]                PROVIDE (__start_noinit_SRAM4 = .)
 *(SORT_BY_ALIGNMENT(.noinit.$RAM4))
 *(SORT_BY_ALIGNMENT(.noinit.$SRAM4))
 *(SORT_BY_ALIGNMENT(.noinit.$RAM4.*))
 *(SORT_BY_ALIGNMENT(.noinit.$SRAM4.*))
                0x20040000                . = ALIGN (0x4)
                [!provide]                PROVIDE (__end_noinit_RAM4 = .)
                [!provide]                PROVIDE (__end_noinit_SRAM4 = .)

.noinit         0x200009d4        0x0
                0x200009d4                _noinit = .
                [!provide]                PROVIDE (__start_noinit_RAM = .)
                [!provide]                PROVIDE (__start_noinit_SRAM = .)
 *(SORT_BY_ALIGNMENT(.noinit*))
                0x200009d4                . = ALIGN (0x4)
                0x200009d4                _end_noinit = .
                [!provide]                PROVIDE (__end_noinit_RAM = .)
                [!provide]                PROVIDE (__end_noinit_SRAM = .)
                0x00001000                _HeapSize = 0x1000

.heap           0x200009d4     0x1000
                0x200009d4                _pvHeapStart = .
                0x200019d4                . = (. + _HeapSize)
 *fill*         0x200009d4     0x1000 
                0x200019d4                . = ALIGN (0x4)
                0x200019d4                _pvHeapLimit = .
                0x00001000                _StackSize = 0x1000

.heap2stackfill
                0x200019d4     0x1000
                0x200029d4                . = (. + _StackSize)
 *fill*         0x200019d4     0x1000 

.stack          0x2003f000        0x0
                0x2003f000                _vStackBase = .
                0x2003f000                . = ALIGN (0x4)
                0x20040000                _vStackTop = (. + _StackSize)
                [!provide]                PROVIDE (__valid_user_code_checksum = (0x0 - ((((((_vStackTop + (ResetISR + 0x1)) + (NMI_Handler + 0x1)) + (HardFault_Handler + 0x1)) + (DEFINED (MemManage_Handler)?MemManage_Handler:0x0 + 0x1)) + (DEFINED (BusFault_Handler)?BusFault_Handler:0x0 + 0x1)) + (DEFINED (UsageFault_Handler)?UsageFault_Handler:0x0 + 0x1))))
                0x00000000                _image_start = LOADADDR (.text)
                0x0000b024                _image_end = (LOADADDR (.data) + SIZEOF (.data))
                0x0000b024                _image_size = (_image_end - _image_start)
OUTPUT(LPC55S69_Project_SCT_ADC_DMA.axf elf32-littlearm)
LOAD linker stubs

.debug_info     0x00000000    0x28c36
 .debug_info    0x00000000     0x190c ./usb/device/source/lpcip3511/usb_device_lpcip3511.o
 .debug_info    0x0000190c     0x158a ./usb/device/source/usb_device_ch9.o
 .debug_info    0x00002e96     0x12bf ./usb/device/source/usb_device_dci.o
 .debug_info    0x00004155     0x112b ./usb/device/class/cdc/usb_device_cdc_acm.o
 .debug_info    0x00005280      0xea5 ./usb/device/class/usb_device_class.o
 .debug_info    0x00006125      0x707 ./startup/startup_lpc55s69_cm33_core0.o
 .debug_info    0x0000682c     0x26d4 ./source/generated/usb_device_composite.o
 .debug_info    0x00008f00      0xf79 ./source/generated/usb_device_descriptor.o
 .debug_info    0x00009e79      0xdfa ./source/LPC55S69_Project_SCT_ADC_DMA.o
 .debug_info    0x0000ac73       0x3c ./source/semihost_hardfault.o
 .debug_info    0x0000acaf      0xe2e ./source/usb_device_interface_0_cic_vcom.o
 .debug_info    0x0000badd     0x331f ./drivers/fsl_clock.o
 .debug_info    0x0000edfc       0xf5 ./drivers/fsl_common_arm.o
 .debug_info    0x0000eef1     0x2a64 ./drivers/fsl_dma.o
 .debug_info    0x00011955     0x1adf ./drivers/fsl_flexcomm.o
 .debug_info    0x00013434     0x1757 ./drivers/fsl_gpio.o
 .debug_info    0x00014b8b     0x1e53 ./drivers/fsl_inputmux.o
 .debug_info    0x000169de     0x1d4d ./drivers/fsl_lpadc.o
 .debug_info    0x0001872b     0x17a9 ./drivers/fsl_plu.o
 .debug_info    0x00019ed4     0x2a56 ./drivers/fsl_power.o
 .debug_info    0x0001c92a      0xee3 ./drivers/fsl_reset.o
 .debug_info    0x0001d80d     0x260d ./drivers/fsl_sctimer.o
 .debug_info    0x0001fe1a     0x14af ./device/system_LPC55S69_cm33_core0.o
 .debug_info    0x000212c9      0xfdf ./component/osa/fsl_os_abstraction_bm.o
 .debug_info    0x000222a8      0x8fd ./board/board.o
 .debug_info    0x00022ba5     0x16f3 ./board/clock_config.o
 .debug_info    0x00024298     0x2597 ./board/peripherals.o
 .debug_info    0x0002682f     0x2407 ./board/pin_mux.o

.debug_abbrev   0x00000000     0x3e0b