Archive member included to satisfy reference by file (symbol)

c:/nxp/mcuxpressoide_11.5.0_7232/ide/plugins/com.nxp.mcuxpresso.tools.win32_11.5.0.202107051138/tools/bin/../lib/gcc/arm-none-eabi/10.3.1/../../../../arm-none-eabi/lib/thumb/v8-m.main+fp/hard\libcr_semihost_nf.a(_cr__main.o)
                              ./startup/startup_lpc55s69_cm33_core0.o (__main)
c:/nxp/mcuxpressoide_11.5.0_7232/ide/plugins/com.nxp.mcuxpresso.tools.win32_11.5.0.202107051138/tools/bin/../lib/gcc/arm-none-eabi/10.3.1/../../../../arm-none-eabi/lib/thumb/v8-m.main+fp/hard\libcr_semihost_nf.a(_cr_assert.o)
                              ./drivers/fsl_clock.o (__assertion_failed)
c:/nxp/mcuxpressoide_11.5.0_7232/ide/plugins/com.nxp.mcuxpresso.tools.win32_11.5.0.202107051138/tools/bin/../lib/gcc/arm-none-eabi/10.3.1/../../../../arm-none-eabi/lib/thumb/v8-m.main+fp/hard\libcr_semihost_nf.a(__ciob.o)
                              c:/nxp/mcuxpressoide_11.5.0_7232/ide/plugins/com.nxp.mcuxpresso.tools.win32_11.5.0.202107051138/tools/bin/../lib/gcc/arm-none-eabi/10.3.1/../../../../arm-none-eabi/lib/thumb/v8-m.main+fp/hard\libcr_semihost_nf.a(_cr_assert.o) (__Ciob)
c:/nxp/mcuxpressoide_11.5.0_7232/ide/plugins/com.nxp.mcuxpresso.tools.win32_11.5.0.202107051138/tools/bin/../lib/gcc/arm-none-eabi/10.3.1/../../../../arm-none-eabi/lib/thumb/v8-m.main+fp/hard\libcr_semihost_nf.a(__sys_appexit.o)
                              c:/nxp/mcuxpressoide_11.5.0_7232/ide/plugins/com.nxp.mcuxpresso.tools.win32_11.5.0.202107051138/tools/bin/../lib/gcc/arm-none-eabi/10.3.1/../../../../arm-none-eabi/lib/thumb/v8-m.main+fp/hard\libcr_semihost_nf.a(_cr_assert.o) (__sys_appexit)
c:/nxp/mcuxpressoide_11.5.0_7232/ide/plugins/com.nxp.mcuxpresso.tools.win32_11.5.0.202107051138/tools/bin/../lib/gcc/arm-none-eabi/10.3.1/../../../../arm-none-eabi/lib/thumb/v8-m.main+fp/hard\libcr_c.a(memcpy.o)
                              ./utilities/fsl_str.o (memcpy)
c:/nxp/mcuxpressoide_11.5.0_7232/ide/plugins/com.nxp.mcuxpresso.tools.win32_11.5.0.202107051138/tools/bin/../lib/gcc/arm-none-eabi/10.3.1/../../../../arm-none-eabi/lib/thumb/v8-m.main+fp/hard\libcr_c.a(memset.o)
                              ./drivers/fsl_clock.o (memset)
c:/nxp/mcuxpressoide_11.5.0_7232/ide/plugins/com.nxp.mcuxpresso.tools.win32_11.5.0.202107051138/tools/bin/../lib/gcc/arm-none-eabi/10.3.1/../../../../arm-none-eabi/lib/thumb/v8-m.main+fp/hard\libcr_c.a(_deferredlazyseek.o)
                              c:/nxp/mcuxpressoide_11.5.0_7232/ide/plugins/com.nxp.mcuxpresso.tools.win32_11.5.0.202107051138/tools/bin/../lib/gcc/arm-none-eabi/10.3.1/../../../../arm-none-eabi/lib/thumb/v8-m.main+fp/hard\libcr_semihost_nf.a(_cr_assert.o) (__flsbuf)
c:/nxp/mcuxpressoide_11.5.0_7232/ide/plugins/com.nxp.mcuxpresso.tools.win32_11.5.0.202107051138/tools/bin/../lib/gcc/arm-none-eabi/10.3.1/../../../../arm-none-eabi/lib/thumb/v8-m.main+fp/hard\libcr_c.a(_fflush.o)
                              c:/nxp/mcuxpressoide_11.5.0_7232/ide/plugins/com.nxp.mcuxpresso.tools.win32_11.5.0.202107051138/tools/bin/../lib/gcc/arm-none-eabi/10.3.1/../../../../arm-none-eabi/lib/thumb/v8-m.main+fp/hard\libcr_c.a(_deferredlazyseek.o) (_fflush)
c:/nxp/mcuxpressoide_11.5.0_7232/ide/plugins/com.nxp.mcuxpresso.tools.win32_11.5.0.202107051138/tools/bin/../lib/gcc/arm-none-eabi/10.3.1/../../../../arm-none-eabi/lib/thumb/v8-m.main+fp/hard\libcr_c.a(_writebuf.o)
                              c:/nxp/mcuxpressoide_11.5.0_7232/ide/plugins/com.nxp.mcuxpresso.tools.win32_11.5.0.202107051138/tools/bin/../lib/gcc/arm-none-eabi/10.3.1/../../../../arm-none-eabi/lib/thumb/v8-m.main+fp/hard\libcr_c.a(_deferredlazyseek.o) (_Cwritebuf)
c:/nxp/mcuxpressoide_11.5.0_7232/ide/plugins/com.nxp.mcuxpresso.tools.win32_11.5.0.202107051138/tools/bin/../lib/gcc/arm-none-eabi/10.3.1/../../../../arm-none-eabi/lib/thumb/v8-m.main+fp/hard\libcr_c.a(alloc.o)
                              ./drivers/fsl_common.o (malloc)
c:/nxp/mcuxpressoide_11.5.0_7232/ide/plugins/com.nxp.mcuxpresso.tools.win32_11.5.0.202107051138/tools/bin/../lib/gcc/arm-none-eabi/10.3.1/../../../../arm-none-eabi/lib/thumb/v8-m.main+fp/hard\libcr_c.a(errno.o)
                              ./utilities/fsl_str.o (errno)
c:/nxp/mcuxpressoide_11.5.0_7232/ide/plugins/com.nxp.mcuxpresso.tools.win32_11.5.0.202107051138/tools/bin/../lib/gcc/arm-none-eabi/10.3.1/../../../../arm-none-eabi/lib/thumb/v8-m.main+fp/hard\libcr_c.a(fputs.o)
                              c:/nxp/mcuxpressoide_11.5.0_7232/ide/plugins/com.nxp.mcuxpresso.tools.win32_11.5.0.202107051138/tools/bin/../lib/gcc/arm-none-eabi/10.3.1/../../../../arm-none-eabi/lib/thumb/v8-m.main+fp/hard\libcr_semihost_nf.a(_cr_assert.o) (fputs)
c:/nxp/mcuxpressoide_11.5.0_7232/ide/plugins/com.nxp.mcuxpresso.tools.win32_11.5.0.202107051138/tools/bin/../lib/gcc/arm-none-eabi/10.3.1/../../../../arm-none-eabi/lib/thumb/v8-m.main+fp/hard\libcr_c.a(fseek.o)
[...]
Memory Configuration

Name             Origin             Length             Attributes
PROGRAM_FLASH    0x00000000         0x0009d800         xr
SRAM             0x20000000         0x00040000         xrw
SRAMX            0x04000000         0x00008000         xrw
USB_RAM          0x40100000         0x00004000         xrw
SRAM4            0x20040000         0x00004000         xrw
*default*        0x00000000         0xffffffff

Linker script and memory map

LOAD ./utilities/fsl_debug_console.o
LOAD ./utilities/fsl_str.o
LOAD ./startup/boot_multicore_slave.o
LOAD ./startup/startup_lpc55s69_cm33_core0.o
LOAD ./source/LPC55S69_Project_SCT_ADC_DMA.o
LOAD ./source/semihost_hardfault.o
LOAD ./drivers/fsl_clock.o
LOAD ./drivers/fsl_common.o
LOAD ./drivers/fsl_common_arm.o
LOAD ./drivers/fsl_dma.o
LOAD ./drivers/fsl_flexcomm.o
LOAD ./drivers/fsl_gpio.o
LOAD ./drivers/fsl_i2c.o
LOAD ./drivers/fsl_lpadc.o
LOAD ./drivers/fsl_power.o
LOAD ./drivers/fsl_reset.o
LOAD ./drivers/fsl_sctimer.o
LOAD ./drivers/fsl_usart.o
LOAD ./device/system_LPC55S69_cm33_core0.o
LOAD ./component/uart/fsl_adapter_usart.o
LOAD ./component/serial_manager/fsl_component_serial_manager.o
LOAD ./component/serial_manager/fsl_component_serial_port_uart.o
LOAD ./component/lists/fsl_component_generic_list.o
LOAD ./board/board.o
LOAD ./board/clock_config.o
LOAD ./board/peripherals.o
LOAD ./board/pin_mux.o
START GROUP
LOAD c:/nxp/mcuxpressoide_11.5.0_7232/ide/plugins/com.nxp.mcuxpresso.tools.win32_11.5.0.202107051138/tools/bin/../lib/gcc/arm-none-eabi/10.3.1/../../../../arm-none-eabi/lib/thumb/v8-m.main+fp/hard\libcr_semihost_nf.a
LOAD c:/nxp/mcuxpressoide_11.5.0_7232/ide/plugins/com.nxp.mcuxpresso.tools.win32_11.5.0.202107051138/tools/bin/../lib/gcc/arm-none-eabi/10.3.1/../../../../arm-none-eabi/lib/thumb/v8-m.main+fp/hard\libcr_c.a
LOAD c:/nxp/mcuxpressoide_11.5.0_7232/ide/plugins/com.nxp.mcuxpresso.tools.win32_11.5.0.202107051138/tools/bin/../lib/gcc/arm-none-eabi/10.3.1/thumb/v8-m.main+fp/hard\libcr_eabihelpers.a
LOAD c:/nxp/mcuxpressoide_11.5.0_7232/ide/plugins/com.nxp.mcuxpresso.tools.win32_11.5.0.202107051138/tools/bin/../lib/gcc/arm-none-eabi/10.3.1/thumb/v8-m.main+fp/hard\libgcc.a
END GROUP
                0x00000000                __base_PROGRAM_FLASH = 0x0
                0x00000000                __base_Flash = 0x0
                0x0009d800                __top_PROGRAM_FLASH = 0x9d800
                0x0009d800                __top_Flash = 0x9d800
                0x20000000                __base_SRAM = 0x20000000
                0x20000000                __base_RAM = 0x20000000
                0x20040000                __top_SRAM = 0x20040000
                0x20040000                __top_RAM = 0x20040000
                0x04000000                __base_SRAMX = 0x4000000
                0x04000000                __base_RAM2 = 0x4000000
                0x04008000                __top_SRAMX = 0x4008000
                0x04008000                __top_RAM2 = 0x4008000
                0x40100000                __base_USB_RAM = 0x40100000
                0x40100000                __base_RAM3 = 0x40100000
                0x40104000                __top_USB_RAM = 0x40104000
                0x40104000                __top_RAM3 = 0x40104000
                0x20040000                __base_SRAM4 = 0x20040000
                0x20040000                __base_RAM4 = 0x20040000
                0x20044000                __top_SRAM4 = 0x20044000
                0x20044000                __top_RAM4 = 0x20044000

.text           0x00000000     0x4dcc
 FILL mask 0xff
                0x00000000                __vectors_start__ = ABSOLUTE (.)
 *(SORT_BY_ALIGNMENT(.isr_vector))
 .isr_vector    0x00000000      0x130 ./startup/startup_lpc55s69_cm33_core0.o
                0x00000000                g_pfnVectors
                0x00000000                __Vectors
                0x00000130                . = ALIGN (0x4)
                0x00000130                __section_table_start = .
                0x00000130                __data_section_table = .
                0x00000130        0x4 LONG 0x4dcc LOADADDR (.data)
                0x00000134        0x4 LONG 0x20000000 ADDR (.data)
                0x00000138        0x4 LONG 0x8c SIZEOF (.data)
                0x0000013c        0x4 LONG 0x4dcc LOADADDR (.data_RAM2)
                0x00000140        0x4 LONG 0x4000000 ADDR (.data_RAM2)
                0x00000144        0x4 LONG 0x0 SIZEOF (.data_RAM2)
                0x00000148        0x4 LONG 0x4dcc LOADADDR (.data_RAM3)
                0x0000014c        0x4 LONG 0x40100000 ADDR (.data_RAM3)
                0x00000150        0x4 LONG 0x0 SIZEOF (.data_RAM3)
                0x00000154        0x4 LONG 0x4dcc LOADADDR (.data_RAM4)
                0x00000158        0x4 LONG 0x20040000 ADDR (.data_RAM4)
                0x0000015c        0x4 LONG 0x0 SIZEOF (.data_RAM4)
                0x00000160                __data_section_table_end = .
                0x00000160                __bss_section_table = .
                0x00000160        0x4 LONG 0x20000200 ADDR (.bss)
                0x00000164        0x4 LONG 0x5b4 SIZEOF (.bss)
                0x00000168        0x4 LONG 0x4000000 ADDR (.bss_RAM2)
                0x0000016c        0x4 LONG 0x0 SIZEOF (.bss_RAM2)
                0x00000170        0x4 LONG 0x40100000 ADDR (.bss_RAM3)
                0x00000174        0x4 LONG 0x0 SIZEOF (.bss_RAM3)
                0x00000178        0x4 LONG 0x20040000 ADDR (.bss_RAM4)
                0x0000017c        0x4 LONG 0x0 SIZEOF (.bss_RAM4)
                0x00000180                __bss_section_table_end = .
                0x00000180                __section_table_end = .
 *(SORT_BY_ALIGNMENT(.after_vectors*))
 .after_vectors.reset
                0x00000180       0x68 ./startup/startup_lpc55s69_cm33_core0.o
                0x00000180                ResetISR
 .after_vectors.init_data
                0x000001e8       0x1e ./startup/startup_lpc55s69_cm33_core0.o
                0x000001e8                data_init
 .after_vectors.init_bss
                0x00000206       0x12 ./startup/startup_lpc55s69_cm33_core0.o
                0x00000206                bss_init
 .after_vectors
                0x00000218       0x16 ./startup/startup_lpc55s69_cm33_core0.o
                0x00000218                NMI_Handler
                0x0000021c                MemManage_Handler
                0x0000021e                BusFault_Handler
                0x00000220                UsageFault_Handler
                0x00000222                SecureFault_Handler
                0x00000224                SVC_Handler
                0x00000226                DebugMon_Handler
                0x00000228                PendSV_Handler
                0x0000022a                SysTick_Handler
                0x0000022c                Reserved56_DriverIRQHandler
                0x0000022c                PIN_INT0_DriverIRQHandler
                0x0000022c                CTIMER2_DriverIRQHandler
                0x0000022c                SEC_VIO_DriverIRQHandler
                0x0000022c                IntDefaultHandler
                0x0000022c                USB0_DriverIRQHandler
                0x0000022c                CASER_DriverIRQHandler
                0x0000022c                MRT0_DriverIRQHandler
                0x0000022c                PIN_INT2_DriverIRQHandler
                0x0000022c                Reserved41_DriverIRQHandler
                0x0000022c                PIN_INT4_DriverIRQHandler
                0x0000022c                PIN_INT5_DriverIRQHandler
                0x0000022c                SEC_GPIO_INT0_IRQ0_DriverIRQHandler
                0x0000022c                CTIMER4_DriverIRQHandler
                0x0000022c                GINT1_DriverIRQHandler
                0x0000022c                PIN_INT7_DriverIRQHandler
                0x0000022c                Reserved55_DriverIRQHandler
                0x0000022c                UTICK0_DriverIRQHandler
                0x0000022c                USB0_NEEDCLK_DriverIRQHandler
                0x0000022c                CTIMER0_DriverIRQHandler
                0x0000022c                CTIMER1_DriverIRQHandler
                0x0000022c                PIN_INT3_DriverIRQHandler
                0x0000022c                PIN_INT6_DriverIRQHandler
                0x0000022c                PQ_DriverIRQHandler
                0x0000022c                MAILBOX_DriverIRQHandler
                0x0000022c                PIN_INT1_DriverIRQHandler
                0x0000022c                CTIMER3_DriverIRQHandler
                0x0000022c                Reserved61_DriverIRQHandler
                0x0000022c                SEC_GPIO_INT0_IRQ1_DriverIRQHandler
                0x0000022c                PUF_DriverIRQHandler
                0x0000022c                RTC_DriverIRQHandler
                0x0000022c                Reserved42_DriverIRQHandler
                0x0000022c                Reserved39_DriverIRQHandler
                0x0000022c                USB1_DriverIRQHandler
                0x0000022c                Reserved60_DriverIRQHandler
                0x0000022c                ADC0_DriverIRQHandler
                0x0000022c                USB1_NEEDCLK_DriverIRQHandler
                0x0000022c                Reserved59_DriverIRQHandler
                0x0000022c                SDIO_DriverIRQHandler
                0x0000022c                GINT0_DriverIRQHandler
                0x0000022c                USB1_PHY_DriverIRQHandler
                0x0000022c                ACMP_DriverIRQHandler
                0x0000022c                Reserved57_DriverIRQHandler
                0x0000022c                HASHCRYPT_DriverIRQHandler
                0x0000022c                Reserved46_DriverIRQHandler
                0x0000022c                WDT_BOD_DriverIRQHandler
                0x0000022c                PLU_DriverIRQHandler
                0x0000022c                OS_EVENT_DriverIRQHandler
                0x0000022c                SEC_HYPERVISOR_CALL_DriverIRQHandler
 *(SORT_BY_ALIGNMENT(.text*))
 *fill*         0x0000022e        0x2 ff
 .text.main     0x00000230       0x30 ./source/LPC55S69_Project_SCT_ADC_DMA.o
                0x00000230                main
 .text.POWER_EnablePD
                0x00000260       0x20 ./drivers/fsl_clock.o
 .text.POWER_DisablePD
                0x00000280       0x20 ./drivers/fsl_clock.o
 .text.CLOCK_AttachClk
                0x000002a0       0x98 ./drivers/fsl_clock.o
                0x000002a0                CLOCK_AttachClk
 .text.CLOCK_SetClkDiv
                0x00000338       0x80 ./drivers/fsl_clock.o
                0x00000338                CLOCK_SetClkDiv
 .text.CLOCK_SetupFROClocking
                0x000003b8       0x80 ./drivers/fsl_clock.o
                0x000003b8                CLOCK_SetupFROClocking
 .text.CLOCK_SetFLASHAccessCyclesForFreq
                0x00000438      0x148 ./drivers/fsl_clock.o
                0x00000438                CLOCK_SetFLASHAccessCyclesForFreq
 .text.CLOCK_SetupExtClocking
                0x00000580       0x50 ./drivers/fsl_clock.o
                0x00000580                CLOCK_SetupExtClocking
 .text.CLOCK_GetFro1MFreq
                0x000005d0       0x28 ./drivers/fsl_clock.o
                0x000005d0                CLOCK_GetFro1MFreq
 .text.CLOCK_GetExtClkFreq
                0x000005f8       0x2c ./drivers/fsl_clock.o
                0x000005f8                CLOCK_GetExtClkFreq
 .text.CLOCK_GetOsc32KFreq
                0x00000624       0x58 ./drivers/fsl_clock.o
                0x00000624                CLOCK_GetOsc32KFreq
 .text.CLOCK_GetPLL0InClockRate
                0x0000067c       0x64 ./drivers/fsl_clock.o
                0x0000067c                CLOCK_GetPLL0InClockRate
 .text.CLOCK_SetPLL0Freq
                0x000006e0      0x12c ./drivers/fsl_clock.o
                0x000006e0                CLOCK_SetPLL0Freq
 .text.SDK_DelayAtLeastUs
                0x0000080c       0x8c ./drivers/fsl_common_arm.o
                0x0000080c                SDK_DelayAtLeastUs
 .text.DMA_GetInstance
                0x00000898       0x4c ./drivers/fsl_dma.o
 .text.DMA_Init
                0x000008e4       0x68 ./drivers/fsl_dma.o
                0x000008e4                DMA_Init
 .text.DMA_IRQHandle
                0x0000094c      0x168 ./drivers/fsl_dma.o
                0x0000094c                DMA_IRQHandle
 .text.DMA0_DriverIRQHandler
                0x00000ab4       0x14 ./drivers/fsl_dma.o
                0x00000ab4                DMA0_DriverIRQHandler
 .text.DMA1_DriverIRQHandler
                0x00000ac8       0x14 ./drivers/fsl_dma.o
                0x00000ac8                DMA1_DriverIRQHandler
 .text.FLEXCOMM_GetInstance
                0x00000adc       0x50 ./drivers/fsl_flexcomm.o
                0x00000adc                FLEXCOMM_GetInstance
 .text.FLEXCOMM0_DriverIRQHandler
                0x00000b2c       0x5c ./drivers/fsl_flexcomm.o
                0x00000b2c                FLEXCOMM0_DriverIRQHandler
 .text.FLEXCOMM1_DriverIRQHandler
                0x00000b88       0x5c ./drivers/fsl_flexcomm.o
                0x00000b88                FLEXCOMM1_DriverIRQHandler
 .text.FLEXCOMM2_DriverIRQHandler
                0x00000be4       0x5c ./drivers/fsl_flexcomm.o
                0x00000be4                FLEXCOMM2_DriverIRQHandler
 .text.FLEXCOMM3_DriverIRQHandler
                0x00000c40       0x5c ./drivers/fsl_flexcomm.o
                0x00000c40                FLEXCOMM3_DriverIRQHandler
 .text.FLEXCOMM4_DriverIRQHandler
                0x00000c9c       0x5c ./drivers/fsl_flexcomm.o
                0x00000c9c                FLEXCOMM4_DriverIRQHandler
 .text.FLEXCOMM5_DriverIRQHandler
                0x00000cf8       0x5c ./drivers/fsl_flexcomm.o
                0x00000cf8                FLEXCOMM5_DriverIRQHandler
 .text.FLEXCOMM6_DriverIRQHandler
                0x00000d54       0x5c ./drivers/fsl_flexcomm.o
                0x00000d54                FLEXCOMM6_DriverIRQHandler
 .text.FLEXCOMM7_DriverIRQHandler
                0x00000db0       0x5c ./drivers/fsl_flexcomm.o
                0x00000db0                FLEXCOMM7_DriverIRQHandler
 .text.FLEXCOMM8_DriverIRQHandler
                0x00000e0c       0x5c ./drivers/fsl_flexcomm.o
                0x00000e0c                FLEXCOMM8_DriverIRQHandler
 .text.GPIO_EnablePortClock
                0x00000e68       0x34 ./drivers/fsl_gpio.o
 .text.LPADC_GetInstance
                0x00000e9c       0x44 ./drivers/fsl_lpadc.o
 .text.LPADC_Init
                0x00000ee0      0x114 ./drivers/fsl_lpadc.o
                0x00000ee0                LPADC_Init
 .text.LPADC_SetConvTriggerConfig
                0x00000ff4       0x8c ./drivers/fsl_lpadc.o
                0x00000ff4                LPADC_SetConvTriggerConfig
 .text.LPADC_SetConvCommandConfig
                0x00001080      0x110 ./drivers/fsl_lpadc.o
                0x00001080                LPADC_SetConvCommandConfig
 .text.LPADC_DoAutoCalibration
                0x00001190       0xec ./drivers/fsl_lpadc.o
                0x00001190                LPADC_DoAutoCalibration
 .text.lowpower_set_system_voltage
                0x0000127c      0x154 ./drivers/fsl_power.o
 .text.lowpower_set_dcdc_power_profile
                0x000013d0       0xec ./drivers/fsl_power.o
 .text.lowpower_get_part_process_corner
                0x000014bc       0x94 ./drivers/fsl_power.o
 .text.POWER_SetVoltageForFreq
                0x00001550       0x50 ./drivers/fsl_power.o
                0x00001550                POWER_SetVoltageForFreq
 .text.RESET_SetPeripheralReset
                0x000015a0       0x5c ./drivers/fsl_reset.o
                0x000015a0                RESET_SetPeripheralReset
 .text.RESET_ClearPeripheralReset
                0x000015fc       0x60 ./drivers/fsl_reset.o
                0x000015fc                RESET_ClearPeripheralReset
 .text.SCTIMER_GetInstance
                0x0000165c       0x4c ./drivers/fsl_sctimer.o
 .text.SCTIMER_Init
                0x000016a8      0x13c ./drivers/fsl_sctimer.o
                0x000016a8                SCTIMER_Init
 .text.SCTIMER_CreateAndScheduleEvent
                0x000017e4      0x20c ./drivers/fsl_sctimer.o
                0x000017e4                SCTIMER_CreateAndScheduleEvent
 .text.SCTIMER_IncreaseState
                0x000019f0       0x38 ./drivers/fsl_sctimer.o
                0x000019f0                SCTIMER_IncreaseState
 .text.SCTIMER_SetupOutputToggleAction
                0x00001a28       0x94 ./drivers/fsl_sctimer.o
                0x00001a28                SCTIMER_SetupOutputToggleAction
 .text.SCTIMER_EventHandleIRQ
                0x00001abc       0x7c ./drivers/fsl_sctimer.o
                0x00001abc                SCTIMER_EventHandleIRQ
 .text.SCT0_DriverIRQHandler
                0x00001b38       0x18 ./drivers/fsl_sctimer.o
                0x00001b38                SCT0_DriverIRQHandler
 .text.SystemInit
                0x00001b50       0x64 ./device/system_LPC55S69_cm33_core0.o
                0x00001b50                SystemInit
 .text.BOARD_InitDebugConsole
                0x00001bb4       0x38 ./board/board.o
                0x00001bb4                BOARD_InitDebugConsole
 .text.POWER_DisablePD
                0x00001bec       0x20 ./board/clock_config.o
 .text.BOARD_BootClockPLL150M
                0x00001c0c       0xfc ./board/clock_config.o
                0x00001c0c                BOARD_BootClockPLL150M
 .text.SCTIMER_StartTimer
                0x00001d08       0xd4 ./board/peripherals.o
 .text.SCTIMER_SetupCounterLimitAction
                0x00001ddc       0xb8 ./board/peripherals.o
 .text.ADC0_init
                0x00001e94       0x70 ./board/peripherals.o
 .text.SCT0_init
                0x00001f04      0x318 ./board/peripherals.o
 .text.BOARD_InitPeripherals_cm33_core0
                0x0000221c       0x1c ./board/peripherals.o
                0x0000221c                BOARD_InitPeripherals_cm33_core0
 .text.BOARD_InitDEBUG_UARTPins
                0x00002238       0x3c ./board/pin_mux.o
                0x00002238                BOARD_InitDEBUG_UARTPins
 .text.BOARD_InitADC
                0x00002274      0x188 ./board/pin_mux.o
                0x00002274                BOARD_InitADC
 .text.BOARD_InitSCT
                0x000023fc       0x5c ./board/pin_mux.o
                0x000023fc                BOARD_InitSCT
 .text.__assertion_failed
                0x00002458       0x4c c:/nxp/mcuxpressoide_11.5.0_7232/ide/plugins/com.nxp.mcuxpresso.tools.win32_11.5.0.202107051138/tools/bin/../lib/gcc/arm-none-eabi/10.3.1/../../../../arm-none-eabi/lib/thumb/v8-m.main+fp/hard\libcr_semihost_nf.a(_cr_assert.o)
                0x00002458                __assertion_failed
 .text.__sys_appexit
                0x000024a4        0xc c:/nxp/mcuxpressoide_11.5.0_7232/ide/plugins/com.nxp.mcuxpresso.tools.win32_11.5.0.202107051138/tools/bin/../lib/gcc/arm-none-eabi/10.3.1/../../../../arm-none-eabi/lib/thumb/v8-m.main+fp/hard\libcr_semihost_nf.a(__sys_appexit.o)
                0x000024a4                __sys_appexit
                0x000024a4                __exit
 .text._Cwritebuf
                0x000024b0       0x6c c:/nxp/mcuxpressoide_11.5.0_7232/ide/plugins/com.nxp.mcuxpresso.tools.win32_11.5.0.202107051138/tools/bin/../lib/gcc/arm-none-eabi/10.3.1/../../../../arm-none-eabi/lib/thumb/v8-m.main+fp/hard\libcr_c.a(_writebuf.o)
                0x000024b0                _Cwritebuf
 .text.malloc   0x0000251c       0xc8 c:/nxp/mcuxpressoide_11.5.0_7232/ide/plugins/com.nxp.mcuxpresso.tools.win32_11.5.0.202107051138/tools/bin/../lib/gcc/arm-none-eabi/10.3.1/../../../../arm-none-eabi/lib/thumb/v8-m.main+fp/hard\libcr_c.a(alloc.o)
                0x0000251c                malloc
 .text._Csys_alloc
                0x000025e4       0x20 c:/nxp/mcuxpressoide_11.5.0_7232/ide/plugins/com.nxp.mcuxpresso.tools.win32_11.5.0.202107051138/tools/bin/../lib/gcc/arm-none-eabi/10.3.1/../../../../arm-none-eabi/lib/thumb/v8-m.main+fp/hard\libcr_c.a(alloc.o)
                0x000025e4                _Csys_alloc
 .text.fseek    0x00002604       0xfc c:/nxp/mcuxpressoide_11.5.0_7232/ide/plugins/com.nxp.mcuxpresso.tools.win32_11.5.0.202107051138/tools/bin/../lib/gcc/arm-none-eabi/10.3.1/../../../../arm-none-eabi/lib/thumb/v8-m.main+fp/hard\libcr_c.a(fseek.o)
                0x00002604                fseek
 .text.ftell    0x00002700       0x44 c:/nxp/mcuxpressoide_11.5.0_7232/ide/plugins/com.nxp.mcuxpresso.tools.win32_11.5.0.202107051138/tools/bin/../lib/gcc/arm-none-eabi/10.3.1/../../../../arm-none-eabi/lib/thumb/v8-m.main+fp/hard\libcr_c.a(ftell.o)
                0x00002700                ftell
 .text._initio  0x00002744       0x78 c:/nxp/mcuxpressoide_11.5.0_7232/ide/plugins/com.nxp.mcuxpresso.tools.win32_11.5.0.202107051138/tools/bin/../lib/gcc/arm-none-eabi/10.3.1/../../../../arm-none-eabi/lib/thumb/v8-m.main+fp/hard\libcr_c.a(initio.o)
                0x00002744                _initio
 .text.__vfprintf
                0x000027bc      0xbf4 c:/nxp/mcuxpressoide_11.5.0_7232/ide/plugins/com.nxp.mcuxpresso.tools.win32_11.5.0.202107051138/tools/bin/../lib/gcc/arm-none-eabi/10.3.1/../../../../arm-none-eabi/lib/thumb/v8-m.main+fp/hard\libcr_c.a(printf.o)
                0x000027bc                __vfprintf
 .text._vsnprintf
                0x000033b0       0x68 c:/nxp/mcuxpressoide_11.5.0_7232/ide/plugins/com.nxp.mcuxpresso.tools.win32_11.5.0.202107051138/tools/bin/../lib/gcc/arm-none-eabi/10.3.1/../../../../arm-none-eabi/lib/thumb/v8-m.main+fp/hard\libcr_c.a(printf.o)
                0x000033b0                _vsnprintf
 .text._printf  0x00003418       0x54 c:/nxp/mcuxpressoide_11.5.0_7232/ide/plugins/com.nxp.mcuxpresso.tools.win32_11.5.0.202107051138/tools/bin/../lib/gcc/arm-none-eabi/10.3.1/../../../../arm-none-eabi/lib/thumb/v8-m.main+fp/hard\libcr_c.a(printf.o)
                0x00003418                _printf
 .text._sbrk    0x0000346c       0x3c c:/nxp/mcuxpressoide_11.5.0_7232/ide/plugins/com.nxp.mcuxpresso.tools.win32_11.5.0.202107051138/tools/bin/../lib/gcc/arm-none-eabi/10.3.1/../../../../arm-none-eabi/lib/thumb/v8-m.main+fp/hard\libcr_c.a(_cr_sbrk.o)
                0x0000346c                _sbrk
 .text.fflush   0x000034a8       0x3c c:/nxp/mcuxpressoide_11.5.0_7232/ide/plugins/com.nxp.mcuxpresso.tools.win32_11.5.0.202107051138/tools/bin/../lib/gcc/arm-none-eabi/10.3.1/../../../../arm-none-eabi/lib/thumb/v8-m.main+fp/hard\libcr_c.a(fflush.o)
                0x000034a8                fflush
 .text.__check_heap_overflow
                0x000034e4       0x18 c:/nxp/mcuxpressoide_11.5.0_7232/ide/plugins/com.nxp.mcuxpresso.tools.win32_11.5.0.202107051138/tools/bin/../lib/gcc/arm-none-eabi/10.3.1/../../../../arm-none-eabi/lib/thumb/v8-m.main+fp/hard\libcr_c.a(_cr_check_heap.o)
                0x000034e4                __check_heap_overflow
 .text.WDT_BOD_IRQHandler
                0x000034fc        0x8 ./startup/startup_lpc55s69_cm33_core0.o
                0x000034fc                WDT_BOD_IRQHandler
 .text.DMA0_IRQHandler
                0x00003504        0x8 ./startup/startup_lpc55s69_cm33_core0.o
                0x00003504                DMA0_IRQHandler
 .text.GINT0_IRQHandler
                0x0000350c        0x8 ./startup/startup_lpc55s69_cm33_core0.o
                0x0000350c                GINT0_IRQHandler
 .text.GINT1_IRQHandler
                0x00003514        0x8 ./startup/startup_lpc55s69_cm33_core0.o
                0x00003514                GINT1_IRQHandler
 .text.PIN_INT0_IRQHandler
                0x0000351c        0x8 ./startup/startup_lpc55s69_cm33_core0.o
                0x0000351c                PIN_INT0_IRQHandler
 .text.PIN_INT1_IRQHandler
                0x00003524        0x8 ./startup/startup_lpc55s69_cm33_core0.o
                0x00003524                PIN_INT1_IRQHandler
 .text.PIN_INT2_IRQHandler
                0x0000352c        0x8 ./startup/startup_lpc55s69_cm33_core0.o
                0x0000352c                PIN_INT2_IRQHandler
 .text.PIN_INT3_IRQHandler
                0x00003534        0x8 ./startup/startup_lpc55s69_cm33_core0.o
                0x00003534                PIN_INT3_IRQHandler
 .text.UTICK0_IRQHandler
                0x0000353c        0x8 ./startup/startup_lpc55s69_cm33_core0.o
                0x0000353c                UTICK0_IRQHandler
 .text.MRT0_IRQHandler
                0x00003544        0x8 ./startup/startup_lpc55s69_cm33_core0.o
                0x00003544                MRT0_IRQHandler
 .text.CTIMER0_IRQHandler
                0x0000354c        0x8 ./startup/startup_lpc55s69_cm33_core0.o
                0x0000354c                CTIMER0_IRQHandler
 .text.CTIMER1_IRQHandler
                0x00003554        0x8 ./startup/startup_lpc55s69_cm33_core0.o
                0x00003554                CTIMER1_IRQHandler
 .text.SCT0_IRQHandler
                0x0000355c        0x8 ./startup/startup_lpc55s69_cm33_core0.o
                0x0000355c                SCT0_IRQHandler
 .text.CTIMER3_IRQHandler
                0x00003564        0x8 ./startup/startup_lpc55s69_cm33_core0.o
                0x00003564                CTIMER3_IRQHandler
 .text.FLEXCOMM0_IRQHandler
                0x0000356c        0x8 ./startup/startup_lpc55s69_cm33_core0.o
                0x0000356c                FLEXCOMM0_IRQHandler
 .text.FLEXCOMM1_IRQHandler
                0x00003574        0x8 ./startup/startup_lpc55s69_cm33_core0.o
                0x00003574                FLEXCOMM1_IRQHandler
 .text.FLEXCOMM2_IRQHandler
                0x0000357c        0x8 ./startup/startup_lpc55s69_cm33_core0.o
                0x0000357c                FLEXCOMM2_IRQHandler
 .text.FLEXCOMM3_IRQHandler
                0x00003584        0x8 ./startup/startup_lpc55s69_cm33_core0.o
                0x00003584                FLEXCOMM3_IRQHandler
 .text.FLEXCOMM4_IRQHandler
                0x0000358c        0x8 ./startup/startup_lpc55s69_cm33_core0.o
                0x0000358c                FLEXCOMM4_IRQHandler
 .text.FLEXCOMM5_IRQHandler
                0x00003594        0x8 ./startup/startup_lpc55s69_cm33_core0.o
                0x00003594                FLEXCOMM5_IRQHandler
 .text.FLEXCOMM6_IRQHandler
                0x0000359c        0x8 ./startup/startup_lpc55s69_cm33_core0.o
                0x0000359c                FLEXCOMM6_IRQHandler
 .text.FLEXCOMM7_IRQHandler
                0x000035a4        0x8 ./startup/startup_lpc55s69_cm33_core0.o
                0x000035a4                FLEXCOMM7_IRQHandler
 .text.ADC0_IRQHandler
                0x000035ac        0x8 ./startup/startup_lpc55s69_cm33_core0.o
                0x000035ac                ADC0_IRQHandler
 .text.Reserved39_IRQHandler
                0x000035b4        0x8 ./startup/startup_lpc55s69_cm33_core0.o
                0x000035b4                Reserved39_IRQHandler
 .text.ACMP_IRQHandler
                0x000035bc        0x8 ./startup/startup_lpc55s69_cm33_core0.o
                0x000035bc                ACMP_IRQHandler
 .text.Reserved41_IRQHandler
                0x000035c4        0x8 ./startup/startup_lpc55s69_cm33_core0.o
                0x000035c4                Reserved41_IRQHandler
 .text.Reserved42_IRQHandler
                0x000035cc        0x8 ./startup/startup_lpc55s69_cm33_core0.o
                0x000035cc                Reserved42_IRQHandler
 .text.USB0_NEEDCLK_IRQHandler
                0x000035d4        0x8 ./startup/startup_lpc55s69_cm33_core0.o
                0x000035d4                USB0_NEEDCLK_IRQHandler
 .text.USB0_IRQHandler
                0x000035dc        0x8 ./startup/startup_lpc55s69_cm33_core0.o
                0x000035dc                USB0_IRQHandler
 .text.RTC_IRQHandler
                0x000035e4        0x8 ./startup/startup_lpc55s69_cm33_core0.o
                0x000035e4                RTC_IRQHandler
 .text.Reserved46_IRQHandler
                0x000035ec        0x8 ./startup/startup_lpc55s69_cm33_core0.o
                0x000035ec                Reserved46_IRQHandler
 .text.MAILBOX_IRQHandler
                0x000035f4        0x8 ./startup/startup_lpc55s69_cm33_core0.o
                0x000035f4                MAILBOX_IRQHandler
 .text.PIN_INT4_IRQHandler
                0x000035fc        0x8 ./startup/startup_lpc55s69_cm33_core0.o
                0x000035fc                PIN_INT4_IRQHandler
 .text.PIN_INT5_IRQHandler
                0x00003604        0x8 ./startup/startup_lpc55s69_cm33_core0.o
                0x00003604                PIN_INT5_IRQHandler
 .text.PIN_INT6_IRQHandler
                0x0000360c        0x8 ./startup/startup_lpc55s69_cm33_core0.o
                0x0000360c                PIN_INT6_IRQHandler
 .text.PIN_INT7_IRQHandler
                0x00003614        0x8 ./startup/startup_lpc55s69_cm33_core0.o
                0x00003614                PIN_INT7_IRQHandler
 .text.CTIMER2_IRQHandler
                0x0000361c        0x8 ./startup/startup_lpc55s69_cm33_core0.o
                0x0000361c                CTIMER2_IRQHandler
 .text.CTIMER4_IRQHandler
                0x00003624        0x8 ./startup/startup_lpc55s69_cm33_core0.o
                0x00003624                CTIMER4_IRQHandler
 .text.OS_EVENT_IRQHandler
                0x0000362c        0x8 ./startup/startup_lpc55s69_cm33_core0.o
                0x0000362c                OS_EVENT_IRQHandler
 .text.Reserved55_IRQHandler
                0x00003634        0x8 ./startup/startup_lpc55s69_cm33_core0.o
                0x00003634                Reserved55_IRQHandler
 .text.Reserved56_IRQHandler
                0x0000363c        0x8 ./startup/startup_lpc55s69_cm33_core0.o
                0x0000363c                Reserved56_IRQHandler
 .text.Reserved57_IRQHandler
                0x00003644        0x8 ./startup/startup_lpc55s69_cm33_core0.o
                0x00003644                Reserved57_IRQHandler
 .text.SDIO_IRQHandler
                0x0000364c        0x8 ./startup/startup_lpc55s69_cm33_core0.o
                0x0000364c                SDIO_IRQHandler
 .text.Reserved59_IRQHandler
                0x00003654        0x8 ./startup/startup_lpc55s69_cm33_core0.o
                0x00003654                Reserved59_IRQHandler
 .text.Reserved60_IRQHandler
                0x0000365c        0x8 ./startup/startup_lpc55s69_cm33_core0.o
                0x0000365c                Reserved60_IRQHandler
 .text.Reserved61_IRQHandler
                0x00003664        0x8 ./startup/startup_lpc55s69_cm33_core0.o
                0x00003664                Reserved61_IRQHandler
 .text.USB1_PHY_IRQHandler
                0x0000366c        0x8 ./startup/startup_lpc55s69_cm33_core0.o
                0x0000366c                USB1_PHY_IRQHandler
 .text.USB1_IRQHandler
                0x00003674        0x8 ./startup/startup_lpc55s69_cm33_core0.o
                0x00003674                USB1_IRQHandler
 .text.USB1_NEEDCLK_IRQHandler
                0x0000367c        0x8 ./startup/startup_lpc55s69_cm33_core0.o
                0x0000367c                USB1_NEEDCLK_IRQHandler
 .text.SEC_HYPERVISOR_CALL_IRQHandler
                0x00003684        0x8 ./startup/startup_lpc55s69_cm33_core0.o
                0x00003684                SEC_HYPERVISOR_CALL_IRQHandler
 .text.SEC_GPIO_INT0_IRQ0_IRQHandler
                0x0000368c        0x8 ./startup/startup_lpc55s69_cm33_core0.o
                0x0000368c                SEC_GPIO_INT0_IRQ0_IRQHandler
 .text.SEC_GPIO_INT0_IRQ1_IRQHandler
                0x00003694        0x8 ./startup/startup_lpc55s69_cm33_core0.o
                0x00003694                SEC_GPIO_INT0_IRQ1_IRQHandler
 .text.PLU_IRQHandler
                0x0000369c        0x8 ./startup/startup_lpc55s69_cm33_core0.o
                0x0000369c                PLU_IRQHandler
 .text.SEC_VIO_IRQHandler
                0x000036a4        0x8 ./startup/startup_lpc55s69_cm33_core0.o
                0x000036a4                SEC_VIO_IRQHandler
 .text.HASHCRYPT_IRQHandler
                0x000036ac        0x8 ./startup/startup_lpc55s69_cm33_core0.o
                0x000036ac                HASHCRYPT_IRQHandler
 .text.CASER_IRQHandler
                0x000036b4        0x8 ./startup/startup_lpc55s69_cm33_core0.o
                0x000036b4                CASER_IRQHandler
 .text.PUF_IRQHandler
                0x000036bc        0x8 ./startup/startup_lpc55s69_cm33_core0.o
                0x000036bc                PUF_IRQHandler
 .text.PQ_IRQHandler
                0x000036c4        0x8 ./startup/startup_lpc55s69_cm33_core0.o
                0x000036c4                PQ_IRQHandler
 .text.DMA1_IRQHandler
                0x000036cc        0x8 ./startup/startup_lpc55s69_cm33_core0.o
                0x000036cc                DMA1_IRQHandler
 .text.FLEXCOMM8_IRQHandler
                0x000036d4        0x8 ./startup/startup_lpc55s69_cm33_core0.o
                0x000036d4                FLEXCOMM8_IRQHandler
 .text.HardFault_Handler
                0x000036dc       0x2c ./source/semihost_hardfault.o
                0x000036dc                HardFault_Handler
 .text.CLOCK_IsPLL0Locked
                0x00003708       0x24 ./drivers/fsl_clock.o
 .text.findPll0PreDiv
                0x0000372c       0x3e ./drivers/fsl_clock.o
 .text.DelayLoop
                0x0000376a       0x20 ./drivers/fsl_common_arm.o
 .text.CLOCK_EnableClock
                0x0000378a       0x30 ./drivers/fsl_dma.o
 .text.DMA_GetVirtualStartChannel
                0x000037ba       0x40 ./drivers/fsl_dma.o
 .text.CLOCK_EnableClock
                0x000037fa       0x30 ./drivers/fsl_gpio.o
 .text.GPIO_PinInit
                0x0000382a       0xa4 ./drivers/fsl_gpio.o
                0x0000382a                GPIO_PinInit
 .text.CLOCK_EnableClock
                0x000038ce       0x30 ./drivers/fsl_lpadc.o
 .text.LPADC_Enable
                0x000038fe       0x38 ./drivers/fsl_lpadc.o
 .text.LPADC_DoResetFIFO0
                0x00003936       0x20 ./drivers/fsl_lpadc.o
 .text.LPADC_DoResetFIFO1
                0x00003956       0x20 ./drivers/fsl_lpadc.o
 .text.LPADC_DoResetConfig
                0x00003976       0x2c ./drivers/fsl_lpadc.o
 .text.LPADC_GetConvResultCount
                0x000039a2       0x26 ./drivers/fsl_lpadc.o
 .text.lowpower_set_voltage_for_process
                0x000039c8       0xaa ./drivers/fsl_power.o
 .text.RESET_PeripheralReset
                0x00003a72       0x1c ./drivers/fsl_reset.o
                0x00003a72                RESET_PeripheralReset
 .text.CLOCK_EnableClock
                0x00003a8e       0x30 ./drivers/fsl_sctimer.o
 .text.SystemInitHook
                0x00003abe        0xe ./device/system_LPC55S69_cm33_core0.o
                0x00003abe                SystemInitHook
 .text.DbgConsole_Init
                0x00003acc       0x20 ./board/board.o
 .text.BOARD_InitBootClocks
                0x00003aec        0xc ./board/clock_config.o
                0x00003aec                BOARD_InitBootClocks
 .text.LPADC_EnableInterrupts
                0x00003af8       0x22 ./board/peripherals.o
 .text.LPADC_EnableFIFO0WatermarkDMA
                0x00003b1a       0x38 ./board/peripherals.o
 .text.LPADC_EnableFIFO1WatermarkDMA
                0x00003b52       0x38 ./board/peripherals.o
 .text.SCTIMER_SetupNextStateAction
                0x00003b8a       0x4e ./board/peripherals.o
 .text.BOARD_InitBootPeripherals
                0x00003bd8        0xc ./board/peripherals.o
                0x00003bd8                BOARD_InitBootPeripherals
 .text.Chip_GetVersion
                0x00003be4       0x36 ./board/pin_mux.o
 .text.CLOCK_EnableClock
                0x00003c1a       0x30 ./board/pin_mux.o
 .text.IOCON_PinMuxSet
                0x00003c4a       0x2e ./board/pin_mux.o
 .text.BOARD_InitBootPins
                0x00003c78       0x14 ./board/pin_mux.o
                0x00003c78                BOARD_InitBootPins
 .text.__main   0x00003c8c        0xe c:/nxp/mcuxpressoide_11.5.0_7232/ide/plugins/com.nxp.mcuxpresso.tools.win32_11.5.0.202107051138/tools/bin/../lib/gcc/arm-none-eabi/10.3.1/../../../../arm-none-eabi/lib/thumb/v8-m.main+fp/hard\libcr_semihost_nf.a(_cr__main.o)
                0x00003c8c                __CR_SEMIHOST
                0x00003c8c                __main
 .text.memset   0x00003c9a        0x4 c:/nxp/mcuxpressoide_11.5.0_7232/ide/plugins/com.nxp.mcuxpresso.tools.win32_11.5.0.202107051138/tools/bin/../lib/gcc/arm-none-eabi/10.3.1/../../../../arm-none-eabi/lib/thumb/v8-m.main+fp/hard\libcr_c.a(memset.o)
                0x00003c9a                memset
 .text._deferredlazyseek
                0x00003c9e       0x40 c:/nxp/mcuxpressoide_11.5.0_7232/ide/plugins/com.nxp.mcuxpresso.tools.win32_11.5.0.202107051138/tools/bin/../lib/gcc/arm-none-eabi/10.3.1/../../../../arm-none-eabi/lib/thumb/v8-m.main+fp/hard\libcr_c.a(_deferredlazyseek.o)
                0x00003c9e                _deferredlazyseek
 .text.__flsbuf
                0x00003cde      0x140 c:/nxp/mcuxpressoide_11.5.0_7232/ide/plugins/com.nxp.mcuxpresso.tools.win32_11.5.0.202107051138/tools/bin/../lib/gcc/arm-none-eabi/10.3.1/../../../../arm-none-eabi/lib/thumb/v8-m.main+fp/hard\libcr_c.a(_deferredlazyseek.o)
                0x00003cde                __flsbuf
 .text._fflush  0x00003e1e       0x52 c:/nxp/mcuxpressoide_11.5.0_7232/ide/plugins/com.nxp.mcuxpresso.tools.win32_11.5.0.202107051138/tools/bin/../lib/gcc/arm-none-eabi/10.3.1/../../../../arm-none-eabi/lib/thumb/v8-m.main+fp/hard\libcr_c.a(_fflush.o)
                0x00003e1e                _fflush
 .text.free     0x00003e70       0x30 c:/nxp/mcuxpressoide_11.5.0_7232/ide/plugins/com.nxp.mcuxpresso.tools.win32_11.5.0.202107051138/tools/bin/../lib/gcc/arm-none-eabi/10.3.1/../../../../arm-none-eabi/lib/thumb/v8-m.main+fp/hard\libcr_c.a(alloc.o)
                0x00003e70                free
 .text.fputs    0x00003ea0       0x2c c:/nxp/mcuxpressoide_11.5.0_7232/ide/plugins/com.nxp.mcuxpresso.tools.win32_11.5.0.202107051138/tools/bin/../lib/gcc/arm-none-eabi/10.3.1/../../../../arm-none-eabi/lib/thumb/v8-m.main+fp/hard\libcr_c.a(fputs.o)
                0x00003ea0                fputs
 .text.no_fp_display
                0x00003ecc        0x4 c:/nxp/mcuxpressoide_11.5.0_7232/ide/plugins/com.nxp.mcuxpresso.tools.win32_11.5.0.202107051138/tools/bin/../lib/gcc/arm-none-eabi/10.3.1/../../../../arm-none-eabi/lib/thumb/v8-m.main+fp/hard\libcr_c.a(printf.o)
 .text.setvbuf  0x00003ed0       0x3e c:/nxp/mcuxpressoide_11.5.0_7232/ide/plugins/com.nxp.mcuxpresso.tools.win32_11.5.0.202107051138/tools/bin/../lib/gcc/arm-none-eabi/10.3.1/../../../../arm-none-eabi/lib/thumb/v8-m.main+fp/hard\libcr_c.a(setvbuf.o)
                0x00003ed0                setvbuf
 .text.strlen   0x00003f0e       0x48 c:/nxp/mcuxpressoide_11.5.0_7232/ide/plugins/com.nxp.mcuxpresso.tools.win32_11.5.0.202107051138/tools/bin/../lib/gcc/arm-none-eabi/10.3.1/../../../../arm-none-eabi/lib/thumb/v8-m.main+fp/hard\libcr_c.a(strlen.o)
                0x00003f0e                strlen
 .text._fdopen  0x00003f56       0x68 c:/nxp/mcuxpressoide_11.5.0_7232/ide/plugins/com.nxp.mcuxpresso.tools.win32_11.5.0.202107051138/tools/bin/../lib/gcc/arm-none-eabi/10.3.1/../../../../arm-none-eabi/lib/thumb/v8-m.main+fp/hard\libcr_c.a(_fdopen.o)
                0x00003f56                _fdopen
 .text.fclose   0x00003fbe       0x58 c:/nxp/mcuxpressoide_11.5.0_7232/ide/plugins/com.nxp.mcuxpresso.tools.win32_11.5.0.202107051138/tools/bin/../lib/gcc/arm-none-eabi/10.3.1/../../../../arm-none-eabi/lib/thumb/v8-m.main+fp/hard\libcr_c.a(fclose.o)
                0x00003fbe                fclose
 .text.remove   0x00004016       0x14 c:/nxp/mcuxpressoide_11.5.0_7232/ide/plugins/com.nxp.mcuxpresso.tools.win32_11.5.0.202107051138/tools/bin/../lib/gcc/arm-none-eabi/10.3.1/../../../../arm-none-eabi/lib/thumb/v8-m.main+fp/hard\libcr_c.a(remove.o)
                0x00004016                remove
 .text._do_fflush
                0x0000402a       0x40 c:/nxp/mcuxpressoide_11.5.0_7232/ide/plugins/com.nxp.mcuxpresso.tools.win32_11.5.0.202107051138/tools/bin/../lib/gcc/arm-none-eabi/10.3.1/../../../../arm-none-eabi/lib/thumb/v8-m.main+fp/hard\libcr_c.a(_do_fflush.o)
                0x0000402a                _do_fflush
 .text.__aeabi_division_uldivmod
                0x0000406a      0x174 c:/nxp/mcuxpressoide_11.5.0_7232/ide/plugins/com.nxp.mcuxpresso.tools.win32_11.5.0.202107051138/tools/bin/../lib/gcc/arm-none-eabi/10.3.1/thumb/v8-m.main+fp/hard\libcr_eabihelpers.a(division_64.o)
                0x0000406a                __aeabi_uldivmod
                0x0000406e                __bhs_ldivmod1
 .text.__aeabi_division_idiv0
                0x000041de        0x2 c:/nxp/mcuxpressoide_11.5.0_7232/ide/plugins/com.nxp.mcuxpresso.tools.win32_11.5.0.202107051138/tools/bin/../lib/gcc/arm-none-eabi/10.3.1/thumb/v8-m.main+fp/hard\libcr_eabihelpers.a(division_idiv0.o)
                0x000041de                __aeabi_idiv0
 .text.__aeabi_memset_lowlevel
                0x000041e0       0x32 c:/nxp/mcuxpressoide_11.5.0_7232/ide/plugins/com.nxp.mcuxpresso.tools.win32_11.5.0.202107051138/tools/bin/../lib/gcc/arm-none-eabi/10.3.1/thumb/v8-m.main+fp/hard\libcr_eabihelpers.a(memcpy.o)
                0x000041e0                __aeabi_lowlevel_memset
 .text.__sys_close
                0x00004212        0xc c:/nxp/mcuxpressoide_11.5.0_7232/ide/plugins/com.nxp.mcuxpresso.tools.win32_11.5.0.202107051138/tools/bin/../lib/gcc/arm-none-eabi/10.3.1/../../../../arm-none-eabi/lib/thumb/v8-m.main+fp/hard\libcr_semihost_nf.a(__sys_close.o)
                0x00004212                __sys_close
 .text.__sys_flen
                0x0000421e        0xc c:/nxp/mcuxpressoide_11.5.0_7232/ide/plugins/com.nxp.mcuxpresso.tools.win32_11.5.0.202107051138/tools/bin/../lib/gcc/arm-none-eabi/10.3.1/../../../../arm-none-eabi/lib/thumb/v8-m.main+fp/hard\libcr_semihost_nf.a(__sys_flen.o)
                0x0000421e                __sys_flen
 .text.__sys_istty
                0x0000422a        0xc c:/nxp/mcuxpressoide_11.5.0_7232/ide/plugins/com.nxp.mcuxpresso.tools.win32_11.5.0.202107051138/tools/bin/../lib/gcc/arm-none-eabi/10.3.1/../../../../arm-none-eabi/lib/thumb/v8-m.main+fp/hard\libcr_semihost_nf.a(__sys_istty.o)
                0x0000422a                __sys_istty
 .text.__sys_remove
                0x00004236        0xc c:/nxp/mcuxpressoide_11.5.0_7232/ide/plugins/com.nxp.mcuxpresso.tools.win32_11.5.0.202107051138/tools/bin/../lib/gcc/arm-none-eabi/10.3.1/../../../../arm-none-eabi/lib/thumb/v8-m.main+fp/hard\libcr_semihost_nf.a(__sys_remove.o)
                0x00004236                __sys_remove
 .text.__sys_seek
                0x00004242        0xc c:/nxp/mcuxpressoide_11.5.0_7232/ide/plugins/com.nxp.mcuxpresso.tools.win32_11.5.0.202107051138/tools/bin/../lib/gcc/arm-none-eabi/10.3.1/../../../../arm-none-eabi/lib/thumb/v8-m.main+fp/hard\libcr_semihost_nf.a(__sys_seek.o)
                0x00004242                __sys_seek
 .text.__sys_tmpnam
                0x0000424e        0xc c:/nxp/mcuxpressoide_11.5.0_7232/ide/plugins/com.nxp.mcuxpresso.tools.win32_11.5.0.202107051138/tools/bin/../lib/gcc/arm-none-eabi/10.3.1/../../../../arm-none-eabi/lib/thumb/v8-m.main+fp/hard\libcr_semihost_nf.a(__sys_tmpnam.o)
                0x0000424e                __sys_tmpnam
 .text.__sys_write
                0x0000425a        0xc c:/nxp/mcuxpressoide_11.5.0_7232/ide/plugins/com.nxp.mcuxpresso.tools.win32_11.5.0.202107051138/tools/bin/../lib/gcc/arm-none-eabi/10.3.1/../../../../arm-none-eabi/lib/thumb/v8-m.main+fp/hard\libcr_semihost_nf.a(__sys_write.o)
                0x0000425a                __sys_write
 *(SORT_BY_ALIGNMENT(.rodata) SORT_BY_ALIGNMENT(.rodata.*) SORT_BY_ALIGNMENT(.constdata) SORT_BY_ALIGNMENT(.constdata.*))
 *fill*         0x00004266        0x2 ff
 .rodata.main.str1.4
                0x00004268        0xd ./source/LPC55S69_Project_SCT_ADC_DMA.o
 *fill*         0x00004275        0x3 ff
 .rodata.SDK_DelayAtLeastUs.str1.4
                0x00004278       0x2b ./drivers/fsl_common_arm.o
 *fill*         0x000042a3        0x1 ff
 .rodata.s_dmaBases
                0x000042a4        0x8 ./drivers/fsl_dma.o
 .rodata.s_dmaClockName
                0x000042ac        0x4 ./drivers/fsl_dma.o
 .rodata.s_dmaResets
                0x000042b0        0x8 ./drivers/fsl_dma.o
 .rodata.DMA_GetInstance.str1.4
                0x000042b8       0x32 ./drivers/fsl_dma.o
 *fill*         0x000042ea        0x2 ff
 .rodata.s_flexcommBaseAddrs
                0x000042ec       0x24 ./drivers/fsl_flexcomm.o
 .rodata.FLEXCOMM_GetInstance.str1.4
                0x00004310       0x42 ./drivers/fsl_flexcomm.o
 *fill*         0x00004352        0x2 ff
 .rodata.FLEXCOMM0_DriverIRQHandler.str1.4
                0x00004354       0x3c ./drivers/fsl_flexcomm.o
 .rodata.FLEXCOMM1_DriverIRQHandler.str1.4
                0x00004390       0x3c ./drivers/fsl_flexcomm.o
 .rodata.FLEXCOMM2_DriverIRQHandler.str1.4
                0x000043cc       0x3c ./drivers/fsl_flexcomm.o
 .rodata.FLEXCOMM3_DriverIRQHandler.str1.4
                0x00004408       0x3c ./drivers/fsl_flexcomm.o
 .rodata.FLEXCOMM4_DriverIRQHandler.str1.4
                0x00004444       0x3c ./drivers/fsl_flexcomm.o
 .rodata.FLEXCOMM5_DriverIRQHandler.str1.4
                0x00004480       0x3c ./drivers/fsl_flexcomm.o
 .rodata.FLEXCOMM6_DriverIRQHandler.str1.4
                0x000044bc       0x3c ./drivers/fsl_flexcomm.o
 .rodata.FLEXCOMM7_DriverIRQHandler.str1.4
                0x000044f8       0x3c ./drivers/fsl_flexcomm.o
 .rodata.FLEXCOMM8_DriverIRQHandler.str1.4
                0x00004534       0x3c ./drivers/fsl_flexcomm.o
 .rodata.s_gpioClockName
                0x00004570        0x8 ./drivers/fsl_gpio.o
 .rodata.GPIO_EnablePortClock.str1.4
                0x00004578       0x33 ./drivers/fsl_gpio.o
 *fill*         0x000045ab        0x1 ff
 .rodata.LPADC_GetInstance.str1.4
                0x000045ac       0x35 ./drivers/fsl_lpadc.o
 *fill*         0x000045e1        0x3 ff
 .rodata.LPADC_Init.str1.4
                0x000045e4       0x20 ./drivers/fsl_lpadc.o
 .rodata.LPADC_SetConvTriggerConfig.str1.4
                0x00004604       0x51 ./drivers/fsl_lpadc.o
 *fill*         0x00004655        0x3 ff
 .rodata.LPADC_SetConvCommandConfig.str1.4
                0x00004658       0x83 ./drivers/fsl_lpadc.o
 *fill*         0x000046db        0x1 ff
 .rodata.LPADC_DoAutoCalibration.str1.4
                0x000046dc       0x69 ./drivers/fsl_lpadc.o
 *fill*         0x00004745        0x3 ff
 .rodata.RESET_SetPeripheralReset.str1.4
                0x00004748       0x1e ./drivers/fsl_reset.o
 *fill*         0x00004766        0x2 ff
 .rodata.RESET_ClearPeripheralReset.str1.4
                0x00004768       0x1e ./drivers/fsl_reset.o
 *fill*         0x00004786        0x2 ff
 .rodata.SCTIMER_GetInstance.str1.4
                0x00004788       0x2c ./drivers/fsl_sctimer.o
 .rodata.SCTIMER_Init.str1.4
                0x000047b4       0x23 ./drivers/fsl_sctimer.o
 *fill*         0x000047d7        0x1 ff
 .rodata.SCTIMER_SetupOutputToggleAction.str1.4
                0x000047d8       0x4a ./drivers/fsl_sctimer.o
 *fill*         0x00004822        0x2 ff
 .rodata.SCTIMER_StartTimer.str1.4
                0x00004824      0x31e ./board/peripherals.o
 *fill*         0x00004b42        0x2 ff
 .rodata.SCTIMER_SetupCounterLimitAction.str1.4
                0x00004b44      0x1f5 ./board/peripherals.o
 *fill*         0x00004d39        0x3 ff
 .rodata.ADC0_config
                0x00004d3c       0x18 ./board/peripherals.o
                0x00004d3c                ADC0_config
 .rodata.SCT0_initConfig
                0x00004d54        0x9 ./board/peripherals.o
                0x00004d54                SCT0_initConfig
 *fill*         0x00004d5d        0x3 ff
 .rodata.__num_Ciob_streams
                0x00004d60        0x4 c:/nxp/mcuxpressoide_11.5.0_7232/ide/plugins/com.nxp.mcuxpresso.tools.win32_11.5.0.202107051138/tools/bin/../lib/gcc/arm-none-eabi/10.3.1/../../../../arm-none-eabi/lib/thumb/v8-m.main+fp/hard\libcr_semihost_nf.a(__ciob.o)
                0x00004d60                __num_Ciob_streams
 .rodata.__assertion_failed.str1.1
                0x00004d64       0x15 c:/nxp/mcuxpressoide_11.5.0_7232/ide/plugins/com.nxp.mcuxpresso.tools.win32_11.5.0.202107051138/tools/bin/../lib/gcc/arm-none-eabi/10.3.1/../../../../arm-none-eabi/lib/thumb/v8-m.main+fp/hard\libcr_semihost_nf.a(_cr_assert.o)
 .rodata._Csys_alloc.str1.1
                0x00004d79       0x18 c:/nxp/mcuxpressoide_11.5.0_7232/ide/plugins/com.nxp.mcuxpresso.tools.win32_11.5.0.202107051138/tools/bin/../lib/gcc/arm-none-eabi/10.3.1/../../../../arm-none-eabi/lib/thumb/v8-m.main+fp/hard\libcr_c.a(alloc.o)
 .rodata._initio.str1.1
                0x00004d91        0x4 c:/nxp/mcuxpressoide_11.5.0_7232/ide/plugins/com.nxp.mcuxpresso.tools.win32_11.5.0.202107051138/tools/bin/../lib/gcc/arm-none-eabi/10.3.1/../../../../arm-none-eabi/lib/thumb/v8-m.main+fp/hard\libcr_c.a(initio.o)
 .rodata.__vfprintf.str1.1
                0x00004d95       0x35 c:/nxp/mcuxpressoide_11.5.0_7232/ide/plugins/com.nxp.mcuxpresso.tools.win32_11.5.0.202107051138/tools/bin/../lib/gcc/arm-none-eabi/10.3.1/../../../../arm-none-eabi/lib/thumb/v8-m.main+fp/hard\libcr_c.a(printf.o)
                                 0x38 (size before relaxing)
                0x00004dcc                . = ALIGN (0x4)
 *fill*         0x00004dca        0x2 ff

.glue_7         0x00004dcc        0x0
 .glue_7        0x00004dcc        0x0 linker stubs

.glue_7t        0x00004dcc        0x0
 .glue_7t       0x00004dcc        0x0 linker stubs

.vfp11_veneer   0x00004dcc        0x0
 .vfp11_veneer  0x00004dcc        0x0 linker stubs

.v4_bx          0x00004dcc        0x0
 .v4_bx         0x00004dcc        0x0 linker stubs

.iplt           0x00004dcc        0x0
 .iplt          0x00004dcc        0x0 ./startup/startup_lpc55s69_cm33_core0.o

.rel.dyn        0x00004dcc        0x0
 .rel.iplt      0x00004dcc        0x0 ./startup/startup_lpc55s69_cm33_core0.o

.ARM.extab
 *(SORT_BY_ALIGNMENT(.ARM.extab*) SORT_BY_ALIGNMENT(.gnu.linkonce.armextab.*))

.ARM.exidx      0x00004dcc        0x0
                0x00004dcc                __exidx_start = .
 *(SORT_BY_ALIGNMENT(.ARM.exidx*) SORT_BY_ALIGNMENT(.gnu.linkonce.armexidx.*))
                0x00004dcc                __exidx_end = .
                0x00004dcc                _etext = .

.m_usb_data
 *(SORT_BY_ALIGNMENT(m_usb_global))

.data_RAM2      0x04000000        0x0 load address 0x00004dcc
 FILL mask 0xff
                [!provide]                PROVIDE (__start_data_RAM2 = .)
                [!provide]                PROVIDE (__start_data_SRAMX = .)
 *(SORT_BY_ALIGNMENT(.ramfunc.$RAM2))
 *(SORT_BY_ALIGNMENT(.ramfunc.$SRAMX))
 *(SORT_BY_ALIGNMENT(.data.$RAM2))
 *(SORT_BY_ALIGNMENT(.data.$SRAMX))
 *(SORT_BY_ALIGNMENT(.data.$RAM2.*))
 *(SORT_BY_ALIGNMENT(.data.$SRAMX.*))
                0x04000000                . = ALIGN (0x4)
                [!provide]                PROVIDE (__end_data_RAM2 = .)
                [!provide]                PROVIDE (__end_data_SRAMX = .)

.data_RAM3      0x40100000        0x0 load address 0x00004dcc
 FILL mask 0xff
                [!provide]                PROVIDE (__start_data_RAM3 = .)
                [!provide]                PROVIDE (__start_data_USB_RAM = .)
 *(SORT_BY_ALIGNMENT(.ramfunc.$RAM3))
 *(SORT_BY_ALIGNMENT(.ramfunc.$USB_RAM))
 *(SORT_BY_ALIGNMENT(.data.$RAM3))
 *(SORT_BY_ALIGNMENT(.data.$USB_RAM))
 *(SORT_BY_ALIGNMENT(.data.$RAM3.*))
 *(SORT_BY_ALIGNMENT(.data.$USB_RAM.*))
                0x40100000                . = ALIGN (0x4)
                [!provide]                PROVIDE (__end_data_RAM3 = .)
                [!provide]                PROVIDE (__end_data_USB_RAM = .)

.data_RAM4      0x20040000        0x0 load address 0x00004dcc
 FILL mask 0xff
                [!provide]                PROVIDE (__start_data_RAM4 = .)
                [!provide]                PROVIDE (__start_data_SRAM4 = .)
 *(SORT_BY_ALIGNMENT(.ramfunc.$RAM4))
 *(SORT_BY_ALIGNMENT(.ramfunc.$SRAM4))
 *(SORT_BY_ALIGNMENT(.data.$RAM4))
 *(SORT_BY_ALIGNMENT(.data.$SRAM4))
 *(SORT_BY_ALIGNMENT(.data.$RAM4.*))
 *(SORT_BY_ALIGNMENT(.data.$SRAM4.*))
                0x20040000                . = ALIGN (0x4)
                [!provide]                PROVIDE (__end_data_RAM4 = .)
                [!provide]                PROVIDE (__end_data_SRAM4 = .)

.uninit_RESERVED
                0x20000000        0x0
                0x20000000                _start_uninit_RESERVED = .
 *(SORT_BY_ALIGNMENT(.bss.$RESERVED*))
                0x20000000                . = ALIGN (0x4)
                0x20000000                _end_uninit_RESERVED = .

.data           0x20000000       0x8c load address 0x00004dcc
 FILL mask 0xff
                0x20000000                _data = .
                [!provide]                PROVIDE (__start_data_RAM = .)
                [!provide]                PROVIDE (__start_data_SRAM = .)
 *(SORT_BY_ALIGNMENT(vtable))
 *(SORT_BY_ALIGNMENT(.ramfunc*))
 *(SORT_BY_ALIGNMENT(CodeQuickAccess))
 *(SORT_BY_ALIGNMENT(DataQuickAccess))
 *(SORT_BY_ALIGNMENT(RamFunction))
 *(SORT_BY_ALIGNMENT(.data*))
 .data.s_Ext_Clk_Freq
                0x20000000        0x4 ./drivers/fsl_clock.o
 .data.s_dma_descriptor_table
                0x20000004        0x8 ./drivers/fsl_dma.o
 .data.SystemCoreClock
                0x2000000c        0x4 ./device/system_LPC55S69_cm33_core0.o
                0x2000000c                SystemCoreClock
 .data.ADC0_commandsConfig
                0x20000010       0x6c ./board/peripherals.o
                0x20000010                ADC0_commandsConfig
 .data.ADC0_triggersConfig
                0x2000007c       0x10 ./board/peripherals.o
                0x2000007c                ADC0_triggersConfig
                0x2000008c                . = ALIGN (0x4)
                0x2000008c                _edata = .
                [!provide]                PROVIDE (__end_data_RAM = .)
                [!provide]                PROVIDE (__end_data_SRAM = .)

.igot.plt       0x2000008c        0x0 load address 0x00004e58
 .igot.plt      0x2000008c        0x0 ./startup/startup_lpc55s69_cm33_core0.o

.bss_RAM2       0x04000000        0x0
                [!provide]                PROVIDE (__start_bss_RAM2 = .)
                [!provide]                PROVIDE (__start_bss_SRAMX = .)
 *(SORT_BY_ALIGNMENT(.bss.$RAM2))
 *(SORT_BY_ALIGNMENT(.bss.$SRAMX))
 *(SORT_BY_ALIGNMENT(.bss.$RAM2.*))
 *(SORT_BY_ALIGNMENT(.bss.$SRAMX.*))
                0x04000000                . = ALIGN ((. != 0x0)?0x4:0x1)
                [!provide]                PROVIDE (__end_bss_RAM2 = .)
                [!provide]                PROVIDE (__end_bss_SRAMX = .)

.bss_RAM3       0x40100000        0x0
                [!provide]                PROVIDE (__start_bss_RAM3 = .)
                [!provide]                PROVIDE (__start_bss_USB_RAM = .)
 *(SORT_BY_ALIGNMENT(.bss.$RAM3))
 *(SORT_BY_ALIGNMENT(.bss.$USB_RAM))
 *(SORT_BY_ALIGNMENT(.bss.$RAM3.*))
 *(SORT_BY_ALIGNMENT(.bss.$USB_RAM.*))
                0x40100000                . = ALIGN ((. != 0x0)?0x4:0x1)
                [!provide]                PROVIDE (__end_bss_RAM3 = .)
                [!provide]                PROVIDE (__end_bss_USB_RAM = .)

.bss_RAM4       0x20040000        0x0
                [!provide]                PROVIDE (__start_bss_RAM4 = .)
                [!provide]                PROVIDE (__start_bss_SRAM4 = .)
 *(SORT_BY_ALIGNMENT(.bss.$RAM4))
 *(SORT_BY_ALIGNMENT(.bss.$SRAM4))
 *(SORT_BY_ALIGNMENT(.bss.$RAM4.*))
 *(SORT_BY_ALIGNMENT(.bss.$SRAM4.*))
                0x20040000                . = ALIGN ((. != 0x0)?0x4:0x1)
                [!provide]                PROVIDE (__end_bss_RAM4 = .)
                [!provide]                PROVIDE (__end_bss_SRAM4 = .)

.bss            0x20000200      0x5b4
                0x20000200                _bss = .
                [!provide]                PROVIDE (__start_bss_RAM = .)
                [!provide]                PROVIDE (__start_bss_SRAM = .)
 *(SORT_BY_ALIGNMENT(.bss*))
 .bss.s_dma_descriptor_table0
                0x20000200      0x170 ./drivers/fsl_dma.o
 *fill*         0x20000370       0x90 
 .bss.s_dma_descriptor_table1
                0x20000400      0x170 ./drivers/fsl_dma.o
 .bss.i.0       0x20000570        0x4 ./source/LPC55S69_Project_SCT_ADC_DMA.o
 .bss.s_Pll0_Freq
                0x20000574        0x4 ./drivers/fsl_clock.o
 .bss.s_DMAHandle
                0x20000578       0xb8 ./drivers/fsl_dma.o
 .bss.s_flexcommIrqHandler
                0x20000630       0x24 ./drivers/fsl_flexcomm.o
 .bss.s_flexcommHandle
                0x20000654       0x24 ./drivers/fsl_flexcomm.o
 .bss.s_eventCallback
                0x20000678       0x40 ./drivers/fsl_sctimer.o
 .bss.s_currentEvent
                0x200006b8        0x4 ./drivers/fsl_sctimer.o
 .bss.s_currentState
                0x200006bc        0x4 ./drivers/fsl_sctimer.o
 .bss.s_currentMatch
                0x200006c0        0x4 ./drivers/fsl_sctimer.o
 .bss.s_currentMatchhigh
                0x200006c4        0x4 ./drivers/fsl_sctimer.o
 .bss.s_sctimerIsr
                0x200006c8        0x4 ./drivers/fsl_sctimer.o
 .bss.SCT0_event
                0x200006cc       0x28 ./board/peripherals.o
                0x200006cc                SCT0_event
 .bss.__Ciob    0x200006f4       0xb4 c:/nxp/mcuxpressoide_11.5.0_7232/ide/plugins/com.nxp.mcuxpresso.tools.win32_11.5.0.202107051138/tools/bin/../lib/gcc/arm-none-eabi/10.3.1/../../../../arm-none-eabi/lib/thumb/v8-m.main+fp/hard\libcr_semihost_nf.a(__ciob.o)
                0x200006f4                __Ciob
 .bss.errno     0x200007a8        0x4 c:/nxp/mcuxpressoide_11.5.0_7232/ide/plugins/com.nxp.mcuxpresso.tools.win32_11.5.0.202107051138/tools/bin/../lib/gcc/arm-none-eabi/10.3.1/../../../../arm-none-eabi/lib/thumb/v8-m.main+fp/hard\libcr_c.a(errno.o)
                0x200007a8                errno
 .bss.__end_of_heap
                0x200007ac        0x4 c:/nxp/mcuxpressoide_11.5.0_7232/ide/plugins/com.nxp.mcuxpresso.tools.win32_11.5.0.202107051138/tools/bin/../lib/gcc/arm-none-eabi/10.3.1/../../../../arm-none-eabi/lib/thumb/v8-m.main+fp/hard\libcr_c.a(__init_alloc.o)
                0x200007ac                __end_of_heap
 .bss.__heaps   0x200007b0        0x4 c:/nxp/mcuxpressoide_11.5.0_7232/ide/plugins/com.nxp.mcuxpresso.tools.win32_11.5.0.202107051138/tools/bin/../lib/gcc/arm-none-eabi/10.3.1/../../../../arm-none-eabi/lib/thumb/v8-m.main+fp/hard\libcr_c.a(__init_alloc.o)
                0x200007b0                __heaps
 *(SORT_BY_ALIGNMENT(COMMON))
                0x200007b4                . = ALIGN (0x4)
                0x200007b4                _ebss = .
                [!provide]                PROVIDE (__end_bss_RAM = .)
                [!provide]                PROVIDE (__end_bss_SRAM = .)
                [!provide]                PROVIDE (end = .)

.noinit_RAM2    0x04000000        0x0
                [!provide]                PROVIDE (__start_noinit_RAM2 = .)
                [!provide]                PROVIDE (__start_noinit_SRAMX = .)
 *(SORT_BY_ALIGNMENT(.noinit.$RAM2))
 *(SORT_BY_ALIGNMENT(.noinit.$SRAMX))
 *(SORT_BY_ALIGNMENT(.noinit.$RAM2.*))
 *(SORT_BY_ALIGNMENT(.noinit.$SRAMX.*))
                0x04000000                . = ALIGN (0x4)
                [!provide]                PROVIDE (__end_noinit_RAM2 = .)
                [!provide]                PROVIDE (__end_noinit_SRAMX = .)

.noinit_RAM3    0x40100000        0x0
                [!provide]                PROVIDE (__start_noinit_RAM3 = .)
                [!provide]                PROVIDE (__start_noinit_USB_RAM = .)
 *(SORT_BY_ALIGNMENT(.noinit.$RAM3))
 *(SORT_BY_ALIGNMENT(.noinit.$USB_RAM))
 *(SORT_BY_ALIGNMENT(.noinit.$RAM3.*))
 *(SORT_BY_ALIGNMENT(.noinit.$USB_RAM.*))
                0x40100000                . = ALIGN (0x4)
                [!provide]                PROVIDE (__end_noinit_RAM3 = .)
                [!provide]                PROVIDE (__end_noinit_USB_RAM = .)

.noinit_RAM4    0x20040000        0x0
                [!provide]                PROVIDE (__start_noinit_RAM4 = .)
                [!provide]                PROVIDE (__start_noinit_SRAM4 = .)
 *(SORT_BY_ALIGNMENT(.noinit.$RAM4))
 *(SORT_BY_ALIGNMENT(.noinit.$SRAM4))
 *(SORT_BY_ALIGNMENT(.noinit.$RAM4.*))
 *(SORT_BY_ALIGNMENT(.noinit.$SRAM4.*))
                0x20040000                . = ALIGN (0x4)
                [!provide]                PROVIDE (__end_noinit_RAM4 = .)
                [!provide]                PROVIDE (__end_noinit_SRAM4 = .)

.noinit         0x200007b4        0x0
                0x200007b4                _noinit = .
                [!provide]                PROVIDE (__start_noinit_RAM = .)
                [!provide]                PROVIDE (__start_noinit_SRAM = .)
 *(SORT_BY_ALIGNMENT(.noinit*))
                0x200007b4                . = ALIGN (0x4)
                0x200007b4                _end_noinit = .
                [!provide]                PROVIDE (__end_noinit_RAM = .)
                [!provide]                PROVIDE (__end_noinit_SRAM = .)
                0x00001000                _HeapSize = 0x1000

.heap           0x200007b4     0x1000
                0x200007b4                _pvHeapStart = .
                0x200017b4                . = (. + _HeapSize)
 *fill*         0x200007b4     0x1000 
                0x200017b4                . = ALIGN (0x4)
                0x200017b4                _pvHeapLimit = .
                0x00001000                _StackSize = 0x1000

.heap2stackfill
                0x200017b4     0x1000
                0x200027b4                . = (. + _StackSize)
 *fill*         0x200017b4     0x1000 

.stack          0x2003f000        0x0
                0x2003f000                _vStackBase = .
                0x2003f000                . = ALIGN (0x4)
                0x20040000                _vStackTop = (. + _StackSize)
                [!provide]                PROVIDE (__valid_user_code_checksum = (0x0 - ((((((_vStackTop + (ResetISR + 0x1)) + (NMI_Handler + 0x1)) + (HardFault_Handler + 0x1)) + (DEFINED (MemManage_Handler)?MemManage_Handler:0x0 + 0x1)) + (DEFINED (BusFault_Handler)?BusFault_Handler:0x0 + 0x1)) + (DEFINED (UsageFault_Handler)?UsageFault_Handler:0x0 + 0x1))))
                0x00000000                _image_start = LOADADDR (.text)
                0x00004e58                _image_end = (LOADADDR (.data) + SIZEOF (.data))
                0x00004e58                _image_size = (_image_end - _image_start)
OUTPUT(LPC55S69_Project_SCT_ADC_DMA.axf elf32-littlearm)
LOAD linker stubs

.debug_info     0x00000000    0x177d7
 .debug_info    0x00000000      0x707 ./startup/startup_lpc55s69_cm33_core0.o
 .debug_info    0x00000707       0xc0 ./source/LPC55S69_Project_SCT_ADC_DMA.o
 .debug_info    0x000007c7       0x3c ./source/semihost_hardfault.o
 .debug_info    0x00000803     0x331f ./drivers/fsl_clock.o
 .debug_info    0x00003b22       0xf5 ./drivers/fsl_common_arm.o
 .debug_info    0x00003c17     0x2a64 ./drivers/fsl_dma.o
 .debug_info    0x0000667b     0x1adf ./drivers/fsl_flexcomm.o
 .debug_info    0x0000815a     0x1757 ./drivers/fsl_gpio.o
 .debug_info    0x000098b1     0x1d4d ./drivers/fsl_lpadc.o
 .debug_info    0x0000b5fe     0x2a56 ./drivers/fsl_power.o
 .debug_info    0x0000e054      0xee3 ./drivers/fsl_reset.o
 .debug_info    0x0000ef37     0x260d ./drivers/fsl_sctimer.o
 .debug_info    0x00011544     0x14af ./device/system_LPC55S69_cm33_core0.o
 .debug_info    0x000129f3      0x8fd ./board/board.o
 .debug_info    0x000132f0     0x16e2 ./board/clock_config.o
 .debug_info    0x000149d2     0x18eb ./board/peripherals.o
 .debug_info    0x000162bd     0x151a ./board/pin_mux.o

.debug_abbrev   0x00000000     0x2271
 .debug_abbrev  0x00000000      0x165 ./startup/startup_lpc55s69_cm33_core0.o
 .debug_abbrev  0x00000165       0x7d ./source/LPC55S69_Project_SCT_ADC_DMA.o
 .debug_abbrev  0x000001e2       0x31 ./source/semihost_hardfault.o
 .debug_abbrev  0x00000213      0x374 ./drivers/fsl_clock.o
 .debug_abbrev  0x00000587       0x92 ./drivers/fsl_common_arm.o
 .debug_abbrev  0x00000619      0x368 ./drivers/fsl_dma.o
 .debug_abbrev  0x00000981      0x2c0 ./drivers/fsl_flexcomm.o
 .debug_abbrev  0x00000c41      0x210 ./drivers/fsl_gpio.o
 .debug_abbrev  0x00000e51      0x257 ./drivers/fsl_lpadc.o
 .debug_abbrev  0x000010a8      0x335 ./drivers/fsl_power.o
 .debug_abbrev  0x000013dd      0x15a ./drivers/fsl_reset.o
 .debug_abbrev  0x00001537      0x36e ./drivers/fsl_sctimer.o
 .debug_abbrev  0x000018a5      0x1fa ./device/system_LPC55S69_cm33_core0.o
 .debug_abbrev  0x00001a9f      0x104 ./board/board.o
 .debug_abbrev  0x00001ba3      0x1ea ./board/clock_config.o
 .debug_abbrev  0x00001d8d      0x24c ./board/peripherals.o
 .debug_abbrev  0x00001fd9      0x298 ./board/pin_mux.o

.debug_aranges  0x00000000      0xb60
 .debug_aranges
                0x00000000      0x268 ./startup/startup_lpc55s69_cm33_core0.o
 .debug_aranges
                0x00000268       0x28 ./source/LPC55S69_Project_SCT_ADC_DMA.o
 .debug_aranges
                0x00000290       0x20 ./source/semihost_hardfault.o
 .debug_aranges
                0x000002b0      0x228 ./drivers/fsl_clock.o
 .debug_aranges
                0x000004d8       0x28 ./drivers/fsl_common_arm.o
 .debug_aranges
                0x00000500      0x138 ./drivers/fsl_dma.o
 .debug_aranges
                0x00000638       0x90 ./drivers/fsl_flexcomm.o
 .debug_aranges
                0x000006c8       0x38 ./drivers/fsl_gpio.o
 .debug_aranges
                0x00000700       0xb0 ./drivers/fsl_lpadc.o
 .debug_aranges
                0x000007b0       0xc8 ./drivers/fsl_power.o
 .debug_aranges
                0x00000878       0x30 ./drivers/fsl_reset.o
 .debug_aranges
                0x000008a8       0xc8 ./drivers/fsl_sctimer.o
 .debug_aranges
                0x00000970       0x88 ./device/system_LPC55S69_cm33_core0.o
 .debug_aranges
                0x000009f8       0x30 ./board/board.o
 .debug_aranges
                0x00000a28       0x50 ./board/clock_config.o
 .debug_aranges
                0x00000a78       0x68 ./board/peripherals.o
 .debug_aranges
                0x00000ae0       0x80 ./board/pin_mux.o

.debug_ranges   0x00000000      0xa50
 .debug_ranges  0x00000000      0x258 ./startup/startup_lpc55s69_cm33_core0.o
 .debug_ranges  0x00000258       0x18 ./source/LPC55S69_Project_SCT_ADC_DMA.o
 .debug_ranges  0x00000270       0x10 ./source/semihost_hardfault.o
 .debug_ranges  0x00000280      0x218 ./drivers/fsl_clock.o
 .debug_ranges  0x00000498       0x18 ./drivers/fsl_common_arm.o
 .debug_ranges  0x000004b0      0x128 ./drivers/fsl_dma.o
 .debug_ranges  0x000005d8       0x80 ./drivers/fsl_flexcomm.o
 .debug_ranges  0x00000658       0x28 ./drivers/fsl_gpio.o
 .debug_ranges  0x00000680       0xa0 ./drivers/fsl_lpadc.o
 .debug_ranges  0x00000720       0xb8 ./drivers/fsl_power.o
 .debug_ranges  0x000007d8       0x20 ./drivers/fsl_reset.o
 .debug_ranges  0x000007f8       0xb8 ./drivers/fsl_sctimer.o
 .debug_ranges  0x000008b0       0x78 ./device/system_LPC55S69_cm33_core0.o
 .debug_ranges  0x00000928       0x20 ./board/board.o
 .debug_ranges  0x00000948       0x40 ./board/clock_config.o
 .debug_ranges  0x00000988       0x58 ./board/peripherals.o
 .debug_ranges  0x000009e0       0x70 ./board/pin_mux.o

.debug_macro    0x00000000     0x288a
 .debug_macro   0x00000000       0x29 ./startup/startup_lpc55s69_cm33_core0.o
 .debug_macro   0x00000029      0x1f2 ./source/LPC55S69_Project_SCT_ADC_DMA.o
 .debug_macro   0x0000021b       0xd8 ./source/LPC55S69_Project_SCT_ADC_DMA.o
 .debug_macro   0x000002f3       0x22 ./source/LPC55S69_Project_SCT_ADC_DMA.o
 .debug_macro   0x00000315       0x2f ./source/LPC55S69_Project_SCT_ADC_DMA.o
 .debug_macro   0x00000344       0x10 ./source/LPC55S69_Project_SCT_ADC_DMA.o
 .debug_macro   0x00000354       0xfe ./source/LPC55S69_Project_SCT_ADC_DMA.o
 .debug_macro   0x00000452      0x1f0 ./source/LPC55S69_Project_SCT_ADC_DMA.o
 .debug_macro   0x00000642       0x76 ./source/LPC55S69_Project_SCT_ADC_DMA.o
 .debug_macro   0x000006b8       0x1c ./source/LPC55S69_Project_SCT_ADC_DMA.o
 .debug_macro   0x000006d4       0x10 ./source/LPC55S69_Project_SCT_ADC_DMA.o
 .debug_macro   0x000006e4       0x3a ./source/LPC55S69_Project_SCT_ADC_DMA.o
 .debug_macro   0x0000071e      0x4c4 ./source/LPC55S69_Project_SCT_ADC_DMA.o
 .debug_macro   0x00000be2       0x2e ./source/LPC55S69_Project_SCT_ADC_DMA.o
 .debug_macro   0x00000c10       0x11 ./source/semihost_hardfault.o
 .debug_macro   0x00000c21      0x1db ./drivers/fsl_clock.o
 .debug_macro   0x00000dfc       0x1c ./drivers/fsl_clock.o
 .debug_macro   0x00000e18      0x304 ./drivers/fsl_clock.o
 .debug_macro   0x0000111c      0x13c ./drivers/fsl_common_arm.o
 .debug_macro   0x00001258      0x14b ./drivers/fsl_dma.o
 .debug_macro   0x000013a3       0x70 ./drivers/fsl_dma.o
 .debug_macro   0x00001413      0x145 ./drivers/fsl_flexcomm.o
 .debug_macro   0x00001558       0x10 ./drivers/fsl_flexcomm.o
 .debug_macro   0x00001568      0x14c ./drivers/fsl_gpio.o
 .debug_macro   0x000016b4      0x14b ./drivers/fsl_lpadc.o
 .debug_macro   0x000017ff       0x16 ./drivers/fsl_lpadc.o
 .debug_macro   0x00001815      0x410 ./drivers/fsl_power.o
 .debug_macro   0x00001c25      0x13c ./drivers/fsl_reset.o
 .debug_macro   0x00001d61      0x14c ./drivers/fsl_sctimer.o
 .debug_macro   0x00001ead       0xc1 ./device/system_LPC55S69_cm33_core0.o
 .debug_macro   0x00001f6e      0x1b8 ./board/board.o
 .debug_macro   0x00002126       0x16 ./board/board.o
 .debug_macro   0x0000213c       0x35 ./board/board.o
 .debug_macro   0x00002171      0x15c ./board/clock_config.o
 .debug_macro   0x000022cd      0x2fe ./board/clock_config.o
 .debug_macro   0x000025cb      0x16e ./board/peripherals.o
 .debug_macro   0x00002739      0x151 ./board/pin_mux.o

.debug_line     0x00000000     0x8899
 .debug_line    0x00000000      0x6b1 ./startup/startup_lpc55s69_cm33_core0.o
 .debug_line    0x000006b1      0x6d6 ./source/LPC55S69_Project_SCT_ADC_DMA.o
 .debug_line    0x00000d87       0x59 ./source/semihost_hardfault.o
 .debug_line    0x00000de0     0x1796 ./drivers/fsl_clock.o
 .debug_line    0x00002576      0x3c5 ./drivers/fsl_common_arm.o
 .debug_line    0x0000293b      0xe8e ./drivers/fsl_dma.o
 .debug_line    0x000037c9      0x667 ./drivers/fsl_flexcomm.o
 .debug_line    0x00003e30      0x431 ./drivers/fsl_gpio.o
 .debug_line    0x00004261      0x801 ./drivers/fsl_lpadc.o
 .debug_line    0x00004a62      0xed8 ./drivers/fsl_power.o
 .debug_line    0x0000593a      0x41e ./drivers/fsl_reset.o
 .debug_line    0x00005d58      0xb40 ./drivers/fsl_sctimer.o
 .debug_line    0x00006898      0x6cd ./device/system_LPC55S69_cm33_core0.o
 .debug_line    0x00006f65      0x628 ./board/board.o
 .debug_line    0x0000758d      0x521 ./board/clock_config.o
 .debug_line    0x00007aae      0x5ed ./board/peripherals.o
 .debug_line    0x0000809b      0x7fe ./board/pin_mux.o

.debug_str      0x00000000    0xc0d3a
 .debug_str     0x00000000     0x346d ./startup/startup_lpc55s69_cm33_core0.o
                               0x34ec (size before relaxing)
 .debug_str     0x0000346d    0xb2a3f ./source/LPC55S69_Project_SCT_ADC_DMA.o
                              0xb58cd (size before relaxing)
 .debug_str     0x000b5eac       0x1f ./source/semihost_hardfault.o
                               0x2e2e (size before relaxing)
 .debug_str     0x000b5ecb     0x4d3e ./drivers/fsl_clock.o
                              0xb64f1 (size before relaxing)
 .debug_str     0x000bac09       0x82 ./drivers/fsl_common_arm.o
                              0xb1793 (size before relaxing)
 .debug_str     0x000bac8b     0x150c ./drivers/fsl_dma.o
                              0xb4c8d (size before relaxing)
 .debug_str     0x000bc197      0x34d ./drivers/fsl_flexcomm.o
                              0xb3ba8 (size before relaxing)
 .debug_str     0x000bc4e4      0x145 ./drivers/fsl_gpio.o
                              0xb351d (size before relaxing)
 .debug_str     0x000bc629      0xbf6 ./drivers/fsl_lpadc.o
                              0xb3aa4 (size before relaxing)
 .debug_str     0x000bd21f     0x2150 ./drivers/fsl_power.o
                              0xb6a78 (size before relaxing)
 .debug_str     0x000bf36f       0xae ./drivers/fsl_reset.o
                              0xb2525 (size before relaxing)
 .debug_str     0x000bf41d      0xe96 ./drivers/fsl_sctimer.o
                              0xb4393 (size before relaxing)
 .debug_str     0x000c02b3      0x12f ./device/system_LPC55S69_cm33_core0.o
                              0xaf8fd (size before relaxing)
 .debug_str     0x000c03e2      0x13d ./board/board.o
                              0xb4f2b (size before relaxing)
 .debug_str     0x000c051f       0xac ./board/clock_config.o
                              0xb4512 (size before relaxing)
 .debug_str     0x000c05cb      0x4a2 ./board/peripherals.o
                              0xb4482 (size before relaxing)
 .debug_str     0x000c0a6d      0x2cd ./board/pin_mux.o
                              0xb40f1 (size before relaxing)

.comment        0x00000000       0x49
 .comment       0x00000000       0x49 ./startup/startup_lpc55s69_cm33_core0.o
                                 0x4a (size before relaxing)
 .comment       0x00000049       0x4a ./source/LPC55S69_Project_SCT_ADC_DMA.o
 .comment       0x00000049       0x4a ./source/semihost_hardfault.o
 .comment       0x00000049       0x4a ./drivers/fsl_clock.o
 .comment       0x00000049       0x4a ./drivers/fsl_common_arm.o
 .comment       0x00000049       0x4a ./drivers/fsl_dma.o
 .comment       0x00000049       0x4a ./drivers/fsl_flexcomm.o
 .comment       0x00000049       0x4a ./drivers/fsl_gpio.o
 .comment       0x00000049       0x4a ./drivers/fsl_lpadc.o
 .comment       0x00000049       0x4a ./drivers/fsl_power.o
 .comment       0x00000049       0x4a ./drivers/fsl_reset.o
 .comment       0x00000049       0x4a ./drivers/fsl_sctimer.o
 .comment       0x00000049       0x4a ./device/system_LPC55S69_cm33_core0.o
 .comment       0x00000049       0x4a ./board/board.o
 .comment       0x00000049       0x4a ./board/clock_config.o
 .comment       0x00000049       0x4a ./board/peripherals.o
 .comment       0x00000049       0x4a ./board/pin_mux.o
 .comment       0x00000049       0x4a c:/nxp/mcuxpressoide_11.5.0_7232/ide/plugins/com.nxp.mcuxpresso.tools.win32_11.5.0.202107051138/tools/bin/../lib/gcc/arm-none-eabi/10.3.1/../../../../arm-none-eabi/lib/thumb/v8-m.main+fp/hard\libcr_semihost_nf.a(_cr__main.o)
 .comment       0x00000049       0x4a c:/nxp/mcuxpressoide_11.5.0_7232/ide/plugins/com.nxp.mcuxpresso.tools.win32_11.5.0.202107051138/tools/bin/../lib/gcc/arm-none-eabi/10.3.1/../../../../arm-none-eabi/lib/thumb/v8-m.main+fp/hard\libcr_semihost_nf.a(_cr_assert.o)
 .comment       0x00000049       0x4a c:/nxp/mcuxpressoide_11.5.0_7232/ide/plugins/com.nxp.mcuxpresso.tools.win32_11.5.0.202107051138/tools/bin/../lib/gcc/arm-none-eabi/10.3.1/../../../../arm-none-eabi/lib/thumb/v8-m.main+fp/hard\libcr_semihost_nf.a(__ciob.o)
 .comment       0x00000049       0x4a c:/nxp/mcuxpressoide_11.5.0_7232/ide/plugins/com.nxp.mcuxpresso.tools.win32_11.5.0.202107051138/tools/bin/../lib/gcc/arm-none-eabi/10.3.1/../../../../arm-none-eabi/lib/thumb/v8-m.main+fp/hard\libcr_c.a(memset.o)
 .comment       0x00000049       0x4a c:/nxp/mcuxpressoide_11.5.0_7232/ide/plugins/com.nxp.mcuxpresso.tools.win32_11.5.0.202107051138/tools/bin/../lib/gcc/arm-none-eabi/10.3.1/../../../../arm-none-eabi/lib/thumb/v8-m.main+fp/hard\libcr_c.a(_deferredlazyseek.o)
 .comment       0x00000049       0x4a c:/nxp/mcuxpressoide_11.5.0_7232/ide/plugins/com.nxp.mcuxpresso.tools.win32_11.5.0.202107051138/tools/bin/../lib/gcc/arm-none-eabi/10.3.1/../../../../arm-none-eabi/lib/thumb/v8-m.main+fp/hard\libcr_c.a(_fflush.o)
 .comment       0x00000049       0x4a c:/nxp/mcuxpressoide_11.5.0_7232/ide/plugins/com.nxp.mcuxpresso.tools.win32_11.5.0.202107051138/tools/bin/../lib/gcc/arm-none-eabi/10.3.1/../../../../arm-none-eabi/lib/thumb/v8-m.main+fp/hard\libcr_c.a(_writebuf.o)
 .comment       0x00000049       0x4a c:/nxp/mcuxpressoide_11.5.0_7232/ide/plugins/com.nxp.mcuxpresso.tools.win32_11.5.0.202107051138/tools/bin/../lib/gcc/arm-none-eabi/10.3.1/../../../../arm-none-eabi/lib/thumb/v8-m.main+fp/hard\libcr_c.a(alloc.o)
 .comment       0x00000049       0x4a c:/nxp/mcuxpressoide_11.5.0_7232/ide/plugins/com.nxp.mcuxpresso.tools.win32_11.5.0.202107051138/tools/bin/../lib/gcc/arm-none-eabi/10.3.1/../../../../arm-none-eabi/lib/thumb/v8-m.main+fp/hard\libcr_c.a(errno.o)
 .comment       0x00000049       0x4a c:/nxp/mcuxpressoide_11.5.0_7232/ide/plugins/com.nxp.mcuxpresso.tools.win32_11.5.0.202107051138/tools/bin/../lib/gcc/arm-none-eabi/10.3.1/../../../../arm-none-eabi/lib/thumb/v8-m.main+fp/hard\libcr_c.a(fputs.o)
 .comment       0x00000049       0x4a c:/nxp/mcuxpressoide_11.5.0_7232/ide/plugins/com.nxp.mcuxpresso.tools.win32_11.5.0.202107051138/tools/bin/../lib/gcc/arm-none-eabi/10.3.1/../../../../arm-none-eabi/lib/thumb/v8-m.main+fp/hard\libcr_c.a(fseek.o)
 .comment       0x00000049       0x4a c:/nxp/mcuxpressoide_11.5.0_7232/ide/plugins/com.nxp.mcuxpresso.tools.win32_11.5.0.202107051138/tools/bin/../lib/gcc/arm-none-eabi/10.3.1/../../../../arm-none-eabi/lib/thumb/v8-m.main+fp/hard\libcr_c.a(ftell.o)
 .comment       0x00000049       0x4a c:/nxp/mcuxpressoide_11.5.0_7232/ide/plugins/com.nxp.mcuxpresso.tools.win32_11.5.0.202107051138/tools/bin/../lib/gcc/arm-none-eabi/10.3.1/../../../../arm-none-eabi/lib/thumb/v8-m.main+fp/hard\libcr_c.a(initio.o)
 .comment       0x00000049       0x4a c:/nxp/mcuxpressoide_11.5.0_7232/ide/plugins/com.nxp.mcuxpresso.tools.win32_11.5.0.202107051138/tools/bin/../lib/gcc/arm-none-eabi/10.3.1/../../../../arm-none-eabi/lib/thumb/v8-m.main+fp/hard\libcr_c.a(printf.o)
 .comment       0x00000049       0x4a c:/nxp/mcuxpressoide_11.5.0_7232/ide/plugins/com.nxp.mcuxpresso.tools.win32_11.5.0.202107051138/tools/bin/../lib/gcc/arm-none-eabi/10.3.1/../../../../arm-none-eabi/lib/thumb/v8-m.main+fp/hard\libcr_c.a(setvbuf.o)
 .comment       0x00000049       0x4a c:/nxp/mcuxpressoide_11.5.0_7232/ide/plugins/com.nxp.mcuxpresso.tools.win32_11.5.0.202107051138/tools/bin/../lib/gcc/arm-none-eabi/10.3.1/../../../../arm-none-eabi/lib/thumb/v8-m.main+fp/hard\libcr_c.a(strlen.o)
 .comment       0x00000049       0x4a c:/nxp/mcuxpressoide_11.5.0_7232/ide/plugins/com.nxp.mcuxpresso.tools.win32_11.5.0.202107051138/tools/bin/../lib/gcc/arm-none-eabi/10.3.1/../../../../arm-none-eabi/lib/thumb/v8-m.main+fp/hard\libcr_c.a(__init_alloc.o)
 .comment       0x00000049       0x4a c:/nxp/mcuxpressoide_11.5.0_7232/ide/plugins/com.nxp.mcuxpresso.tools.win32_11.5.0.202107051138/tools/bin/../lib/gcc/arm-none-eabi/10.3.1/../../../../arm-none-eabi/lib/thumb/v8-m.main+fp/hard\libcr_c.a(_cr_sbrk.o)
 .comment       0x00000049       0x4a c:/nxp/mcuxpressoide_11.5.0_7232/ide/plugins/com.nxp.mcuxpresso.tools.win32_11.5.0.202107051138/tools/bin/../lib/gcc/arm-none-eabi/10.3.1/../../../../arm-none-eabi/lib/thumb/v8-m.main+fp/hard\libcr_c.a(_fdopen.o)
 .comment       0x00000049       0x4a c:/nxp/mcuxpressoide_11.5.0_7232/ide/plugins/com.nxp.mcuxpresso.tools.win32_11.5.0.202107051138/tools/bin/../lib/gcc/arm-none-eabi/10.3.1/../../../../arm-none-eabi/lib/thumb/v8-m.main+fp/hard\libcr_c.a(fclose.o)
 .comment       0x00000049       0x4a c:/nxp/mcuxpressoide_11.5.0_7232/ide/plugins/com.nxp.mcuxpresso.tools.win32_11.5.0.202107051138/tools/bin/../lib/gcc/arm-none-eabi/10.3.1/../../../../arm-none-eabi/lib/thumb/v8-m.main+fp/hard\libcr_c.a(fflush.o)
 .comment       0x00000049       0x4a c:/nxp/mcuxpressoide_11.5.0_7232/ide/plugins/com.nxp.mcuxpresso.tools.win32_11.5.0.202107051138/tools/bin/../lib/gcc/arm-none-eabi/10.3.1/../../../../arm-none-eabi/lib/thumb/v8-m.main+fp/hard\libcr_c.a(remove.o)
 .comment       0x00000049       0x4a c:/nxp/mcuxpressoide_11.5.0_7232/ide/plugins/com.nxp.mcuxpresso.tools.win32_11.5.0.202107051138/tools/bin/../lib/gcc/arm-none-eabi/10.3.1/../../../../arm-none-eabi/lib/thumb/v8-m.main+fp/hard\libcr_c.a(_cr_check_heap.o)
 .comment       0x00000049       0x4a c:/nxp/mcuxpressoide_11.5.0_7232/ide/plugins/com.nxp.mcuxpresso.tools.win32_11.5.0.202107051138/tools/bin/../lib/gcc/arm-none-eabi/10.3.1/../../../../arm-none-eabi/lib/thumb/v8-m.main+fp/hard\libcr_c.a(_do_fflush.o)

.ARM.attributes
                0x00000000       0x38
 .ARM.attributes
                0x00000000       0x3a ./startup/startup_lpc55s69_cm33_core0.o
 .ARM.attributes
                0x0000003a       0x3a ./source/LPC55S69_Project_SCT_ADC_DMA.o
 .ARM.attributes
                0x00000074       0x3a ./source/semihost_hardfault.o
 .ARM.attributes
                0x000000ae       0x3a ./drivers/fsl_clock.o
 .ARM.attributes
                0x000000e8       0x3a ./drivers/fsl_common_arm.o
 .ARM.attributes
                0x00000122       0x3a ./drivers/fsl_dma.o
 .ARM.attributes
                0x0000015c       0x3a ./drivers/fsl_flexcomm.o
 .ARM.attributes
                0x00000196       0x3a ./drivers/fsl_gpio.o
 .ARM.attributes
                0x000001d0       0x3a ./drivers/fsl_lpadc.o
 .ARM.attributes
                0x0000020a       0x3a ./drivers/fsl_power.o
 .ARM.attributes
                0x00000244       0x3a ./drivers/fsl_reset.o
 .ARM.attributes
                0x0000027e       0x3a ./drivers/fsl_sctimer.o
 .ARM.attributes
                0x000002b8       0x3a ./device/system_LPC55S69_cm33_core0.o
 .ARM.attributes
                0x000002f2       0x3a ./board/board.o
 .ARM.attributes
                0x0000032c       0x3a ./board/clock_config.o
 .ARM.attributes
                0x00000366       0x3a ./board/peripherals.o
 .ARM.attributes
                0x000003a0       0x3a ./board/pin_mux.o
 .ARM.attributes
                0x000003da       0x3a c:/nxp/mcuxpressoide_11.5.0_7232/ide/plugins/com.nxp.mcuxpresso.tools.win32_11.5.0.202107051138/tools/bin/../lib/gcc/arm-none-eabi/10.3.1/../../../../arm-none-eabi/lib/thumb/v8-m.main+fp/hard\libcr_semihost_nf.a(_cr__main.o)
 .ARM.attributes
                0x00000414       0x3a c:/nxp/mcuxpressoide_11.5.0_7232/ide/plugins/com.nxp.mcuxpresso.tools.win32_11.5.0.202107051138/tools/bin/../lib/gcc/arm-none-eabi/10.3.1/../../../../arm-none-eabi/lib/thumb/v8-m.main+fp/hard\libcr_semihost_nf.a(_cr_assert.o)
 .ARM.attributes
                0x0000044e       0x3c c:/nxp/mcuxpressoide_11.5.0_7232/ide/plugins/com.nxp.mcuxpresso.tools.win32_11.5.0.202107051138/tools/bin/../lib/gcc/arm-none-eabi/10.3.1/../../../../arm-none-eabi/lib/thumb/v8-m.main+fp/hard\libcr_semihost_nf.a(__ciob.o)
 .ARM.attributes
                0x0000048a       0x26 c:/nxp/mcuxpressoide_11.5.0_7232/ide/plugins/com.nxp.mcuxpresso.tools.win32_11.5.0.202107051138/tools/bin/../lib/gcc/arm-none-eabi/10.3.1/../../../../arm-none-eabi/lib/thumb/v8-m.main+fp/hard\libcr_semihost_nf.a(__sys_appexit.o)
 .ARM.attributes
                0x000004b0       0x3a c:/nxp/mcuxpressoide_11.5.0_7232/ide/plugins/com.nxp.mcuxpresso.tools.win32_11.5.0.202107051138/tools/bin/../lib/gcc/arm-none-eabi/10.3.1/../../../../arm-none-eabi/lib/thumb/v8-m.main+fp/hard\libcr_c.a(memset.o)
 .ARM.attributes
                0x000004ea       0x3a c:/nxp/mcuxpressoide_11.5.0_7232/ide/plugins/com.nxp.mcuxpresso.tools.win32_11.5.0.202107051138/tools/bin/../lib/gcc/arm-none-eabi/10.3.1/../../../../arm-none-eabi/lib/thumb/v8-m.main+fp/hard\libcr_c.a(_deferredlazyseek.o)
 .ARM.attributes
                0x00000524       0x3a c:/nxp/mcuxpressoide_11.5.0_7232/ide/plugins/com.nxp.mcuxpresso.tools.win32_11.5.0.202107051138/tools/bin/../lib/gcc/arm-none-eabi/10.3.1/../../../../arm-none-eabi/lib/thumb/v8-m.main+fp/hard\libcr_c.a(_fflush.o)
 .ARM.attributes
                0x0000055e       0x3a c:/nxp/mcuxpressoide_11.5.0_7232/ide/plugins/com.nxp.mcuxpresso.tools.win32_11.5.0.202107051138/tools/bin/../lib/gcc/arm-none-eabi/10.3.1/../../../../arm-none-eabi/lib/thumb/v8-m.main+fp/hard\libcr_c.a(_writebuf.o)
 .ARM.attributes
                0x00000598       0x3a c:/nxp/mcuxpressoide_11.5.0_7232/ide/plugins/com.nxp.mcuxpresso.tools.win32_11.5.0.202107051138/tools/bin/../lib/gcc/arm-none-eabi/10.3.1/../../../../arm-none-eabi/lib/thumb/v8-m.main+fp/hard\libcr_c.a(alloc.o)
 .ARM.attributes
                0x000005d2       0x3c c:/nxp/mcuxpressoide_11.5.0_7232/ide/plugins/com.nxp.mcuxpresso.tools.win32_11.5.0.202107051138/tools/bin/../lib/gcc/arm-none-eabi/10.3.1/../../../../arm-none-eabi/lib/thumb/v8-m.main+fp/hard\libcr_c.a(errno.o)
 .ARM.attributes
                0x0000060e       0x3a c:/nxp/mcuxpressoide_11.5.0_7232/ide/plugins/com.nxp.mcuxpresso.tools.win32_11.5.0.202107051138/tools/bin/../lib/gcc/arm-none-eabi/10.3.1/../../../../arm-none-eabi/lib/thumb/v8-m.main+fp/hard\libcr_c.a(fputs.o)
 .ARM.attributes
                0x00000648       0x3a c:/nxp/mcuxpressoide_11.5.0_7232/ide/plugins/com.nxp.mcuxpresso.tools.win32_11.5.0.202107051138/tools/bin/../lib/gcc/arm-none-eabi/10.3.1/../../../../arm-none-eabi/lib/thumb/v8-m.main+fp/hard\libcr_c.a(fseek.o)
 .ARM.attributes
                0x00000682       0x3a c:/nxp/mcuxpressoide_11.5.0_7232/ide/plugins/com.nxp.mcuxpresso.tools.win32_11.5.0.202107051138/tools/bin/../lib/gcc/arm-none-eabi/10.3.1/../../../../arm-none-eabi/lib/thumb/v8-m.main+fp/hard\libcr_c.a(ftell.o)
 .ARM.attributes
                0x000006bc       0x3a c:/nxp/mcuxpressoide_11.5.0_7232/ide/plugins/com.nxp.mcuxpresso.tools.win32_11.5.0.202107051138/tools/bin/../lib/gcc/arm-none-eabi/10.3.1/../../../../arm-none-eabi/lib/thumb/v8-m.main+fp/hard\libcr_c.a(initio.o)
 .ARM.attributes
                0x000006f6       0x3a c:/nxp/mcuxpressoide_11.5.0_7232/ide/plugins/com.nxp.mcuxpresso.tools.win32_11.5.0.202107051138/tools/bin/../lib/gcc/arm-none-eabi/10.3.1/../../../../arm-none-eabi/lib/thumb/v8-m.main+fp/hard\libcr_c.a(printf.o)
 .ARM.attributes
                0x00000730       0x3a c:/nxp/mcuxpressoide_11.5.0_7232/ide/plugins/com.nxp.mcuxpresso.tools.win32_11.5.0.202107051138/tools/bin/../lib/gcc/arm-none-eabi/10.3.1/../../../../arm-none-eabi/lib/thumb/v8-m.main+fp/hard\libcr_c.a(setvbuf.o)
 .ARM.attributes
                0x0000076a       0x3a c:/nxp/mcuxpressoide_11.5.0_7232/ide/plugins/com.nxp.mcuxpresso.tools.win32_11.5.0.202107051138/tools/bin/../lib/gcc/arm-none-eabi/10.3.1/../../../../arm-none-eabi/lib/thumb/v8-m.main+fp/hard\libcr_c.a(strlen.o)
 .ARM.attributes
                0x000007a4       0x3a c:/nxp/mcuxpressoide_11.5.0_7232/ide/plugins/com.nxp.mcuxpresso.tools.win32_11.5.0.202107051138/tools/bin/../lib/gcc/arm-none-eabi/10.3.1/../../../../arm-none-eabi/lib/thumb/v8-m.main+fp/hard\libcr_c.a(__init_alloc.o)
 .ARM.attributes
                0x000007de       0x3a c:/nxp/mcuxpressoide_11.5.0_7232/ide/plugins/com.nxp.mcuxpresso.tools.win32_11.5.0.202107051138/tools/bin/../lib/gcc/arm-none-eabi/10.3.1/../../../../arm-none-eabi/lib/thumb/v8-m.main+fp/hard\libcr_c.a(_cr_sbrk.o)
 .ARM.attributes
                0x00000818       0x3a c:/nxp/mcuxpressoide_11.5.0_7232/ide/plugins/com.nxp.mcuxpresso.tools.win32_11.5.0.202107051138/tools/bin/../lib/gcc/arm-none-eabi/10.3.1/../../../../arm-none-eabi/lib/thumb/v8-m.main+fp/hard\libcr_c.a(_fdopen.o)
 .ARM.attributes
                0x00000852       0x3a c:/nxp/mcuxpressoide_11.5.0_7232/ide/plugins/com.nxp.mcuxpresso.tools.win32_11.5.0.202107051138/tools/bin/../lib/gcc/arm-none-eabi/10.3.1/../../../../arm-none-eabi/lib/thumb/v8-m.main+fp/hard\libcr_c.a(fclose.o)
 .ARM.attributes
                0x0000088c       0x3a c:/nxp/mcuxpressoide_11.5.0_7232/ide/plugins/com.nxp.mcuxpresso.tools.win32_11.5.0.202107051138/tools/bin/../lib/gcc/arm-none-eabi/10.3.1/../../../../arm-none-eabi/lib/thumb/v8-m.main+fp/hard\libcr_c.a(fflush.o)
 .ARM.attributes
                0x000008c6       0x3a c:/nxp/mcuxpressoide_11.5.0_7232/ide/plugins/com.nxp.mcuxpresso.tools.win32_11.5.0.202107051138/tools/bin/../lib/gcc/arm-none-eabi/10.3.1/../../../../arm-none-eabi/lib/thumb/v8-m.main+fp/hard\libcr_c.a(remove.o)
 .ARM.attributes
                0x00000900       0x3a c:/nxp/mcuxpressoide_11.5.0_7232/ide/plugins/com.nxp.mcuxpresso.tools.win32_11.5.0.202107051138/tools/bin/../lib/gcc/arm-none-eabi/10.3.1/../../../../arm-none-eabi/lib/thumb/v8-m.main+fp/hard\libcr_c.a(_cr_check_heap.o)
 .ARM.attributes
                0x0000093a       0x3a c:/nxp/mcuxpressoide_11.5.0_7232/ide/plugins/com.nxp.mcuxpresso.tools.win32_11.5.0.202107051138/tools/bin/../lib/gcc/arm-none-eabi/10.3.1/../../../../arm-none-eabi/lib/thumb/v8-m.main+fp/hard\libcr_c.a(_do_fflush.o)
 .ARM.attributes
                0x00000974       0x26 c:/nxp/mcuxpressoide_11.5.0_7232/ide/plugins/com.nxp.mcuxpresso.tools.win32_11.5.0.202107051138/tools/bin/../lib/gcc/arm-none-eabi/10.3.1/thumb/v8-m.main+fp/hard\libcr_eabihelpers.a(division_64.o)
 .ARM.attributes
                0x0000099a       0x26 c:/nxp/mcuxpressoide_11.5.0_7232/ide/plugins/com.nxp.mcuxpresso.tools.win32_11.5.0.202107051138/tools/bin/../lib/gcc/arm-none-eabi/10.3.1/thumb/v8-m.main+fp/hard\libcr_eabihelpers.a(division_idiv0.o)
 .ARM.attributes
                0x000009c0       0x26 c:/nxp/mcuxpressoide_11.5.0_7232/ide/plugins/com.nxp.mcuxpresso.tools.win32_11.5.0.202107051138/tools/bin/../lib/gcc/arm-none-eabi/10.3.1/thumb/v8-m.main+fp/hard\libcr_eabihelpers.a(memcpy.o)
 .ARM.attributes
                0x000009e6       0x26 c:/nxp/mcuxpressoide_11.5.0_7232/ide/plugins/com.nxp.mcuxpresso.tools.win32_11.5.0.202107051138/tools/bin/../lib/gcc/arm-none-eabi/10.3.1/../../../../arm-none-eabi/lib/thumb/v8-m.main+fp/hard\libcr_semihost_nf.a(__sys_close.o)
 .ARM.attributes
                0x00000a0c       0x26 c:/nxp/mcuxpressoide_11.5.0_7232/ide/plugins/com.nxp.mcuxpresso.tools.win32_11.5.0.202107051138/tools/bin/../lib/gcc/arm-none-eabi/10.3.1/../../../../arm-none-eabi/lib/thumb/v8-m.main+fp/hard\libcr_semihost_nf.a(__sys_flen.o)
 .ARM.attributes
                0x00000a32       0x26 c:/nxp/mcuxpressoide_11.5.0_7232/ide/plugins/com.nxp.mcuxpresso.tools.win32_11.5.0.202107051138/tools/bin/../lib/gcc/arm-none-eabi/10.3.1/../../../../arm-none-eabi/lib/thumb/v8-m.main+fp/hard\libcr_semihost_nf.a(__sys_istty.o)
 .ARM.attributes
                0x00000a58       0x26 c:/nxp/mcuxpressoide_11.5.0_7232/ide/plugins/com.nxp.mcuxpresso.tools.win32_11.5.0.202107051138/tools/bin/../lib/gcc/arm-none-eabi/10.3.1/../../../../arm-none-eabi/lib/thumb/v8-m.main+fp/hard\libcr_semihost_nf.a(__sys_remove.o)
 .ARM.attributes
                0x00000a7e       0x26 c:/nxp/mcuxpressoide_11.5.0_7232/ide/plugins/com.nxp.mcuxpresso.tools.win32_11.5.0.202107051138/tools/bin/../lib/gcc/arm-none-eabi/10.3.1/../../../../arm-none-eabi/lib/thumb/v8-m.main+fp/hard\libcr_semihost_nf.a(__sys_seek.o)
 .ARM.attributes
                0x00000aa4       0x26 c:/nxp/mcuxpressoide_11.5.0_7232/ide/plugins/com.nxp.mcuxpresso.tools.win32_11.5.0.202107051138/tools/bin/../lib/gcc/arm-none-eabi/10.3.1/../../../../arm-none-eabi/lib/thumb/v8-m.main+fp/hard\libcr_semihost_nf.a(__sys_tmpnam.o)
 .ARM.attributes
                0x00000aca       0x26 c:/nxp/mcuxpressoide_11.5.0_7232/ide/plugins/com.nxp.mcuxpresso.tools.win32_11.5.0.202107051138/tools/bin/../lib/gcc/arm-none-eabi/10.3.1/../../../../arm-none-eabi/lib/thumb/v8-m.main+fp/hard\libcr_semihost_nf.a(__sys_write.o)

.debug_frame    0x00000000     0x2a20
 .debug_frame   0x00000000      0x69c ./startup/startup_lpc55s69_cm33_core0.o
 .debug_frame   0x0000069c       0x4c ./source/LPC55S69_Project_SCT_ADC_DMA.o
 .debug_frame   0x000006e8       0x20 ./source/semihost_hardfault.o
 .debug_frame   0x00000708      0x9a0 ./drivers/fsl_clock.o
 .debug_frame   0x000010a8       0x64 ./drivers/fsl_common_arm.o
 .debug_frame   0x0000110c      0x530 ./drivers/fsl_dma.o
 .debug_frame   0x0000163c      0x234 ./drivers/fsl_flexcomm.o
 .debug_frame   0x00001870       0xa4 ./drivers/fsl_gpio.o
 .debug_frame   0x00001914      0x2dc ./drivers/fsl_lpadc.o
 .debug_frame   0x00001bf0      0x380 ./drivers/fsl_power.o
 .debug_frame   0x00001f70       0x7c ./drivers/fsl_reset.o
 .debug_frame   0x00001fec      0x35c ./drivers/fsl_sctimer.o
 .debug_frame   0x00002348      0x210 ./device/system_LPC55S69_cm33_core0.o
 .debug_frame   0x00002558       0x80 ./board/board.o
 .debug_frame   0x000025d8       0xf8 ./board/clock_config.o
 .debug_frame   0x000026d0      0x170 ./board/peripherals.o
 .debug_frame   0x00002840      0x1e0 ./board/pin_mux.o

Cross Reference Table

Symbol                                            File
ACMP_DriverIRQHandler                             ./startup/startup_lpc55s69_cm33_core0.o
ACMP_IRQHandler                                   ./startup/startup_lpc55s69_cm33_core0.o
ADC0_DriverIRQHandler                             ./startup/startup_lpc55s69_cm33_core0.o
ADC0_IRQHANDLER                                   ./source/LPC55S69_Project_SCT_ADC_DMA.o
ADC0_IRQHandler                                   ./startup/startup_lpc55s69_cm33_core0.o
ADC0_commandsConfig                               ./board/peripherals.o
ADC0_config                                       ./board/peripherals.o
ADC0_triggersConfig                               ./board/peripherals.o
BOARD_BootClockFRO12M                             ./board/clock_config.o
BOARD_BootClockFROHF96M                           ./board/clock_config.o
BOARD_BootClockPLL100M                            ./board/clock_config.o
BOARD_BootClockPLL150M                            ./board/clock_config.o
BOARD_BootClockPLL1_150M                          ./board/clock_config.o
BOARD_InitACCELPins                               ./board/pin_mux.o
BOARD_InitADC                                     ./board/pin_mux.o
BOARD_InitBUTTONsPins                             ./board/pin_mux.o
BOARD_InitBootClocks                              ./board/clock_config.o
                                                  ./source/LPC55S69_Project_SCT_ADC_DMA.o
BOARD_InitBootPeripherals                         ./board/peripherals.o
                                                  ./source/LPC55S69_Project_SCT_ADC_DMA.o
BOARD_InitBootPins                                ./board/pin_mux.o
                                                  ./source/LPC55S69_Project_SCT_ADC_DMA.o
BOARD_InitDEBUG_UARTPins                          ./board/pin_mux.o
BOARD_InitDebugConsole                            ./board/board.o
                                                  ./source/LPC55S69_Project_SCT_ADC_DMA.o
BOARD_InitDebugConsole_Core1                      ./board/board.o
BOARD_InitI2SPins                                 ./board/pin_mux.o
BOARD_InitLEDsPins                                ./board/pin_mux.o
BOARD_InitPeripherals_cm33_core0                  ./board/peripherals.o
BOARD_InitSCT                                     ./board/pin_mux.o
BOARD_InitSWD_DEBUGPins                           ./board/pin_mux.o